86.182.52.216 - - [15/Jan/2016:11:39:05 +0000] "GET /currcam_small.jpg?1452857653 HTTP/1.0" 200 4126 "http://nw3weather.co.uk/" "Mozilla/5.0 (Windows NT 6.1; WOW64) AppleWebKit/537.36 (KHTML, like Gecko) Chrome/47.0.2526.106 Safari/537.36"
66.249.66.191 - - [15/Jan/2016:11:39:11 +0000] "GET /RankDay.php?vartype=fmin&month=0&rankLimit=5 HTTP/1.1" 200 14805 "-" "Mozilla/5.0 (compatible; Googlebot/2.1; +http://www.google.com/bot.html)"
54.191.43.92 - - [15/Jan/2016:11:39:15 +0000] "GET /currcam.jpg?t=1452857955 HTTP/1.1" 200 25930 "-" "WU-webcamURLingest 1.0"
37.205.63.195 - - [15/Jan/2016:11:39:28 +0000] "GET /currcam.jpg?83736662126593821 HTTP/1.1" 200 25930 "-" "Mozilla/5.0 (Macintosh; Intel Mac OS X 10_9_5) AppleWebKit/537.36 (KHTML, like Gecko) Chrome/47.0.2526.111 Safari/537.36"
188.39.39.50 - - [15/Jan/2016:11:39:45 +0000] "GET /currcam_small.jpg?1452848472 HTTP/1.1" 200 4126 "http://nw3weather.co.uk/" "Mozilla/5.0 (Windows NT 6.1; WOW64; rv:43.0) Gecko/20100101 Firefox/43.0"
192.36.190.2 - - [15/Jan/2016:11:39:53 +0000] "GET /currcam_small.jpg?1452857953 HTTP/1.1" 200 4126 "http://nw3weather.co.uk/" "Mozilla/5.0 (Windows NT 6.1; Win64; x64) AppleWebKit/537.36 (KHTML, like Gecko) Chrome/47.0.2526.111 Safari/537.36"
82.94.176.141 - - [15/Jan/2016:11:39:54 +0000] "GET /wxhistday.php?year=2012&month=12&day=11 HTTP/1.0" 301 279 "http://www.nw3weather.co.uk/wxhistday.php?year=2012&month=12&day=12" "Mozilla/4.0 (compatible;  Vagabondo/4.0; webcrawler at wise-guys dot nl; http://webagent.wise-guys.nl/; http://www.wise-guys.nl/)"
188.222.242.255 - - [15/Jan/2016:11:39:56 +0000] "GET /mainGraph1.png?reqid=130120162259&currid=1452740411 HTTP/1.1" 200 6041 "http://nw3weather.co.uk/" "Mozilla/5.0 (Windows NT 6.1; WOW64; rv:43.0) Gecko/20100101 Firefox/43.0"
188.222.242.255 - - [15/Jan/2016:11:39:56 +0000] "GET /mainGraph2.png?reqid=130120162259&currid=1452740411 HTTP/1.1" 200 9380 "http://nw3weather.co.uk/" "Mozilla/5.0 (Windows NT 6.1; WOW64; rv:43.0) Gecko/20100101 Firefox/43.0"
188.222.242.255 - - [15/Jan/2016:11:40:00 +0000] "GET /currcam_small.jpg?1452740415 HTTP/1.1" 200 4126 "http://nw3weather.co.uk/" "Mozilla/5.0 (Windows NT 6.1; WOW64; rv:43.0) Gecko/20100101 Firefox/43.0"
86.182.52.216 - - [15/Jan/2016:11:40:04 +0000] "GET /mainGraph1.png?reqid=150120160438&currid=1452857711 HTTP/1.0" 200 6041 "http://nw3weather.co.uk/" "Mozilla/5.0 (Windows NT 6.1; WOW64) AppleWebKit/537.36 (KHTML, like Gecko) Chrome/47.0.2526.106 Safari/537.36"
86.182.52.216 - - [15/Jan/2016:11:40:04 +0000] "GET /mainGraph2.png?reqid=150120160438&currid=1452857711 HTTP/1.0" 200 9380 "http://nw3weather.co.uk/" "Mozilla/5.0 (Windows NT 6.1; WOW64) AppleWebKit/537.36 (KHTML, like Gecko) Chrome/47.0.2526.106 Safari/537.36"
86.182.52.216 - - [15/Jan/2016:11:40:05 +0000] "GET /currcam_small.jpg?1452857712 HTTP/1.0" 200 4173 "http://nw3weather.co.uk/" "Mozilla/5.0 (Windows NT 6.1; WOW64) AppleWebKit/537.36 (KHTML, like Gecko) Chrome/47.0.2526.106 Safari/537.36"
157.55.39.210 - - [15/Jan/2016:11:40:06 +0000] "GET /rankday.php HTTP/1.1" 404 7541 "-" "Mozilla/5.0 (iPhone; CPU iPhone OS 7_0 like Mac OS X) AppleWebKit/537.51.1 (KHTML, like Gecko) Version/7.0 Mobile/11A465 Safari/9537.53 (compatible; bingbot/2.0;  http://www.bing.com/bingbot.htm)"
77.101.52.56 - - [15/Jan/2016:11:40:07 +0000] "GET /currcam.jpg HTTP/1.1" 200 26076 "http://www.rochester-airport.co.uk/webcams.htm" "Mozilla/5.0 (Windows NT 5.2; WOW64) AppleWebKit/537.36 (KHTML, like Gecko) Chrome/47.0.2526.106 Safari/537.36"
136.243.154.158 - - [15/Jan/2016:11:40:23 +0000] "GET /oldSites/sitev2/album6m.php?view=Strip&img=6 HTTP/1.1" 200 11713 "-" "Mozilla/5.0 (compatible; AhrefsBot/5.0; +http://ahrefs.com/robot/)"
37.205.63.195 - - [15/Jan/2016:11:40:43 +0000] "GET /currcam.jpg?83736130180593821 HTTP/1.1" 200 26076 "-" "Mozilla/5.0 (Macintosh; Intel Mac OS X 10_9_5) AppleWebKit/537.36 (KHTML, like Gecko) Chrome/47.0.2526.111 Safari/537.36"
192.36.190.2 - - [15/Jan/2016:11:40:50 +0000] "GET /mainGraph1.png?reqid=150120160830&currid=1452858011 HTTP/1.1" 200 5883 "http://nw3weather.co.uk/" "Mozilla/5.0 (Windows NT 6.1; Win64; x64) AppleWebKit/537.36 (KHTML, like Gecko) Chrome/47.0.2526.111 Safari/537.36"
192.36.190.2 - - [15/Jan/2016:11:40:50 +0000] "GET /mainGraph2.png?reqid=150120160830&currid=1452858011 HTTP/1.1" 200 9412 "http://nw3weather.co.uk/" "Mozilla/5.0 (Windows NT 6.1; Win64; x64) AppleWebKit/537.36 (KHTML, like Gecko) Chrome/47.0.2526.111 Safari/537.36"
192.36.190.2 - - [15/Jan/2016:11:40:53 +0000] "GET /currcam_small.jpg?1452858013 HTTP/1.1" 200 4173 "http://nw3weather.co.uk/" "Mozilla/5.0 (Windows NT 6.1; Win64; x64) AppleWebKit/537.36 (KHTML, like Gecko) Chrome/47.0.2526.111 Safari/537.36"
188.39.39.50 - - [15/Jan/2016:11:40:57 +0000] "GET /currcam_small.jpg?1452848531 HTTP/1.1" 200 4173 "http://nw3weather.co.uk/" "Mozilla/5.0 (Windows NT 6.1; WOW64; rv:43.0) Gecko/20100101 Firefox/43.0"
188.222.242.255 - - [15/Jan/2016:11:41:00 +0000] "GET /currcam_small.jpg?1452740475 HTTP/1.1" 200 4173 "http://nw3weather.co.uk/" "Mozilla/5.0 (Windows NT 6.1; WOW64; rv:43.0) Gecko/20100101 Firefox/43.0"
86.182.52.216 - - [15/Jan/2016:11:41:05 +0000] "GET /currcam_small.jpg?1452857772 HTTP/1.0" 200 4094 "http://nw3weather.co.uk/" "Mozilla/5.0 (Windows NT 6.1; WOW64) AppleWebKit/537.36 (KHTML, like Gecko) Chrome/47.0.2526.106 Safari/537.36"
54.191.43.92 - - [15/Jan/2016:11:41:10 +0000] "GET /currcam.jpg?t=1452858069 HTTP/1.1" 200 25706 "-" "WU-webcamURLingest 1.0"
82.94.176.141 - - [15/Jan/2016:11:41:20 +0000] "GET /wxhistday.php?year=2012&month=10&day=11 HTTP/1.0" 301 279 "http://www.nw3weather.co.uk/wxhistday.php?year=2012&month=10&day=12" "Mozilla/4.0 (compatible;  Vagabondo/4.0; webcrawler at wise-guys dot nl; http://webagent.wise-guys.nl/; http://www.wise-guys.nl/)"
192.36.190.2 - - [15/Jan/2016:11:41:53 +0000] "GET /currcam_small.jpg?1452858073 HTTP/1.1" 200 4094 "http://nw3weather.co.uk/" "Mozilla/5.0 (Windows NT 6.1; Win64; x64) AppleWebKit/537.36 (KHTML, like Gecko) Chrome/47.0.2526.111 Safari/537.36"
37.205.63.195 - - [15/Jan/2016:11:41:58 +0000] "GET /currcam.jpg?83736196474593821 HTTP/1.1" 200 25706 "-" "Mozilla/5.0 (Macintosh; Intel Mac OS X 10_9_5) AppleWebKit/537.36 (KHTML, like Gecko) Chrome/47.0.2526.111 Safari/537.36"
188.222.242.255 - - [15/Jan/2016:11:42:00 +0000] "GET /currcam_small.jpg?1452740534 HTTP/1.1" 200 4094 "http://nw3weather.co.uk/" "Mozilla/5.0 (Windows NT 6.1; WOW64; rv:43.0) Gecko/20100101 Firefox/43.0"
86.182.52.216 - - [15/Jan/2016:11:42:05 +0000] "GET /currcam_small.jpg?1452857832 HTTP/1.0" 200 4123 "http://nw3weather.co.uk/" "Mozilla/5.0 (Windows NT 6.1; WOW64) AppleWebKit/537.36 (KHTML, like Gecko) Chrome/47.0.2526.106 Safari/537.36"
188.39.39.50 - - [15/Jan/2016:11:42:09 +0000] "GET /currcam_small.jpg?1452848591 HTTP/1.1" 200 4123 "http://nw3weather.co.uk/" "Mozilla/5.0 (Windows NT 6.1; WOW64; rv:43.0) Gecko/20100101 Firefox/43.0"
77.101.52.56 - - [15/Jan/2016:11:42:13 +0000] "GET /currcam.jpg HTTP/1.1" 200 25964 "http://www.rochester-airport.co.uk/webcams.htm" "Mozilla/5.0 (Windows NT 5.2; WOW64) AppleWebKit/537.36 (KHTML, like Gecko) Chrome/47.0.2526.106 Safari/537.36"
188.39.39.50 - - [15/Jan/2016:11:42:14 +0000] "GET /currcam_small.jpg?1452848595 HTTP/1.1" 200 4123 "http://nw3weather.co.uk/" "Mozilla/5.0 (Windows NT 6.1; WOW64; rv:43.0) Gecko/20100101 Firefox/43.0"
82.94.176.141 - - [15/Jan/2016:11:42:44 +0000] "GET /wxhistday.php?year=2012&month=12&day=13 HTTP/1.0" 301 279 "http://www.nw3weather.co.uk/wxhistday.php?year=2012&month=12&day=12" "Mozilla/4.0 (compatible;  Vagabondo/4.0; webcrawler at wise-guys dot nl; http://webagent.wise-guys.nl/; http://www.wise-guys.nl/)"
192.36.190.2 - - [15/Jan/2016:11:42:53 +0000] "GET /currcam_small.jpg?1452858133 HTTP/1.1" 200 4123 "http://nw3weather.co.uk/" "Mozilla/5.0 (Windows NT 6.1; Win64; x64) AppleWebKit/537.36 (KHTML, like Gecko) Chrome/47.0.2526.111 Safari/537.36"
188.222.242.255 - - [15/Jan/2016:11:43:00 +0000] "GET /currcam_small.jpg?1452740593 HTTP/1.1" 200 4123 "http://nw3weather.co.uk/" "Mozilla/5.0 (Windows NT 6.1; WOW64; rv:43.0) Gecko/20100101 Firefox/43.0"
86.182.52.216 - - [15/Jan/2016:11:43:05 +0000] "GET /currcam_small.jpg?1452857892 HTTP/1.0" 200 4095 "http://nw3weather.co.uk/" "Mozilla/5.0 (Windows NT 6.1; WOW64) AppleWebKit/537.36 (KHTML, like Gecko) Chrome/47.0.2526.106 Safari/537.36"
5.148.169.36 - - [15/Jan/2016:11:43:07 +0000] "GET /currcam.jpg HTTP/1.1" 200 25963 "-" "webcam-4insiders.com Picture Fetcher"
54.191.43.92 - - [15/Jan/2016:11:43:12 +0000] "GET /currcam.jpg?t=1452858192 HTTP/1.1" 200 25963 "-" "WU-webcamURLingest 1.0"
37.205.63.195 - - [15/Jan/2016:11:43:13 +0000] "GET /currcam.jpg?83736429012593821 HTTP/1.1" 200 25963 "-" "Mozilla/5.0 (Macintosh; Intel Mac OS X 10_9_5) AppleWebKit/537.36 (KHTML, like Gecko) Chrome/47.0.2526.111 Safari/537.36"
188.39.39.50 - - [15/Jan/2016:11:43:20 +0000] "GET /currcam_small.jpg?1452848651 HTTP/1.1" 200 4095 "http://nw3weather.co.uk/" "Mozilla/5.0 (Windows NT 6.1; WOW64; rv:43.0) Gecko/20100101 Firefox/43.0"
188.39.39.50 - - [15/Jan/2016:11:43:25 +0000] "GET /currcam_small.jpg?1452848655 HTTP/1.1" 200 4095 "http://nw3weather.co.uk/" "Mozilla/5.0 (Windows NT 6.1; WOW64; rv:43.0) Gecko/20100101 Firefox/43.0"
66.249.66.191 - - [15/Jan/2016:11:43:26 +0000] "GET /wx2.php HTTP/1.1" 200 12176 "-" "Mozilla/5.0 (compatible; Googlebot/2.1; +http://www.google.com/bot.html)"
192.36.190.2 - - [15/Jan/2016:11:43:53 +0000] "GET /currcam_small.jpg?1452858192 HTTP/1.1" 200 4095 "http://nw3weather.co.uk/" "Mozilla/5.0 (Windows NT 6.1; Win64; x64) AppleWebKit/537.36 (KHTML, like Gecko) Chrome/47.0.2526.111 Safari/537.36"
188.222.242.255 - - [15/Jan/2016:11:44:00 +0000] "GET /currcam_small.jpg?1452740652 HTTP/1.1" 200 4095 "http://nw3weather.co.uk/" "Mozilla/5.0 (Windows NT 6.1; WOW64; rv:43.0) Gecko/20100101 Firefox/43.0"
86.182.52.216 - - [15/Jan/2016:11:44:05 +0000] "GET /currcam_small.jpg?1452857952 HTTP/1.0" 200 4121 "http://nw3weather.co.uk/" "Mozilla/5.0 (Windows NT 6.1; WOW64) AppleWebKit/537.36 (KHTML, like Gecko) Chrome/47.0.2526.106 Safari/537.36"
82.94.176.141 - - [15/Jan/2016:11:44:08 +0000] "GET /wxhistday.php?year=2013&month=3&day=11 HTTP/1.0" 301 278 "http://www.nw3weather.co.uk/wxhistday.php?year=2013&month=3&day=12" "Mozilla/4.0 (compatible;  Vagabondo/4.0; webcrawler at wise-guys dot nl; http://webagent.wise-guys.nl/; http://www.wise-guys.nl/)"
37.205.63.195 - - [15/Jan/2016:11:44:29 +0000] "GET /currcam.jpg?83736939453593821 HTTP/1.1" 200 25983 "-" "Mozilla/5.0 (Macintosh; Intel Mac OS X 10_9_5) AppleWebKit/537.36 (KHTML, like Gecko) Chrome/47.0.2526.111 Safari/537.36"
188.39.39.50 - - [15/Jan/2016:11:44:31 +0000] "GET /mainGraph2.png?reqid=140120161612&currid=1452848711 HTTP/1.1" 200 9412 "http://nw3weather.co.uk/" "Mozilla/5.0 (Windows NT 6.1; WOW64; rv:43.0) Gecko/20100101 Firefox/43.0"
188.39.39.50 - - [15/Jan/2016:11:44:31 +0000] "GET /mainGraph1.png?reqid=140120161612&currid=1452848711 HTTP/1.1" 200 5883 "http://nw3weather.co.uk/" "Mozilla/5.0 (Windows NT 6.1; WOW64; rv:43.0) Gecko/20100101 Firefox/43.0"
188.39.39.50 - - [15/Jan/2016:11:44:32 +0000] "GET /currcam_small.jpg?1452848711 HTTP/1.1" 200 4121 "http://nw3weather.co.uk/" "Mozilla/5.0 (Windows NT 6.1; WOW64; rv:43.0) Gecko/20100101 Firefox/43.0"
192.36.190.2 - - [15/Jan/2016:11:44:53 +0000] "GET /currcam_small.jpg?1452858252 HTTP/1.1" 200 4121 "http://nw3weather.co.uk/" "Mozilla/5.0 (Windows NT 6.1; Win64; x64) AppleWebKit/537.36 (KHTML, like Gecko) Chrome/47.0.2526.111 Safari/537.36"
77.101.52.56 - - [15/Jan/2016:11:44:57 +0000] "GET /currcam.jpg HTTP/1.1" 200 25983 "http://www.rochester-airport.co.uk/webcams.htm" "Mozilla/5.0 (Windows NT 5.2; WOW64) AppleWebKit/537.36 (KHTML, like Gecko) Chrome/47.0.2526.106 Safari/537.36"
188.222.242.255 - - [15/Jan/2016:11:45:02 +0000] "GET /mainGraph1.png?reqid=130120162259&currid=1452740711 HTTP/1.1" 200 5883 "http://nw3weather.co.uk/" "Mozilla/5.0 (Windows NT 6.1; WOW64; rv:43.0) Gecko/20100101 Firefox/43.0"
188.222.242.255 - - [15/Jan/2016:11:45:02 +0000] "GET /mainGraph2.png?reqid=130120162259&currid=1452740711 HTTP/1.1" 200 9412 "http://nw3weather.co.uk/" "Mozilla/5.0 (Windows NT 6.1; WOW64; rv:43.0) Gecko/20100101 Firefox/43.0"
86.182.52.216 - - [15/Jan/2016:11:45:04 +0000] "GET /mainGraph2.png?reqid=150120160438&currid=1452858011 HTTP/1.0" 200 9412 "http://nw3weather.co.uk/" "Mozilla/5.0 (Windows NT 6.1; WOW64) AppleWebKit/537.36 (KHTML, like Gecko) Chrome/47.0.2526.106 Safari/537.36"
86.182.52.216 - - [15/Jan/2016:11:45:04 +0000] "GET /mainGraph1.png?reqid=150120160438&currid=1452858011 HTTP/1.0" 200 5883 "http://nw3weather.co.uk/" "Mozilla/5.0 (Windows NT 6.1; WOW64) AppleWebKit/537.36 (KHTML, like Gecko) Chrome/47.0.2526.106 Safari/537.36"
86.182.52.216 - - [15/Jan/2016:11:45:05 +0000] "GET /currcam_small.jpg?1452858012 HTTP/1.0" 200 4131 "http://nw3weather.co.uk/" "Mozilla/5.0 (Windows NT 6.1; WOW64) AppleWebKit/537.36 (KHTML, like Gecko) Chrome/47.0.2526.106 Safari/537.36"
188.222.242.255 - - [15/Jan/2016:11:45:05 +0000] "GET /currcam_small.jpg?1452740715 HTTP/1.1" 200 4131 "http://nw3weather.co.uk/" "Mozilla/5.0 (Windows NT 6.1; WOW64; rv:43.0) Gecko/20100101 Firefox/43.0"
82.94.176.141 - - [15/Jan/2016:11:45:32 +0000] "GET /wxhistday.php?year=2013&month=4&day=13 HTTP/1.0" 301 278 "http://www.nw3weather.co.uk/wxhistday.php?year=2013&month=4&day=14" "Mozilla/4.0 (compatible;  Vagabondo/4.0; webcrawler at wise-guys dot nl; http://webagent.wise-guys.nl/; http://www.wise-guys.nl/)"
188.39.39.50 - - [15/Jan/2016:11:45:43 +0000] "GET /currcam_small.jpg?1452848772 HTTP/1.1" 200 4131 "http://nw3weather.co.uk/" "Mozilla/5.0 (Windows NT 6.1; WOW64; rv:43.0) Gecko/20100101 Firefox/43.0"
37.205.63.195 - - [15/Jan/2016:11:45:43 +0000] "GET /currcam.jpg?83736457856593821 HTTP/1.1" 200 26075 "-" "Mozilla/5.0 (Macintosh; Intel Mac OS X 10_9_5) AppleWebKit/537.36 (KHTML, like Gecko) Chrome/47.0.2526.111 Safari/537.36"
192.36.190.2 - - [15/Jan/2016:11:45:51 +0000] "GET /mainGraph1.png?reqid=150120160830&currid=1452858311 HTTP/1.1" 200 5671 "http://nw3weather.co.uk/" "Mozilla/5.0 (Windows NT 6.1; Win64; x64) AppleWebKit/537.36 (KHTML, like Gecko) Chrome/47.0.2526.111 Safari/537.36"
192.36.190.2 - - [15/Jan/2016:11:45:51 +0000] "GET /mainGraph2.png?reqid=150120160830&currid=1452858311 HTTP/1.1" 200 9507 "http://nw3weather.co.uk/" "Mozilla/5.0 (Windows NT 6.1; Win64; x64) AppleWebKit/537.36 (KHTML, like Gecko) Chrome/47.0.2526.111 Safari/537.36"
192.36.190.2 - - [15/Jan/2016:11:45:53 +0000] "GET /currcam_small.jpg?1452858312 HTTP/1.1" 200 4131 "http://nw3weather.co.uk/" "Mozilla/5.0 (Windows NT 6.1; Win64; x64) AppleWebKit/537.36 (KHTML, like Gecko) Chrome/47.0.2526.111 Safari/537.36"
86.182.52.216 - - [15/Jan/2016:11:46:05 +0000] "GET /currcam_small.jpg?1452858072 HTTP/1.0" 200 4130 "http://nw3weather.co.uk/" "Mozilla/5.0 (Windows NT 6.1; WOW64) AppleWebKit/537.36 (KHTML, like Gecko) Chrome/47.0.2526.106 Safari/537.36"
188.222.242.255 - - [15/Jan/2016:11:46:05 +0000] "GET /currcam_small.jpg?1452740774 HTTP/1.1" 200 4130 "http://nw3weather.co.uk/" "Mozilla/5.0 (Windows NT 6.1; WOW64; rv:43.0) Gecko/20100101 Firefox/43.0"
38.102.136.219 - - [15/Jan/2016:11:46:35 +0000] "GET /currcam.jpg?t=1452858384 HTTP/1.1" 200 26086 "-" "WU-webcamURLingest 1.0"
86.182.52.216 - - [15/Jan/2016:11:46:38 +0000] "GET /ajax/wx-body.php?_=1452858399988 HTTP/1.0" 200 4390 "http://nw3weather.co.uk/" "Mozilla/5.0 (Windows NT 6.1; WOW64) AppleWebKit/537.36 (KHTML, like Gecko) Chrome/47.0.2526.106 Safari/537.36"
86.182.52.216 - - [15/Jan/2016:11:46:50 +0000] "GET /ajax/wx-body.php?_=1452858411937 HTTP/1.0" 200 4391 "http://nw3weather.co.uk/" "Mozilla/5.0 (Windows NT 6.1; WOW64) AppleWebKit/537.36 (KHTML, like Gecko) Chrome/47.0.2526.106 Safari/537.36"
192.36.190.2 - - [15/Jan/2016:11:46:53 +0000] "GET /currcam_small.jpg?1452858372 HTTP/1.1" 200 4130 "http://nw3weather.co.uk/" "Mozilla/5.0 (Windows NT 6.1; Win64; x64) AppleWebKit/537.36 (KHTML, like Gecko) Chrome/47.0.2526.111 Safari/537.36"
188.39.39.50 - - [15/Jan/2016:11:46:55 +0000] "GET /currcam_small.jpg?1452848832 HTTP/1.1" 200 4130 "http://nw3weather.co.uk/" "Mozilla/5.0 (Windows NT 6.1; WOW64; rv:43.0) Gecko/20100101 Firefox/43.0"
82.94.176.141 - - [15/Jan/2016:11:46:56 +0000] "GET /wxhistday.php?year=2013&month=2&day=13 HTTP/1.0" 301 278 "http://www.nw3weather.co.uk/wxhistday.php?year=2013&month=2&day=12" "Mozilla/4.0 (compatible;  Vagabondo/4.0; webcrawler at wise-guys dot nl; http://webagent.wise-guys.nl/; http://www.wise-guys.nl/)"
37.205.63.195 - - [15/Jan/2016:11:46:58 +0000] "GET /currcam.jpg?83736388155593821 HTTP/1.1" 200 26086 "-" "Mozilla/5.0 (Macintosh; Intel Mac OS X 10_9_5) AppleWebKit/537.36 (KHTML, like Gecko) Chrome/47.0.2526.111 Safari/537.36"
5.150.96.56 - - [15/Jan/2016:11:46:59 +0000] "GET /img33_Beaufort_NOAA.gif HTTP/1.1" 200 19854 "-" "Mozilla/5.0 (Windows NT 6.1; Trident/7.0; rv:11.0) like Gecko"
2.24.172.89 - - [15/Jan/2016:11:47:04 +0000] "GET /img33_Beaufort_NOAA.gif HTTP/1.1" 200 19854 "http://www.bing.com/images/search?q=beaufort+scale&view=detailv2&&id=0&selectedIndex=0&thid=Ad829ecb97734332529cbc8a0ad1594be&stid=8f4eeb10-f5d3-39f7-9679-7a203c6e6f9d&cbn=EntityAnswer" "Mozilla/5.0 (Windows NT 6.3; WOW64; Trident/7.0; rv:11.0) like Gecko"
86.182.52.216 - - [15/Jan/2016:11:47:05 +0000] "GET /currcam_small.jpg?1452858131 HTTP/1.0" 200 4126 "http://nw3weather.co.uk/" "Mozilla/5.0 (Windows NT 6.1; WOW64) AppleWebKit/537.36 (KHTML, like Gecko) Chrome/47.0.2526.106 Safari/537.36"
188.222.242.255 - - [15/Jan/2016:11:47:05 +0000] "GET /currcam_small.jpg?1452740834 HTTP/1.1" 200 4126 "http://nw3weather.co.uk/" "Mozilla/5.0 (Windows NT 6.1; WOW64; rv:43.0) Gecko/20100101 Firefox/43.0"
86.182.52.216 - - [15/Jan/2016:11:47:11 +0000] "GET /ajax/wx-body.php?_=1452858432937 HTTP/1.0" 200 4392 "http://nw3weather.co.uk/" "Mozilla/5.0 (Windows NT 6.1; WOW64) AppleWebKit/537.36 (KHTML, like Gecko) Chrome/47.0.2526.106 Safari/537.36"
54.191.43.92 - - [15/Jan/2016:11:47:20 +0000] "GET /currcam.jpg?t=1452858317 HTTP/1.1" 200 26150 "-" "WU-webcamURLingest 1.0"
86.182.52.216 - - [15/Jan/2016:11:47:32 +0000] "GET /ajax/wx-body.php?_=1452858453938 HTTP/1.0" 200 4392 "http://nw3weather.co.uk/" "Mozilla/5.0 (Windows NT 6.1; WOW64) AppleWebKit/537.36 (KHTML, like Gecko) Chrome/47.0.2526.106 Safari/537.36"
192.36.190.2 - - [15/Jan/2016:11:47:53 +0000] "GET /currcam_small.jpg?1452858432 HTTP/1.1" 200 4126 "http://nw3weather.co.uk/" "Mozilla/5.0 (Windows NT 6.1; Win64; x64) AppleWebKit/537.36 (KHTML, like Gecko) Chrome/47.0.2526.111 Safari/537.36"
86.182.52.216 - - [15/Jan/2016:11:47:53 +0000] "GET /ajax/wx-body.php?_=1452858474939 HTTP/1.0" 200 4393 "http://nw3weather.co.uk/" "Mozilla/5.0 (Windows NT 6.1; WOW64) AppleWebKit/537.36 (KHTML, like Gecko) Chrome/47.0.2526.106 Safari/537.36"
66.249.66.128 - - [15/Jan/2016:11:47:55 +0000] "GET /20160114dayvideo.wmv HTTP/1.1" 200 8586387 "-" "Googlebot-Video/1.0"
188.222.242.255 - - [15/Jan/2016:11:48:06 +0000] "GET /currcam_small.jpg?1452740893 HTTP/1.1" 200 4141 "http://nw3weather.co.uk/" "Mozilla/5.0 (Windows NT 6.1; WOW64; rv:43.0) Gecko/20100101 Firefox/43.0"
188.39.39.50 - - [15/Jan/2016:11:48:06 +0000] "GET /currcam_small.jpg?1452848892 HTTP/1.1" 200 4141 "http://nw3weather.co.uk/" "Mozilla/5.0 (Windows NT 6.1; WOW64; rv:43.0) Gecko/20100101 Firefox/43.0"
5.148.169.36 - - [15/Jan/2016:11:48:07 +0000] "GET /currcam.jpg HTTP/1.1" 200 26092 "-" "webcam-4insiders.com Picture Fetcher"
86.182.52.216 - - [15/Jan/2016:11:48:11 +0000] "GET /currcam_small.jpg?1452858193 HTTP/1.0" 200 4141 "http://nw3weather.co.uk/" "Mozilla/5.0 (Windows NT 6.1; WOW64) AppleWebKit/537.36 (KHTML, like Gecko) Chrome/47.0.2526.106 Safari/537.36"
37.205.63.195 - - [15/Jan/2016:11:48:13 +0000] "GET /currcam.jpg?83736525930593821 HTTP/1.1" 200 26092 "-" "Mozilla/5.0 (Macintosh; Intel Mac OS X 10_9_5) AppleWebKit/537.36 (KHTML, like Gecko) Chrome/47.0.2526.111 Safari/537.36"
86.182.52.216 - - [15/Jan/2016:11:48:14 +0000] "GET /ajax/wx-body.php?_=1452858495938 HTTP/1.0" 200 4401 "http://nw3weather.co.uk/" "Mozilla/5.0 (Windows NT 6.1; WOW64) AppleWebKit/537.36 (KHTML, like Gecko) Chrome/47.0.2526.106 Safari/537.36"
66.249.66.128 - - [15/Jan/2016:11:48:17 +0000] "GET /wx10.php HTTP/1.1" 200 41233 "-" "Mozilla/5.0 (compatible; Googlebot/2.1; +http://www.google.com/bot.html)"
82.94.176.141 - - [15/Jan/2016:11:48:21 +0000] "GET /wxhistday.php?year=2013&month=2&day=11 HTTP/1.0" 301 278 "http://www.nw3weather.co.uk/wxhistday.php?year=2013&month=2&day=12" "Mozilla/4.0 (compatible;  Vagabondo/4.0; webcrawler at wise-guys dot nl; http://webagent.wise-guys.nl/; http://www.wise-guys.nl/)"
86.182.52.216 - - [15/Jan/2016:11:48:35 +0000] "GET /ajax/wx-body.php?_=1452858516938 HTTP/1.0" 200 4401 "http://nw3weather.co.uk/" "Mozilla/5.0 (Windows NT 6.1; WOW64) AppleWebKit/537.36 (KHTML, like Gecko) Chrome/47.0.2526.106 Safari/537.36"
192.36.190.2 - - [15/Jan/2016:11:48:53 +0000] "GET /currcam_small.jpg?1452858492 HTTP/1.1" 200 4141 "http://nw3weather.co.uk/" "Mozilla/5.0 (Windows NT 6.1; Win64; x64) AppleWebKit/537.36 (KHTML, like Gecko) Chrome/47.0.2526.111 Safari/537.36"
86.182.52.216 - - [15/Jan/2016:11:48:56 +0000] "GET /ajax/wx-body.php?_=1452858537938 HTTP/1.0" 200 4406 "http://nw3weather.co.uk/" "Mozilla/5.0 (Windows NT 6.1; WOW64) AppleWebKit/537.36 (KHTML, like Gecko) Chrome/47.0.2526.106 Safari/537.36"
188.222.242.255 - - [15/Jan/2016:11:49:06 +0000] "GET /currcam_small.jpg?1452740952 HTTP/1.1" 200 4135 "http://nw3weather.co.uk/" "Mozilla/5.0 (Windows NT 6.1; WOW64; rv:43.0) Gecko/20100101 Firefox/43.0"
86.182.52.216 - - [15/Jan/2016:11:49:15 +0000] "GET /currcam_small.jpg?1452858255 HTTP/1.0" 200 4135 "http://nw3weather.co.uk/" "Mozilla/5.0 (Windows NT 6.1; WOW64) AppleWebKit/537.36 (KHTML, like Gecko) Chrome/47.0.2526.106 Safari/537.36"
86.182.52.216 - - [15/Jan/2016:11:49:17 +0000] "GET /ajax/wx-body.php?_=1452858558939 HTTP/1.0" 200 4434 "http://nw3weather.co.uk/" "Mozilla/5.0 (Windows NT 6.1; WOW64) AppleWebKit/537.36 (KHTML, like Gecko) Chrome/47.0.2526.106 Safari/537.36"
188.39.39.50 - - [15/Jan/2016:11:49:18 +0000] "GET /currcam_small.jpg?1452848952 HTTP/1.1" 200 4135 "http://nw3weather.co.uk/" "Mozilla/5.0 (Windows NT 6.1; WOW64; rv:43.0) Gecko/20100101 Firefox/43.0"
54.191.43.92 - - [15/Jan/2016:11:49:26 +0000] "GET /currcam.jpg?t=1452858565 HTTP/1.1" 200 26247 "-" "WU-webcamURLingest 1.0"
37.205.63.195 - - [15/Jan/2016:11:49:28 +0000] "GET /currcam.jpg?83736528812593821 HTTP/1.1" 200 26247 "-" "Mozilla/5.0 (Macintosh; Intel Mac OS X 10_9_5) AppleWebKit/537.36 (KHTML, like Gecko) Chrome/47.0.2526.111 Safari/537.36"
77.154.204.243 - - [15/Jan/2016:11:49:33 +0000] "GET / HTTP/1.1" 200 23674 "https://www.google.fr/" "Mozilla/5.0 (iPad; CPU OS 7_0_4 like Mac OS X) AppleWebKit/537.51.1 (KHTML, like Gecko) Version/7.0 Mobile/11B554a Safari/9537.53"
77.154.204.243 - - [15/Jan/2016:11:49:34 +0000] "GET /mainstyle.css HTTP/1.1" 200 6824 "http://nw3weather.co.uk/" "Mozilla/5.0 (iPad; CPU OS 7_0_4 like Mac OS X) AppleWebKit/537.51.1 (KHTML, like Gecko) Version/7.0 Mobile/11B554a Safari/9537.53"
77.154.204.243 - - [15/Jan/2016:11:49:34 +0000] "GET /static-images/falling.gif HTTP/1.1" 200 54 "http://nw3weather.co.uk/" "Mozilla/5.0 (iPad; CPU OS 7_0_4 like Mac OS X) AppleWebKit/537.51.1 (KHTML, like Gecko) Version/7.0 Mobile/11B554a Safari/9537.53"
77.154.204.243 - - [15/Jan/2016:11:49:34 +0000] "GET /static-images/newmain.jpg HTTP/1.1" 200 15243 "http://nw3weather.co.uk/" "Mozilla/5.0 (iPad; CPU OS 7_0_4 like Mac OS X) AppleWebKit/537.51.1 (KHTML, like Gecko) Version/7.0 Mobile/11B554a Safari/9537.53"
77.154.204.243 - - [15/Jan/2016:11:49:34 +0000] "GET /static-images/rightheadS.JPG HTTP/1.1" 200 3881 "http://nw3weather.co.uk/" "Mozilla/5.0 (iPad; CPU OS 7_0_4 like Mac OS X) AppleWebKit/537.51.1 (KHTML, like Gecko) Version/7.0 Mobile/11B554a Safari/9537.53"
77.154.204.243 - - [15/Jan/2016:11:49:34 +0000] "GET /static-images/thermom8_small.png HTTP/1.1" 200 888 "http://nw3weather.co.uk/" "Mozilla/5.0 (iPad; CPU OS 7_0_4 like Mac OS X) AppleWebKit/537.51.1 (KHTML, like Gecko) Version/7.0 Mobile/11B554a Safari/9537.53"
77.154.204.243 - - [15/Jan/2016:11:49:34 +0000] "GET /static-images/rising.gif HTTP/1.1" 200 54 "http://nw3weather.co.uk/" "Mozilla/5.0 (iPad; CPU OS 7_0_4 like Mac OS X) AppleWebKit/537.51.1 (KHTML, like Gecko) Version/7.0 Mobile/11B554a Safari/9537.53"
77.154.204.243 - - [15/Jan/2016:11:49:34 +0000] "GET /static-images/leftheadN.JPG HTTP/1.1" 200 1790 "http://nw3weather.co.uk/" "Mozilla/5.0 (iPad; CPU OS 7_0_4 like Mac OS X) AppleWebKit/537.51.1 (KHTML, like Gecko) Version/7.0 Mobile/11B554a Safari/9537.53"
77.154.204.243 - - [15/Jan/2016:11:49:34 +0000] "GET /mainGraph1.png?reqid=150120161149&currid=1452858574 HTTP/1.1" 200 5671 "http://nw3weather.co.uk/" "Mozilla/5.0 (iPad; CPU OS 7_0_4 like Mac OS X) AppleWebKit/537.51.1 (KHTML, like Gecko) Version/7.0 Mobile/11B554a Safari/9537.53"
77.154.204.243 - - [15/Jan/2016:11:49:34 +0000] "GET /static-images/humidity_small.png HTTP/1.1" 200 2349 "http://nw3weather.co.uk/" "Mozilla/5.0 (iPad; CPU OS 7_0_4 like Mac OS X) AppleWebKit/537.51.1 (KHTML, like Gecko) Version/7.0 Mobile/11B554a Safari/9537.53"
77.154.204.243 - - [15/Jan/2016:11:49:34 +0000] "GET /static-images/clear_lg.png HTTP/1.1" 200 8460 "http://nw3weather.co.uk/" "Mozilla/5.0 (iPad; CPU OS 7_0_4 like Mac OS X) AppleWebKit/537.51.1 (KHTML, like Gecko) Version/7.0 Mobile/11B554a Safari/9537.53"
77.154.204.243 - - [15/Jan/2016:11:49:34 +0000] "GET /static-images/steady.jpg HTTP/1.1" 200 893 "http://nw3weather.co.uk/" "Mozilla/5.0 (iPad; CPU OS 7_0_4 like Mac OS X) AppleWebKit/537.51.1 (KHTML, like Gecko) Version/7.0 Mobile/11B554a Safari/9537.53"
77.154.204.243 - - [15/Jan/2016:11:49:34 +0000] "GET /static-images/windy_small.png HTTP/1.1" 200 3095 "http://nw3weather.co.uk/" "Mozilla/5.0 (iPad; CPU OS 7_0_4 like Mac OS X) AppleWebKit/537.51.1 (KHTML, like Gecko) Version/7.0 Mobile/11B554a Safari/9537.53"
77.154.204.243 - - [15/Jan/2016:11:49:34 +0000] "GET /currcam_small.jpg HTTP/1.1" 200 4135 "http://nw3weather.co.uk/" "Mozilla/5.0 (iPad; CPU OS 7_0_4 like Mac OS X) AppleWebKit/537.51.1 (KHTML, like Gecko) Version/7.0 Mobile/11B554a Safari/9537.53"
77.154.204.243 - - [15/Jan/2016:11:49:34 +0000] "GET /static-images/dewy_small.png HTTP/1.1" 200 2202 "http://nw3weather.co.uk/" "Mozilla/5.0 (iPad; CPU OS 7_0_4 like Mac OS X) AppleWebKit/537.51.1 (KHTML, like Gecko) Version/7.0 Mobile/11B554a Safari/9537.53"
77.154.204.243 - - [15/Jan/2016:11:49:34 +0000] "GET /static-images/rain2_small.png HTTP/1.1" 200 1641 "http://nw3weather.co.uk/" "Mozilla/5.0 (iPad; CPU OS 7_0_4 like Mac OS X) AppleWebKit/537.51.1 (KHTML, like Gecko) Version/7.0 Mobile/11B554a Safari/9537.53"
77.154.204.243 - - [15/Jan/2016:11:49:34 +0000] "GET /static-images/pressure2_small.png HTTP/1.1" 200 1295 "http://nw3weather.co.uk/" "Mozilla/5.0 (iPad; CPU OS 7_0_4 like Mac OS X) AppleWebKit/537.51.1 (KHTML, like Gecko) Version/7.0 Mobile/11B554a Safari/9537.53"
77.154.204.243 - - [15/Jan/2016:11:49:35 +0000] "GET /background.jpg HTTP/1.1" 200 7693 "http://nw3weather.co.uk/" "Mozilla/5.0 (iPad; CPU OS 7_0_4 like Mac OS X) AppleWebKit/537.51.1 (KHTML, like Gecko) Version/7.0 Mobile/11B554a Safari/9537.53"
77.154.204.243 - - [15/Jan/2016:11:49:35 +0000] "GET /mainGraph2.png?reqid=150120161149&currid=1452858574 HTTP/1.1" 200 9507 "http://nw3weather.co.uk/" "Mozilla/5.0 (iPad; CPU OS 7_0_4 like Mac OS X) AppleWebKit/537.51.1 (KHTML, like Gecko) Version/7.0 Mobile/11B554a Safari/9537.53"
86.182.52.216 - - [15/Jan/2016:11:49:38 +0000] "GET /ajax/wx-body.php?_=1452858579940 HTTP/1.0" 200 4433 "http://nw3weather.co.uk/" "Mozilla/5.0 (Windows NT 6.1; WOW64) AppleWebKit/537.36 (KHTML, like Gecko) Chrome/47.0.2526.106 Safari/537.36"
77.154.204.243 - - [15/Jan/2016:11:49:43 +0000] "GET /wxdataday.php HTTP/1.1" 200 31906 "http://nw3weather.co.uk/" "Mozilla/5.0 (iPad; CPU OS 7_0_4 like Mac OS X) AppleWebKit/537.51.1 (KHTML, like Gecko) Version/7.0 Mobile/11B554a Safari/9537.53"
77.154.204.243 - - [15/Jan/2016:11:49:43 +0000] "GET /valcolstyle.css HTTP/1.1" 200 12925 "http://nw3weather.co.uk/wxdataday.php" "Mozilla/5.0 (iPad; CPU OS 7_0_4 like Mac OS X) AppleWebKit/537.51.1 (KHTML, like Gecko) Version/7.0 Mobile/11B554a Safari/9537.53"
82.94.176.141 - - [15/Jan/2016:11:49:49 +0000] "GET /wxhistday.php?year=2012&month=11&day=11 HTTP/1.0" 301 279 "http://www.nw3weather.co.uk/wxhistday.php?year=2012&month=11&day=12" "Mozilla/4.0 (compatible;  Vagabondo/4.0; webcrawler at wise-guys dot nl; http://webagent.wise-guys.nl/; http://www.wise-guys.nl/)"
77.154.204.243 - - [15/Jan/2016:11:49:49 +0000] "GET / HTTP/1.1" 200 23674 "https://www.google.fr/" "Mozilla/5.0 (iPad; CPU OS 7_0_4 like Mac OS X) AppleWebKit/537.51.1 (KHTML, like Gecko) Version/7.0 Mobile/11B554a Safari/9537.53"
77.154.204.243 - - [15/Jan/2016:11:49:50 +0000] "GET /mainGraph1.png?reqid=150120161149&currid=1452858590 HTTP/1.1" 200 5671 "http://nw3weather.co.uk/" "Mozilla/5.0 (iPad; CPU OS 7_0_4 like Mac OS X) AppleWebKit/537.51.1 (KHTML, like Gecko) Version/7.0 Mobile/11B554a Safari/9537.53"
77.154.204.243 - - [15/Jan/2016:11:49:50 +0000] "GET /mainGraph2.png?reqid=150120161149&currid=1452858590 HTTP/1.1" 200 9507 "http://nw3weather.co.uk/" "Mozilla/5.0 (iPad; CPU OS 7_0_4 like Mac OS X) AppleWebKit/537.51.1 (KHTML, like Gecko) Version/7.0 Mobile/11B554a Safari/9537.53"
192.36.190.2 - - [15/Jan/2016:11:49:53 +0000] "GET /currcam_small.jpg?1452858552 HTTP/1.1" 200 4135 "http://nw3weather.co.uk/" "Mozilla/5.0 (Windows NT 6.1; Win64; x64) AppleWebKit/537.36 (KHTML, like Gecko) Chrome/47.0.2526.111 Safari/537.36"
86.182.52.216 - - [15/Jan/2016:11:49:59 +0000] "GET /ajax/wx-body.php?_=1452858600940 HTTP/1.0" 200 4433 "http://nw3weather.co.uk/" "Mozilla/5.0 (Windows NT 6.1; WOW64) AppleWebKit/537.36 (KHTML, like Gecko) Chrome/47.0.2526.106 Safari/537.36"
188.222.242.255 - - [15/Jan/2016:11:50:06 +0000] "GET /mainGraph2.png?reqid=130120162259&currid=1452741011 HTTP/1.1" 200 9507 "http://nw3weather.co.uk/" "Mozilla/5.0 (Windows NT 6.1; WOW64; rv:43.0) Gecko/20100101 Firefox/43.0"
188.222.242.255 - - [15/Jan/2016:11:50:06 +0000] "GET /mainGraph1.png?reqid=130120162259&currid=1452741011 HTTP/1.1" 200 5671 "http://nw3weather.co.uk/" "Mozilla/5.0 (Windows NT 6.1; WOW64; rv:43.0) Gecko/20100101 Firefox/43.0"
188.222.242.255 - - [15/Jan/2016:11:50:06 +0000] "GET /currcam_small.jpg?1452741012 HTTP/1.1" 200 4134 "http://nw3weather.co.uk/" "Mozilla/5.0 (Windows NT 6.1; WOW64; rv:43.0) Gecko/20100101 Firefox/43.0"
157.55.39.194 - - [15/Jan/2016:11:50:13 +0000] "GET /robots.txt HTTP/1.1" 301 242 "-" "Mozilla/5.0 (compatible; bingbot/2.0; +http://www.bing.com/bingbot.htm)"
157.55.39.194 - - [15/Jan/2016:11:50:13 +0000] "GET /robots.txt HTTP/1.1" 200 49 "-" "Mozilla/5.0 (compatible; bingbot/2.0; +http://www.bing.com/bingbot.htm)"
86.182.52.216 - - [15/Jan/2016:11:50:14 +0000] "GET /mainGraph1.png?reqid=150120160438&currid=1452858311 HTTP/1.0" 200 5640 "http://nw3weather.co.uk/" "Mozilla/5.0 (Windows NT 6.1; WOW64) AppleWebKit/537.36 (KHTML, like Gecko) Chrome/47.0.2526.106 Safari/537.36"
86.182.52.216 - - [15/Jan/2016:11:50:14 +0000] "GET /mainGraph2.png?reqid=150120160438&currid=1452858311 HTTP/1.0" 200 9398 "http://nw3weather.co.uk/" "Mozilla/5.0 (Windows NT 6.1; WOW64) AppleWebKit/537.36 (KHTML, like Gecko) Chrome/47.0.2526.106 Safari/537.36"
86.182.52.216 - - [15/Jan/2016:11:50:15 +0000] "GET /currcam_small.jpg?1452858312 HTTP/1.0" 200 4134 "http://nw3weather.co.uk/" "Mozilla/5.0 (Windows NT 6.1; WOW64) AppleWebKit/537.36 (KHTML, like Gecko) Chrome/47.0.2526.106 Safari/537.36"
86.182.52.216 - - [15/Jan/2016:11:50:20 +0000] "GET /ajax/wx-body.php?_=1452858621941 HTTP/1.0" 200 4423 "http://nw3weather.co.uk/" "Mozilla/5.0 (Windows NT 6.1; WOW64) AppleWebKit/537.36 (KHTML, like Gecko) Chrome/47.0.2526.106 Safari/537.36"
188.39.39.50 - - [15/Jan/2016:11:50:26 +0000] "GET /mainGraph1.png?reqid=140120161612&currid=1452849011 HTTP/1.1" 200 5640 "http://nw3weather.co.uk/" "Mozilla/5.0 (Windows NT 6.1; WOW64; rv:43.0) Gecko/20100101 Firefox/43.0"
188.39.39.50 - - [15/Jan/2016:11:50:26 +0000] "GET /mainGraph2.png?reqid=140120161612&currid=1452849011 HTTP/1.1" 200 9398 "http://nw3weather.co.uk/" "Mozilla/5.0 (Windows NT 6.1; WOW64; rv:43.0) Gecko/20100101 Firefox/43.0"
188.39.39.50 - - [15/Jan/2016:11:50:29 +0000] "GET /currcam_small.jpg?1452849013 HTTP/1.1" 200 4134 "http://nw3weather.co.uk/" "Mozilla/5.0 (Windows NT 6.1; WOW64; rv:43.0) Gecko/20100101 Firefox/43.0"
86.182.52.216 - - [15/Jan/2016:11:50:41 +0000] "GET /ajax/wx-body.php?_=1452858642941 HTTP/1.0" 200 4424 "http://nw3weather.co.uk/" "Mozilla/5.0 (Windows NT 6.1; WOW64) AppleWebKit/537.36 (KHTML, like Gecko) Chrome/47.0.2526.106 Safari/537.36"
37.205.63.195 - - [15/Jan/2016:11:50:43 +0000] "GET /currcam.jpg?83736563634593821 HTTP/1.1" 200 26117 "-" "Mozilla/5.0 (Macintosh; Intel Mac OS X 10_9_5) AppleWebKit/537.36 (KHTML, like Gecko) Chrome/47.0.2526.111 Safari/537.36"
192.36.190.2 - - [15/Jan/2016:11:50:52 +0000] "GET /mainGraph2.png?reqid=150120160830&currid=1452858611 HTTP/1.1" 200 9398 "http://nw3weather.co.uk/" "Mozilla/5.0 (Windows NT 6.1; Win64; x64) AppleWebKit/537.36 (KHTML, like Gecko) Chrome/47.0.2526.111 Safari/537.36"
192.36.190.2 - - [15/Jan/2016:11:50:52 +0000] "GET /mainGraph1.png?reqid=150120160830&currid=1452858611 HTTP/1.1" 200 5640 "http://nw3weather.co.uk/" "Mozilla/5.0 (Windows NT 6.1; Win64; x64) AppleWebKit/537.36 (KHTML, like Gecko) Chrome/47.0.2526.111 Safari/537.36"
192.36.190.2 - - [15/Jan/2016:11:50:53 +0000] "GET /currcam_small.jpg?1452858612 HTTP/1.1" 200 4134 "http://nw3weather.co.uk/" "Mozilla/5.0 (Windows NT 6.1; Win64; x64) AppleWebKit/537.36 (KHTML, like Gecko) Chrome/47.0.2526.111 Safari/537.36"
86.182.52.216 - - [15/Jan/2016:11:51:02 +0000] "GET /ajax/wx-body.php?_=1452858663940 HTTP/1.0" 200 4424 "http://nw3weather.co.uk/" "Mozilla/5.0 (Windows NT 6.1; WOW64) AppleWebKit/537.36 (KHTML, like Gecko) Chrome/47.0.2526.106 Safari/537.36"
188.222.242.255 - - [15/Jan/2016:11:51:06 +0000] "GET /currcam_small.jpg?1452741071 HTTP/1.1" 200 4151 "http://nw3weather.co.uk/" "Mozilla/5.0 (Windows NT 6.1; WOW64; rv:43.0) Gecko/20100101 Firefox/43.0"
82.94.176.141 - - [15/Jan/2016:11:51:15 +0000] "GET /wxhistday.php?year=2013&month=3&day=13 HTTP/1.0" 301 278 "http://www.nw3weather.co.uk/wxhistday.php?year=2013&month=3&day=12" "Mozilla/4.0 (compatible;  Vagabondo/4.0; webcrawler at wise-guys dot nl; http://webagent.wise-guys.nl/; http://www.wise-guys.nl/)"
54.191.43.92 - - [15/Jan/2016:11:51:19 +0000] "GET /currcam.jpg?t=1452858679 HTTP/1.1" 200 26287 "-" "WU-webcamURLingest 1.0"
86.182.52.216 - - [15/Jan/2016:11:51:20 +0000] "GET /currcam_small.jpg?1452858375 HTTP/1.0" 200 4151 "http://nw3weather.co.uk/" "Mozilla/5.0 (Windows NT 6.1; WOW64) AppleWebKit/537.36 (KHTML, like Gecko) Chrome/47.0.2526.106 Safari/537.36"
86.182.52.216 - - [15/Jan/2016:11:51:22 +0000] "GET /ajax/wx-body.php?_=1452858683941 HTTP/1.0" 200 4424 "http://nw3weather.co.uk/" "Mozilla/5.0 (Windows NT 6.1; WOW64) AppleWebKit/537.36 (KHTML, like Gecko) Chrome/47.0.2526.106 Safari/537.36"
37.205.63.195 - - [15/Jan/2016:11:51:33 +0000] "GET /currcam.jpg?256396919882 HTTP/1.1" 200 26287 "-" "Mozilla/5.0 (Macintosh; Intel Mac OS X 10_9_5) AppleWebKit/537.36 (KHTML, like Gecko) Chrome/47.0.2526.111 Safari/537.36"
37.205.63.195 - - [15/Jan/2016:11:51:33 +0000] "GET /currcam.jpg?256396436596 HTTP/1.1" 200 26287 "-" "Mozilla/5.0 (Macintosh; Intel Mac OS X 10_9_5) AppleWebKit/537.36 (KHTML, like Gecko) Chrome/47.0.2526.111 Safari/537.36"
37.205.63.195 - - [15/Jan/2016:11:51:33 +0000] "GET /currcam.jpg?256396871123 HTTP/1.1" 200 26287 "-" "Mozilla/5.0 (Macintosh; Intel Mac OS X 10_9_5) AppleWebKit/537.36 (KHTML, like Gecko) Chrome/47.0.2526.111 Safari/537.36"
37.205.63.195 - - [15/Jan/2016:11:51:33 +0000] "GET /currcam.jpg?256396215530 HTTP/1.1" 200 26287 "-" "Mozilla/5.0 (Macintosh; Intel Mac OS X 10_9_5) AppleWebKit/537.36 (KHTML, like Gecko) Chrome/47.0.2526.111 Safari/537.36"
37.205.63.195 - - [15/Jan/2016:11:51:33 +0000] "GET /currcam.jpg?256396252691 HTTP/1.1" 200 26287 "-" "Mozilla/5.0 (Macintosh; Intel Mac OS X 10_9_5) AppleWebKit/537.36 (KHTML, like Gecko) Chrome/47.0.2526.111 Safari/537.36"
37.205.63.195 - - [15/Jan/2016:11:51:33 +0000] "GET /currcam.jpg?256396979718 HTTP/1.1" 200 26287 "-" "Mozilla/5.0 (Macintosh; Intel Mac OS X 10_9_5) AppleWebKit/537.36 (KHTML, like Gecko) Chrome/47.0.2526.111 Safari/537.36"
37.205.63.195 - - [15/Jan/2016:11:51:33 +0000] "GET /currcam.jpg?256396165280 HTTP/1.1" 200 26287 "-" "Mozilla/5.0 (Macintosh; Intel Mac OS X 10_9_5) AppleWebKit/537.36 (KHTML, like Gecko) Chrome/47.0.2526.111 Safari/537.36"
37.205.63.195 - - [15/Jan/2016:11:51:33 +0000] "GET /currcam.jpg?25639650580 HTTP/1.1" 200 26287 "-" "Mozilla/5.0 (Macintosh; Intel Mac OS X 10_9_5) AppleWebKit/537.36 (KHTML, like Gecko) Chrome/47.0.2526.111 Safari/537.36"
37.205.63.195 - - [15/Jan/2016:11:51:33 +0000] "GET /currcam.jpg?256396779799 HTTP/1.1" 200 26287 "-" "Mozilla/5.0 (Macintosh; Intel Mac OS X 10_9_5) AppleWebKit/537.36 (KHTML, like Gecko) Chrome/47.0.2526.111 Safari/537.36"
37.205.63.195 - - [15/Jan/2016:11:51:33 +0000] "GET /currcam.jpg?256396540274 HTTP/1.1" 200 26287 "-" "Mozilla/5.0 (Macintosh; Intel Mac OS X 10_9_5) AppleWebKit/537.36 (KHTML, like Gecko) Chrome/47.0.2526.111 Safari/537.36"
188.39.39.50 - - [15/Jan/2016:11:51:40 +0000] "GET /currcam_small.jpg?1452849073 HTTP/1.1" 200 4151 "http://nw3weather.co.uk/" "Mozilla/5.0 (Windows NT 6.1; WOW64; rv:43.0) Gecko/20100101 Firefox/43.0"
86.182.52.216 - - [15/Jan/2016:11:51:42 +0000] "GET /ajax/wx-body.php?_=1452858703942 HTTP/1.0" 200 4421 "http://nw3weather.co.uk/" "Mozilla/5.0 (Windows NT 6.1; WOW64) AppleWebKit/537.36 (KHTML, like Gecko) Chrome/47.0.2526.106 Safari/537.36"
192.36.190.2 - - [15/Jan/2016:11:51:53 +0000] "GET /currcam_small.jpg?1452858672 HTTP/1.1" 200 4151 "http://nw3weather.co.uk/" "Mozilla/5.0 (Windows NT 6.1; Win64; x64) AppleWebKit/537.36 (KHTML, like Gecko) Chrome/47.0.2526.111 Safari/537.36"
157.55.39.194 - - [15/Jan/2016:11:51:56 +0000] "GET /oldSites/sitev2/function.file HTTP/1.1" 301 261 "-" "Mozilla/5.0 (compatible; bingbot/2.0; +http://www.bing.com/bingbot.htm)"
37.205.63.195 - - [15/Jan/2016:11:51:59 +0000] "GET /currcam.jpg?256396919882593821 HTTP/1.1" 200 26287 "-" "Mozilla/5.0 (Macintosh; Intel Mac OS X 10_9_5) AppleWebKit/537.36 (KHTML, like Gecko) Chrome/47.0.2526.111 Safari/537.36"
86.182.52.216 - - [15/Jan/2016:11:52:03 +0000] "GET /ajax/wx-body.php?_=1452858724942 HTTP/1.0" 200 4421 "http://nw3weather.co.uk/" "Mozilla/5.0 (Windows NT 6.1; WOW64) AppleWebKit/537.36 (KHTML, like Gecko) Chrome/47.0.2526.106 Safari/537.36"
188.222.242.255 - - [15/Jan/2016:11:52:06 +0000] "GET /currcam_small.jpg?1452741131 HTTP/1.1" 200 4132 "http://nw3weather.co.uk/" "Mozilla/5.0 (Windows NT 6.1; WOW64; rv:43.0) Gecko/20100101 Firefox/43.0"
86.182.52.216 - - [15/Jan/2016:11:52:20 +0000] "GET /currcam_small.jpg?1452858434 HTTP/1.0" 200 4132 "http://nw3weather.co.uk/" "Mozilla/5.0 (Windows NT 6.1; WOW64) AppleWebKit/537.36 (KHTML, like Gecko) Chrome/47.0.2526.106 Safari/537.36"
86.182.52.216 - - [15/Jan/2016:11:52:23 +0000] "GET /ajax/wx-body.php?_=1452858744942 HTTP/1.0" 200 4421 "http://nw3weather.co.uk/" "Mozilla/5.0 (Windows NT 6.1; WOW64) AppleWebKit/537.36 (KHTML, like Gecko) Chrome/47.0.2526.106 Safari/537.36"
82.94.176.141 - - [15/Jan/2016:11:52:41 +0000] "GET /wxhistday.php?year=2012&month=11&day=13 HTTP/1.0" 301 279 "http://www.nw3weather.co.uk/wxhistday.php?year=2012&month=11&day=12" "Mozilla/4.0 (compatible;  Vagabondo/4.0; webcrawler at wise-guys dot nl; http://webagent.wise-guys.nl/; http://www.wise-guys.nl/)"
86.182.52.216 - - [15/Jan/2016:11:52:44 +0000] "GET /ajax/wx-body.php?_=1452858765942 HTTP/1.0" 200 4423 "http://nw3weather.co.uk/" "Mozilla/5.0 (Windows NT 6.1; WOW64) AppleWebKit/537.36 (KHTML, like Gecko) Chrome/47.0.2526.106 Safari/537.36"
188.39.39.50 - - [15/Jan/2016:11:52:52 +0000] "GET /currcam_small.jpg?1452849134 HTTP/1.1" 200 4132 "http://nw3weather.co.uk/" "Mozilla/5.0 (Windows NT 6.1; WOW64; rv:43.0) Gecko/20100101 Firefox/43.0"
192.36.190.2 - - [15/Jan/2016:11:52:53 +0000] "GET /currcam_small.jpg?1452858732 HTTP/1.1" 200 4132 "http://nw3weather.co.uk/" "Mozilla/5.0 (Windows NT 6.1; Win64; x64) AppleWebKit/537.36 (KHTML, like Gecko) Chrome/47.0.2526.111 Safari/537.36"
86.182.52.216 - - [15/Jan/2016:11:53:05 +0000] "GET /ajax/wx-body.php?_=1452858786943 HTTP/1.0" 200 4421 "http://nw3weather.co.uk/" "Mozilla/5.0 (Windows NT 6.1; WOW64) AppleWebKit/537.36 (KHTML, like Gecko) Chrome/47.0.2526.106 Safari/537.36"
5.148.169.36 - - [15/Jan/2016:11:53:07 +0000] "GET /currcam.jpg HTTP/1.1" 200 26287 "-" "webcam-4insiders.com Picture Fetcher"
2.102.211.240 - - [15/Jan/2016:11:53:08 +0000] "GET /currcam_small.jpg?1452819735 HTTP/1.1" 200 4143 "http://nw3weather.co.uk/" "Mozilla/5.0 (Windows NT 10.0; Win64; x64) AppleWebKit/537.36 (KHTML, like Gecko) Chrome/46.0.2486.0 Safari/537.36 Edge/13.10586"
54.191.43.92 - - [15/Jan/2016:11:53:09 +0000] "GET /currcam.jpg?t=1452858789 HTTP/1.1" 200 26287 "-" "WU-webcamURLingest 1.0"
188.222.242.255 - - [15/Jan/2016:11:53:11 +0000] "GET /currcam_small.jpg?1452741195 HTTP/1.1" 200 4143 "http://nw3weather.co.uk/" "Mozilla/5.0 (Windows NT 6.1; WOW64; rv:43.0) Gecko/20100101 Firefox/43.0"
37.205.63.195 - - [15/Jan/2016:11:53:14 +0000] "GET /currcam.jpg?256396436596593821 HTTP/1.1" 200 26287 "-" "Mozilla/5.0 (Macintosh; Intel Mac OS X 10_9_5) AppleWebKit/537.36 (KHTML, like Gecko) Chrome/47.0.2526.111 Safari/537.36"
86.182.52.216 - - [15/Jan/2016:11:53:20 +0000] "GET /currcam_small.jpg?1452858492 HTTP/1.0" 200 4143 "http://nw3weather.co.uk/" "Mozilla/5.0 (Windows NT 6.1; WOW64) AppleWebKit/537.36 (KHTML, like Gecko) Chrome/47.0.2526.106 Safari/537.36"
2.102.211.240 - - [15/Jan/2016:11:53:23 +0000] "GET /currcam_small.jpg?1452854953 HTTP/1.1" 200 4143 "http://nw3weather.co.uk/" "Mozilla/5.0 (Windows NT 10.0; Win64; x64) AppleWebKit/537.36 (KHTML, like Gecko) Chrome/46.0.2486.0 Safari/537.36 Edge/13.10586"
86.182.52.216 - - [15/Jan/2016:11:53:25 +0000] "GET /ajax/wx-body.php?_=1452858806943 HTTP/1.0" 200 4421 "http://nw3weather.co.uk/" "Mozilla/5.0 (Windows NT 6.1; WOW64) AppleWebKit/537.36 (KHTML, like Gecko) Chrome/47.0.2526.106 Safari/537.36"
86.182.52.216 - - [15/Jan/2016:11:53:45 +0000] "GET /ajax/wx-body.php?_=1452858826944 HTTP/1.0" 200 4421 "http://nw3weather.co.uk/" "Mozilla/5.0 (Windows NT 6.1; WOW64) AppleWebKit/537.36 (KHTML, like Gecko) Chrome/47.0.2526.106 Safari/537.36"
192.36.190.2 - - [15/Jan/2016:11:53:53 +0000] "GET /currcam_small.jpg?1452858792 HTTP/1.1" 200 4143 "http://nw3weather.co.uk/" "Mozilla/5.0 (Windows NT 6.1; Win64; x64) AppleWebKit/537.36 (KHTML, like Gecko) Chrome/47.0.2526.111 Safari/537.36"
188.39.39.50 - - [15/Jan/2016:11:54:03 +0000] "GET /currcam_small.jpg?1452849194 HTTP/1.1" 200 4157 "http://nw3weather.co.uk/" "Mozilla/5.0 (Windows NT 6.1; WOW64; rv:43.0) Gecko/20100101 Firefox/43.0"
82.94.176.141 - - [15/Jan/2016:11:54:05 +0000] "GET /wx.php HTTP/1.0" 301 238 "http://www.nw3weather.co.uk/wx14.php" "Mozilla/4.0 (compatible;  Vagabondo/4.0; webcrawler at wise-guys dot nl; http://webagent.wise-guys.nl/; http://www.wise-guys.nl/)"
86.182.52.216 - - [15/Jan/2016:11:54:06 +0000] "GET /ajax/wx-body.php?_=1452858847945 HTTP/1.0" 200 4421 "http://nw3weather.co.uk/" "Mozilla/5.0 (Windows NT 6.1; WOW64) AppleWebKit/537.36 (KHTML, like Gecko) Chrome/47.0.2526.106 Safari/537.36"
2.102.211.240 - - [15/Jan/2016:11:54:10 +0000] "GET /currcam_small.jpg?1452819792 HTTP/1.1" 200 4157 "http://nw3weather.co.uk/" "Mozilla/5.0 (Windows NT 10.0; Win64; x64) AppleWebKit/537.36 (KHTML, like Gecko) Chrome/46.0.2486.0 Safari/537.36 Edge/13.10586"
188.222.242.255 - - [15/Jan/2016:11:54:11 +0000] "GET /currcam_small.jpg?1452741254 HTTP/1.1" 200 4157 "http://nw3weather.co.uk/" "Mozilla/5.0 (Windows NT 6.1; WOW64; rv:43.0) Gecko/20100101 Firefox/43.0"
77.154.204.243 - - [15/Jan/2016:11:54:11 +0000] "GET / HTTP/1.1" 200 23662 "https://www.google.fr/" "Mozilla/5.0 (iPad; CPU OS 7_0_4 like Mac OS X) AppleWebKit/537.51.1 (KHTML, like Gecko) Version/7.0 Mobile/11B554a Safari/9537.53"
77.154.204.243 - - [15/Jan/2016:11:54:13 +0000] "GET /mainGraph1.png?reqid=150120161154&currid=1452858853 HTTP/1.1" 200 5640 "http://nw3weather.co.uk/" "Mozilla/5.0 (iPad; CPU OS 7_0_4 like Mac OS X) AppleWebKit/537.51.1 (KHTML, like Gecko) Version/7.0 Mobile/11B554a Safari/9537.53"
77.154.204.243 - - [15/Jan/2016:11:54:13 +0000] "GET /mainGraph2.png?reqid=150120161154&currid=1452858853 HTTP/1.1" 200 9398 "http://nw3weather.co.uk/" "Mozilla/5.0 (iPad; CPU OS 7_0_4 like Mac OS X) AppleWebKit/537.51.1 (KHTML, like Gecko) Version/7.0 Mobile/11B554a Safari/9537.53"
77.154.204.243 - - [15/Jan/2016:11:54:13 +0000] "GET /currcam_small.jpg?1452858854 HTTP/1.1" 200 4157 "http://nw3weather.co.uk/" "Mozilla/5.0 (iPad; CPU OS 7_0_4 like Mac OS X) AppleWebKit/537.51.1 (KHTML, like Gecko) Version/7.0 Mobile/11B554a Safari/9537.53"
86.182.52.216 - - [15/Jan/2016:11:54:25 +0000] "GET /currcam_small.jpg?1452858555 HTTP/1.0" 200 4157 "http://nw3weather.co.uk/" "Mozilla/5.0 (Windows NT 6.1; WOW64) AppleWebKit/537.36 (KHTML, like Gecko) Chrome/47.0.2526.106 Safari/537.36"
86.182.52.216 - - [15/Jan/2016:11:54:27 +0000] "GET /ajax/wx-body.php?_=1452858868944 HTTP/1.0" 200 4422 "http://nw3weather.co.uk/" "Mozilla/5.0 (Windows NT 6.1; WOW64) AppleWebKit/537.36 (KHTML, like Gecko) Chrome/47.0.2526.106 Safari/537.36"
2.102.211.240 - - [15/Jan/2016:11:54:28 +0000] "GET /mainGraph1.png?reqid=150120160954&currid=1452855011 HTTP/1.1" 200 5640 "http://nw3weather.co.uk/" "Mozilla/5.0 (Windows NT 10.0; Win64; x64) AppleWebKit/537.36 (KHTML, like Gecko) Chrome/46.0.2486.0 Safari/537.36 Edge/13.10586"
2.102.211.240 - - [15/Jan/2016:11:54:28 +0000] "GET /mainGraph2.png?reqid=150120160954&currid=1452855011 HTTP/1.1" 200 9398 "http://nw3weather.co.uk/" "Mozilla/5.0 (Windows NT 10.0; Win64; x64) AppleWebKit/537.36 (KHTML, like Gecko) Chrome/46.0.2486.0 Safari/537.36 Edge/13.10586"
37.205.63.195 - - [15/Jan/2016:11:54:29 +0000] "GET /currcam.jpg?256396871123593821 HTTP/1.1" 200 26215 "-" "Mozilla/5.0 (Macintosh; Intel Mac OS X 10_9_5) AppleWebKit/537.36 (KHTML, like Gecko) Chrome/47.0.2526.111 Safari/537.36"
2.102.211.240 - - [15/Jan/2016:11:54:30 +0000] "GET /currcam_small.jpg?1452855013 HTTP/1.1" 200 4157 "http://nw3weather.co.uk/" "Mozilla/5.0 (Windows NT 10.0; Win64; x64) AppleWebKit/537.36 (KHTML, like Gecko) Chrome/46.0.2486.0 Safari/537.36 Edge/13.10586"
86.182.52.216 - - [15/Jan/2016:11:54:48 +0000] "GET /ajax/wx-body.php?_=1452858889944 HTTP/1.0" 200 4420 "http://nw3weather.co.uk/" "Mozilla/5.0 (Windows NT 6.1; WOW64) AppleWebKit/537.36 (KHTML, like Gecko) Chrome/47.0.2526.106 Safari/537.36"
192.36.190.2 - - [15/Jan/2016:11:54:53 +0000] "GET /currcam_small.jpg?1452858852 HTTP/1.1" 200 4157 "http://nw3weather.co.uk/" "Mozilla/5.0 (Windows NT 6.1; Win64; x64) AppleWebKit/537.36 (KHTML, like Gecko) Chrome/47.0.2526.111 Safari/537.36"
54.191.43.92 - - [15/Jan/2016:11:55:01 +0000] "GET /currcam.jpg?t=1452858901 HTTP/1.1" 200 26215 "-" "WU-webcamURLingest 1.0"
188.222.242.255 - - [15/Jan/2016:11:55:09 +0000] "GET /mainGraph1.png?reqid=130120162259&currid=1452741311 HTTP/1.1" 200 5937 "http://nw3weather.co.uk/" "Mozilla/5.0 (Windows NT 6.1; WOW64; rv:43.0) Gecko/20100101 Firefox/43.0"
188.222.242.255 - - [15/Jan/2016:11:55:09 +0000] "GET /mainGraph2.png?reqid=130120162259&currid=1452741311 HTTP/1.1" 200 9372 "http://nw3weather.co.uk/" "Mozilla/5.0 (Windows NT 6.1; WOW64; rv:43.0) Gecko/20100101 Firefox/43.0"
86.182.52.216 - - [15/Jan/2016:11:55:09 +0000] "GET /ajax/wx-body.php?_=1452858910944 HTTP/1.0" 200 4423 "http://nw3weather.co.uk/" "Mozilla/5.0 (Windows NT 6.1; WOW64) AppleWebKit/537.36 (KHTML, like Gecko) Chrome/47.0.2526.106 Safari/537.36"
188.222.242.255 - - [15/Jan/2016:11:55:11 +0000] "GET /currcam_small.jpg?1452741314 HTTP/1.1" 200 4151 "http://nw3weather.co.uk/" "Mozilla/5.0 (Windows NT 6.1; WOW64; rv:43.0) Gecko/20100101 Firefox/43.0"
188.39.39.50 - - [15/Jan/2016:11:55:15 +0000] "GET /currcam_small.jpg?1452849254 HTTP/1.1" 200 4151 "http://nw3weather.co.uk/" "Mozilla/5.0 (Windows NT 6.1; WOW64; rv:43.0) Gecko/20100101 Firefox/43.0"
2.102.211.240 - - [15/Jan/2016:11:55:15 +0000] "GET /currcam_small.jpg?1452819852 HTTP/1.1" 200 4151 "http://nw3weather.co.uk/" "Mozilla/5.0 (Windows NT 10.0; Win64; x64) AppleWebKit/537.36 (KHTML, like Gecko) Chrome/46.0.2486.0 Safari/537.36 Edge/13.10586"
86.182.52.216 - - [15/Jan/2016:11:55:23 +0000] "GET /mainGraph1.png?reqid=150120160438&currid=1452858611 HTTP/1.0" 200 5937 "http://nw3weather.co.uk/" "Mozilla/5.0 (Windows NT 6.1; WOW64) AppleWebKit/537.36 (KHTML, like Gecko) Chrome/47.0.2526.106 Safari/537.36"
86.182.52.216 - - [15/Jan/2016:11:55:23 +0000] "GET /mainGraph2.png?reqid=150120160438&currid=1452858611 HTTP/1.0" 200 9372 "http://nw3weather.co.uk/" "Mozilla/5.0 (Windows NT 6.1; WOW64) AppleWebKit/537.36 (KHTML, like Gecko) Chrome/47.0.2526.106 Safari/537.36"
86.182.52.216 - - [15/Jan/2016:11:55:25 +0000] "GET /currcam_small.jpg?1452858613 HTTP/1.0" 200 4151 "http://nw3weather.co.uk/" "Mozilla/5.0 (Windows NT 6.1; WOW64) AppleWebKit/537.36 (KHTML, like Gecko) Chrome/47.0.2526.106 Safari/537.36"
86.182.52.216 - - [15/Jan/2016:11:55:29 +0000] "GET /ajax/wx-body.php?_=1452858930945 HTTP/1.0" 200 4423 "http://nw3weather.co.uk/" "Mozilla/5.0 (Windows NT 6.1; WOW64) AppleWebKit/537.36 (KHTML, like Gecko) Chrome/47.0.2526.106 Safari/537.36"
82.94.176.141 - - [15/Jan/2016:11:55:32 +0000] "GET /wxhistday.php?month=10&year=2012 HTTP/1.0" 301 268 "http://www.nw3weather.co.uk/wxhistmonth.php?year=2012&month=10" "Mozilla/4.0 (compatible;  Vagabondo/4.0; webcrawler at wise-guys dot nl; http://webagent.wise-guys.nl/; http://www.wise-guys.nl/)"
