192.36.190.2 - - [15/Jan/2016:11:07:53 +0000] "GET /currcam_small.jpg?1452856033 HTTP/1.1" 200 4080 "http://nw3weather.co.uk/" "Mozilla/5.0 (Windows NT 6.1; Win64; x64) AppleWebKit/537.36 (KHTML, like Gecko) Chrome/47.0.2526.111 Safari/537.36"
217.69.133.14 - - [15/Jan/2016:11:07:57 +0000] "GET /robots.txt HTTP/1.0" 200 49 "-" "Mozilla/5.0 (compatible; Linux x86_64; Mail.RU_Bot/2.0; +http://go.mail.ru/help/robots)"
86.182.52.216 - - [15/Jan/2016:11:07:58 +0000] "GET /ajax/wx-body.php?_=1452856079899 HTTP/1.0" 200 4418 "http://nw3weather.co.uk/" "Mozilla/5.0 (Windows NT 6.1; WOW64) AppleWebKit/537.36 (KHTML, like Gecko) Chrome/47.0.2526.106 Safari/537.36"
5.148.169.36 - - [15/Jan/2016:11:08:07 +0000] "GET /currcam.jpg HTTP/1.1" 200 25399 "-" "webcam-4insiders.com Picture Fetcher"
134.225.100.111 - - [15/Jan/2016:11:08:09 +0000] "GET /favicon.ico HTTP/1.1" 200 894 "-" "Mozilla/5.0 (X11; Linux i686; rv:15.0) Gecko/20100101 Firefox/15.0"
37.205.63.195 - - [15/Jan/2016:11:08:11 +0000] "GET /currcam.jpg?944504924241593821 HTTP/1.1" 200 25399 "-" "Mozilla/5.0 (Macintosh; Intel Mac OS X 10_9_5) AppleWebKit/537.36 (KHTML, like Gecko) Chrome/47.0.2526.111 Safari/537.36"
77.101.52.56 - - [15/Jan/2016:11:08:12 +0000] "GET /currcam.jpg HTTP/1.1" 200 25399 "http://www.rochester-airport.co.uk/webcams.htm" "Mozilla/5.0 (Windows NT 5.2; WOW64) AppleWebKit/537.36 (KHTML, like Gecko) Chrome/47.0.2526.106 Safari/537.36"
86.182.52.216 - - [15/Jan/2016:11:08:19 +0000] "GET /ajax/wx-body.php?_=1452856100900 HTTP/1.0" 200 4419 "http://nw3weather.co.uk/" "Mozilla/5.0 (Windows NT 6.1; WOW64) AppleWebKit/537.36 (KHTML, like Gecko) Chrome/47.0.2526.106 Safari/537.36"
188.39.39.50 - - [15/Jan/2016:11:08:28 +0000] "GET /mainGraph1.png?reqid=140120161612&currid=1452846911 HTTP/1.1" 200 5709 "http://nw3weather.co.uk/" "Mozilla/5.0 (Windows NT 6.1; WOW64; rv:43.0) Gecko/20100101 Firefox/43.0"
188.39.39.50 - - [15/Jan/2016:11:08:29 +0000] "GET /mainGraph2.png?reqid=140120161612&currid=1452846911 HTTP/1.1" 200 9095 "http://nw3weather.co.uk/" "Mozilla/5.0 (Windows NT 6.1; WOW64; rv:43.0) Gecko/20100101 Firefox/43.0"
188.39.39.50 - - [15/Jan/2016:11:08:30 +0000] "GET /currcam_small.jpg?1452846912 HTTP/1.1" 200 4058 "http://nw3weather.co.uk/" "Mozilla/5.0 (Windows NT 6.1; WOW64; rv:43.0) Gecko/20100101 Firefox/43.0"
188.222.242.255 - - [15/Jan/2016:11:08:30 +0000] "GET /currcam_small.jpg?1452738552 HTTP/1.1" 200 4058 "http://nw3weather.co.uk/" "Mozilla/5.0 (Windows NT 6.1; WOW64; rv:43.0) Gecko/20100101 Firefox/43.0"
185.51.254.253 - - [15/Jan/2016:11:08:32 +0000] "GET /wx12.php HTTP/1.1" 200 27617 "http://www.google.co.uk/url?sa=t&rct=j&q=&esrc=s&source=web&cd=1&ved=0ahUKEwiw747f1qvKAhUHtxQKHUi6BssQFggfMAA&url=http%3A%2F%2Fnw3weather.co.uk%2Fwx12.php&usg=AFQjCNESETclC5qkVv7xSqSKevnpjF8QyQ&sig2=aKspXG_zqJ0AzfqGi5vNJg&bvm=bv.112064104,d.d24" "Mozilla/5.0 (Windows NT 6.1; WOW64; Trident/7.0; rv:11.0) like Gecko"
185.51.254.253 - - [15/Jan/2016:11:08:32 +0000] "GET /static-images/leftheadN.JPG HTTP/1.1" 200 1790 "http://nw3weather.co.uk/wx12.php" "Mozilla/5.0 (Windows NT 6.1; WOW64; Trident/7.0; rv:11.0) like Gecko"
185.51.254.253 - - [15/Jan/2016:11:08:32 +0000] "GET /mainstyle.css HTTP/1.1" 200 6824 "http://nw3weather.co.uk/wx12.php" "Mozilla/5.0 (Windows NT 6.1; WOW64; Trident/7.0; rv:11.0) like Gecko"
185.51.254.253 - - [15/Jan/2016:11:08:32 +0000] "GET /mainstyle.css HTTP/1.1" 200 6824 "http://nw3weather.co.uk/wx12.php" "Mozilla/5.0 (Windows NT 6.1; WOW64; Trident/7.0; rv:11.0) like Gecko"
185.51.254.253 - - [15/Jan/2016:11:08:33 +0000] "GET /static-images/leftheadN.JPG HTTP/1.1" 200 1790 "http://nw3weather.co.uk/wx12.php" "Mozilla/5.0 (Windows NT 6.1; WOW64; Trident/7.0; rv:11.0) like Gecko"
185.51.254.253 - - [15/Jan/2016:11:08:33 +0000] "GET /static-images/newmain.jpg HTTP/1.1" 200 15243 "http://nw3weather.co.uk/wx12.php" "Mozilla/5.0 (Windows NT 6.1; WOW64; Trident/7.0; rv:11.0) like Gecko"
185.51.254.253 - - [15/Jan/2016:11:08:33 +0000] "GET /static-images/rightheadS.JPG HTTP/1.1" 200 3881 "http://nw3weather.co.uk/wx12.php" "Mozilla/5.0 (Windows NT 6.1; WOW64; Trident/7.0; rv:11.0) like Gecko"
185.51.254.253 - - [15/Jan/2016:11:08:33 +0000] "GET /background.jpg HTTP/1.1" 200 7693 "http://nw3weather.co.uk/wx12.php" "Mozilla/5.0 (Windows NT 6.1; WOW64; Trident/7.0; rv:11.0) like Gecko"
185.51.254.253 - - [15/Jan/2016:11:08:33 +0000] "GET /graph31.php?type=rain&x=565&y=300 HTTP/1.1" 200 3817 "http://nw3weather.co.uk/wx12.php" "Mozilla/5.0 (Windows NT 6.1; WOW64; Trident/7.0; rv:11.0) like Gecko"
185.51.254.253 - - [15/Jan/2016:11:08:33 +0000] "GET /graphdayA.php?type1=rain&x=800&y=400 HTTP/1.1" 200 8905 "http://nw3weather.co.uk/wx12.php" "Mozilla/5.0 (Windows NT 6.1; WOW64; Trident/7.0; rv:11.0) like Gecko"
185.51.254.253 - - [15/Jan/2016:11:08:33 +0000] "GET /graph12.php?type=rain&x=600&y=300 HTTP/1.1" 200 5433 "http://nw3weather.co.uk/wx12.php" "Mozilla/5.0 (Windows NT 6.1; WOW64; Trident/7.0; rv:11.0) like Gecko"
185.51.254.253 - - [15/Jan/2016:11:08:33 +0000] "GET /favicon.ico HTTP/1.1" 200 894 "-" "Mozilla/5.0 (Windows NT 6.1; Win64; x64; Trident/7.0; rv:11.0) like Gecko"
86.182.52.216 - - [15/Jan/2016:11:08:34 +0000] "GET /currcam_small.jpg?1452855852 HTTP/1.0" 200 4058 "http://nw3weather.co.uk/" "Mozilla/5.0 (Windows NT 6.1; WOW64) AppleWebKit/537.36 (KHTML, like Gecko) Chrome/47.0.2526.106 Safari/537.36"
86.182.52.216 - - [15/Jan/2016:11:08:39 +0000] "GET /ajax/wx-body.php?_=1452856120900 HTTP/1.0" 200 4419 "http://nw3weather.co.uk/" "Mozilla/5.0 (Windows NT 6.1; WOW64) AppleWebKit/537.36 (KHTML, like Gecko) Chrome/47.0.2526.106 Safari/537.36"
192.36.190.2 - - [15/Jan/2016:11:08:53 +0000] "GET /currcam_small.jpg?1452856093 HTTP/1.1" 200 4058 "http://nw3weather.co.uk/" "Mozilla/5.0 (Windows NT 6.1; Win64; x64) AppleWebKit/537.36 (KHTML, like Gecko) Chrome/47.0.2526.111 Safari/537.36"
86.182.52.216 - - [15/Jan/2016:11:09:00 +0000] "GET /ajax/wx-body.php?_=1452856141900 HTTP/1.0" 200 4420 "http://nw3weather.co.uk/" "Mozilla/5.0 (Windows NT 6.1; WOW64) AppleWebKit/537.36 (KHTML, like Gecko) Chrome/47.0.2526.106 Safari/537.36"
77.101.52.56 - - [15/Jan/2016:11:09:19 +0000] "GET /currcam.jpg HTTP/1.1" 200 25411 "http://www.rochester-airport.co.uk/webcams.htm" "Mozilla/5.0 (Windows NT 5.2; WOW64) AppleWebKit/537.36 (KHTML, like Gecko) Chrome/47.0.2526.106 Safari/537.36"
86.182.52.216 - - [15/Jan/2016:11:09:21 +0000] "GET /ajax/wx-body.php?_=1452856162901 HTTP/1.0" 200 4419 "http://nw3weather.co.uk/" "Mozilla/5.0 (Windows NT 6.1; WOW64) AppleWebKit/537.36 (KHTML, like Gecko) Chrome/47.0.2526.106 Safari/537.36"
37.205.63.195 - - [15/Jan/2016:11:09:25 +0000] "GET /currcam.jpg?944504318212593821 HTTP/1.1" 200 25411 "-" "Mozilla/5.0 (Macintosh; Intel Mac OS X 10_9_5) AppleWebKit/537.36 (KHTML, like Gecko) Chrome/47.0.2526.111 Safari/537.36"
188.222.242.255 - - [15/Jan/2016:11:09:30 +0000] "GET /currcam_small.jpg?1452738611 HTTP/1.1" 200 4037 "http://nw3weather.co.uk/" "Mozilla/5.0 (Windows NT 6.1; WOW64; rv:43.0) Gecko/20100101 Firefox/43.0"
188.222.242.255 - - [15/Jan/2016:11:09:31 +0000] "GET /mainGraph1.png?reqid=130120162259&currid=1452738611 HTTP/1.1" 200 5709 "http://nw3weather.co.uk/" "Mozilla/5.0 (Windows NT 6.1; WOW64; rv:43.0) Gecko/20100101 Firefox/43.0"
188.222.242.255 - - [15/Jan/2016:11:09:31 +0000] "GET /mainGraph2.png?reqid=130120162259&currid=1452738611 HTTP/1.1" 200 9095 "http://nw3weather.co.uk/" "Mozilla/5.0 (Windows NT 6.1; WOW64; rv:43.0) Gecko/20100101 Firefox/43.0"
86.182.52.216 - - [15/Jan/2016:11:09:35 +0000] "GET /mainGraph1.png?reqid=150120160438&currid=1452855911 HTTP/1.0" 200 5709 "http://nw3weather.co.uk/" "Mozilla/5.0 (Windows NT 6.1; WOW64) AppleWebKit/537.36 (KHTML, like Gecko) Chrome/47.0.2526.106 Safari/537.36"
86.182.52.216 - - [15/Jan/2016:11:09:35 +0000] "GET /mainGraph2.png?reqid=150120160438&currid=1452855911 HTTP/1.0" 200 9095 "http://nw3weather.co.uk/" "Mozilla/5.0 (Windows NT 6.1; WOW64) AppleWebKit/537.36 (KHTML, like Gecko) Chrome/47.0.2526.106 Safari/537.36"
86.182.52.216 - - [15/Jan/2016:11:09:39 +0000] "GET /currcam_small.jpg?1452855915 HTTP/1.0" 200 4037 "http://nw3weather.co.uk/" "Mozilla/5.0 (Windows NT 6.1; WOW64) AppleWebKit/537.36 (KHTML, like Gecko) Chrome/47.0.2526.106 Safari/537.36"
86.182.52.216 - - [15/Jan/2016:11:09:41 +0000] "GET /ajax/wx-body.php?_=1452856182902 HTTP/1.0" 200 4419 "http://nw3weather.co.uk/" "Mozilla/5.0 (Windows NT 6.1; WOW64) AppleWebKit/537.36 (KHTML, like Gecko) Chrome/47.0.2526.106 Safari/537.36"
188.39.39.50 - - [15/Jan/2016:11:09:42 +0000] "GET /currcam_small.jpg?1452846972 HTTP/1.1" 200 4037 "http://nw3weather.co.uk/" "Mozilla/5.0 (Windows NT 6.1; WOW64; rv:43.0) Gecko/20100101 Firefox/43.0"
54.191.43.92 - - [15/Jan/2016:11:09:43 +0000] "GET /currcam.jpg?t=1452856183 HTTP/1.1" 200 25411 "-" "WU-webcamURLingest 1.0"
192.36.190.2 - - [15/Jan/2016:11:09:53 +0000] "GET /currcam_small.jpg?1452856153 HTTP/1.1" 200 4037 "http://nw3weather.co.uk/" "Mozilla/5.0 (Windows NT 6.1; Win64; x64) AppleWebKit/537.36 (KHTML, like Gecko) Chrome/47.0.2526.111 Safari/537.36"
86.182.52.216 - - [15/Jan/2016:11:10:02 +0000] "GET /ajax/wx-body.php?_=1452856203901 HTTP/1.0" 200 4421 "http://nw3weather.co.uk/" "Mozilla/5.0 (Windows NT 6.1; WOW64) AppleWebKit/537.36 (KHTML, like Gecko) Chrome/47.0.2526.106 Safari/537.36"
86.182.52.216 - - [15/Jan/2016:11:10:23 +0000] "GET /ajax/wx-body.php?_=1452856224901 HTTP/1.0" 200 4421 "http://nw3weather.co.uk/" "Mozilla/5.0 (Windows NT 6.1; WOW64) AppleWebKit/537.36 (KHTML, like Gecko) Chrome/47.0.2526.106 Safari/537.36"
188.222.242.255 - - [15/Jan/2016:11:10:32 +0000] "GET /currcam_small.jpg?1452738671 HTTP/1.1" 200 4143 "http://nw3weather.co.uk/" "Mozilla/5.0 (Windows NT 6.1; WOW64; rv:43.0) Gecko/20100101 Firefox/43.0"
86.182.52.216 - - [15/Jan/2016:11:10:39 +0000] "GET /currcam_small.jpg?1452855972 HTTP/1.0" 200 4143 "http://nw3weather.co.uk/" "Mozilla/5.0 (Windows NT 6.1; WOW64) AppleWebKit/537.36 (KHTML, like Gecko) Chrome/47.0.2526.106 Safari/537.36"
37.205.63.195 - - [15/Jan/2016:11:10:40 +0000] "GET /currcam.jpg?944504522645593821 HTTP/1.1" 200 25700 "-" "Mozilla/5.0 (Macintosh; Intel Mac OS X 10_9_5) AppleWebKit/537.36 (KHTML, like Gecko) Chrome/47.0.2526.111 Safari/537.36"
86.182.52.216 - - [15/Jan/2016:11:10:44 +0000] "GET /ajax/wx-body.php?_=1452856245902 HTTP/1.0" 200 4420 "http://nw3weather.co.uk/" "Mozilla/5.0 (Windows NT 6.1; WOW64) AppleWebKit/537.36 (KHTML, like Gecko) Chrome/47.0.2526.106 Safari/537.36"
192.36.190.2 - - [15/Jan/2016:11:10:50 +0000] "GET /mainGraph2.png?reqid=150120160830&currid=1452856211 HTTP/1.1" 200 9108 "http://nw3weather.co.uk/" "Mozilla/5.0 (Windows NT 6.1; Win64; x64) AppleWebKit/537.36 (KHTML, like Gecko) Chrome/47.0.2526.111 Safari/537.36"
192.36.190.2 - - [15/Jan/2016:11:10:50 +0000] "GET /mainGraph1.png?reqid=150120160830&currid=1452856211 HTTP/1.1" 200 5724 "http://nw3weather.co.uk/" "Mozilla/5.0 (Windows NT 6.1; Win64; x64) AppleWebKit/537.36 (KHTML, like Gecko) Chrome/47.0.2526.111 Safari/537.36"
192.36.190.2 - - [15/Jan/2016:11:10:53 +0000] "GET /currcam_small.jpg?1452856213 HTTP/1.1" 200 4143 "http://nw3weather.co.uk/" "Mozilla/5.0 (Windows NT 6.1; Win64; x64) AppleWebKit/537.36 (KHTML, like Gecko) Chrome/47.0.2526.111 Safari/537.36"
188.39.39.50 - - [15/Jan/2016:11:10:53 +0000] "GET /currcam_small.jpg?1452847032 HTTP/1.1" 200 4143 "http://nw3weather.co.uk/" "Mozilla/5.0 (Windows NT 6.1; WOW64; rv:43.0) Gecko/20100101 Firefox/43.0"
86.182.52.216 - - [15/Jan/2016:11:11:05 +0000] "GET /ajax/wx-body.php?_=1452856266903 HTTP/1.0" 200 4421 "http://nw3weather.co.uk/" "Mozilla/5.0 (Windows NT 6.1; WOW64) AppleWebKit/537.36 (KHTML, like Gecko) Chrome/47.0.2526.106 Safari/537.36"
77.101.52.56 - - [15/Jan/2016:11:11:06 +0000] "GET /currcam.jpg HTTP/1.1" 200 25577 "http://www.rochester-airport.co.uk/webcams.htm" "Mozilla/5.0 (Windows NT 5.2; WOW64) AppleWebKit/537.36 (KHTML, like Gecko) Chrome/47.0.2526.106 Safari/537.36"
86.182.52.216 - - [15/Jan/2016:11:11:26 +0000] "GET /ajax/wx-body.php?_=1452856287903 HTTP/1.0" 200 4420 "http://nw3weather.co.uk/" "Mozilla/5.0 (Windows NT 6.1; WOW64) AppleWebKit/537.36 (KHTML, like Gecko) Chrome/47.0.2526.106 Safari/537.36"
54.191.43.92 - - [15/Jan/2016:11:11:35 +0000] "GET /currcam.jpg?t=1452856295 HTTP/1.1" 200 25577 "-" "WU-webcamURLingest 1.0"
188.222.242.255 - - [15/Jan/2016:11:11:36 +0000] "GET /currcam_small.jpg?1452738735 HTTP/1.1" 200 4038 "http://nw3weather.co.uk/" "Mozilla/5.0 (Windows NT 6.1; WOW64; rv:43.0) Gecko/20100101 Firefox/43.0"
86.182.52.216 - - [15/Jan/2016:11:11:44 +0000] "GET /currcam_small.jpg?1452856034 HTTP/1.0" 200 4038 "http://nw3weather.co.uk/" "Mozilla/5.0 (Windows NT 6.1; WOW64) AppleWebKit/537.36 (KHTML, like Gecko) Chrome/47.0.2526.106 Safari/537.36"
86.182.52.216 - - [15/Jan/2016:11:11:47 +0000] "GET /ajax/wx-body.php?_=1452856308903 HTTP/1.0" 200 4420 "http://nw3weather.co.uk/" "Mozilla/5.0 (Windows NT 6.1; WOW64) AppleWebKit/537.36 (KHTML, like Gecko) Chrome/47.0.2526.106 Safari/537.36"
192.36.190.2 - - [15/Jan/2016:11:11:53 +0000] "GET /currcam_small.jpg?1452856273 HTTP/1.1" 200 4038 "http://nw3weather.co.uk/" "Mozilla/5.0 (Windows NT 6.1; Win64; x64) AppleWebKit/537.36 (KHTML, like Gecko) Chrome/47.0.2526.111 Safari/537.36"
37.205.63.195 - - [15/Jan/2016:11:11:55 +0000] "GET /currcam.jpg?944504359647593821 HTTP/1.1" 200 25577 "-" "Mozilla/5.0 (Macintosh; Intel Mac OS X 10_9_5) AppleWebKit/537.36 (KHTML, like Gecko) Chrome/47.0.2526.111 Safari/537.36"
188.39.39.50 - - [15/Jan/2016:11:12:05 +0000] "GET /currcam_small.jpg?1452847092 HTTP/1.1" 200 4040 "http://nw3weather.co.uk/" "Mozilla/5.0 (Windows NT 6.1; WOW64; rv:43.0) Gecko/20100101 Firefox/43.0"
86.182.52.216 - - [15/Jan/2016:11:12:08 +0000] "GET /ajax/wx-body.php?_=1452856329903 HTTP/1.0" 200 4419 "http://nw3weather.co.uk/" "Mozilla/5.0 (Windows NT 6.1; WOW64) AppleWebKit/537.36 (KHTML, like Gecko) Chrome/47.0.2526.106 Safari/537.36"
66.249.66.128 - - [15/Jan/2016:11:12:23 +0000] "GET /wx12.php HTTP/1.1" 200 27617 "-" "Mozilla/5.0 (compatible; Googlebot/2.1; +http://www.google.com/bot.html)"
77.101.52.56 - - [15/Jan/2016:11:12:27 +0000] "GET /currcam.jpg HTTP/1.1" 200 25526 "http://www.rochester-airport.co.uk/webcams.htm" "Mozilla/5.0 (Windows NT 5.2; WOW64) AppleWebKit/537.36 (KHTML, like Gecko) Chrome/47.0.2526.106 Safari/537.36"
86.182.52.216 - - [15/Jan/2016:11:12:29 +0000] "GET /ajax/wx-body.php?_=1452856350903 HTTP/1.0" 200 4418 "http://nw3weather.co.uk/" "Mozilla/5.0 (Windows NT 6.1; WOW64) AppleWebKit/537.36 (KHTML, like Gecko) Chrome/47.0.2526.106 Safari/537.36"
188.222.242.255 - - [15/Jan/2016:11:12:36 +0000] "GET /currcam_small.jpg?1452738794 HTTP/1.1" 200 4040 "http://nw3weather.co.uk/" "Mozilla/5.0 (Windows NT 6.1; WOW64; rv:43.0) Gecko/20100101 Firefox/43.0"
86.182.52.216 - - [15/Jan/2016:11:12:44 +0000] "GET /currcam_small.jpg?1452856091 HTTP/1.0" 200 4040 "http://nw3weather.co.uk/" "Mozilla/5.0 (Windows NT 6.1; WOW64) AppleWebKit/537.36 (KHTML, like Gecko) Chrome/47.0.2526.106 Safari/537.36"
86.182.52.216 - - [15/Jan/2016:11:12:49 +0000] "GET /currcam_small.jpg?1452856095 HTTP/1.0" 200 4040 "http://nw3weather.co.uk/" "Mozilla/5.0 (Windows NT 6.1; WOW64) AppleWebKit/537.36 (KHTML, like Gecko) Chrome/47.0.2526.106 Safari/537.36"
86.182.52.216 - - [15/Jan/2016:11:12:51 +0000] "GET /ajax/wx-body.php?_=1452856372903 HTTP/1.0" 200 4418 "http://nw3weather.co.uk/" "Mozilla/5.0 (Windows NT 6.1; WOW64) AppleWebKit/537.36 (KHTML, like Gecko) Chrome/47.0.2526.106 Safari/537.36"
192.36.190.2 - - [15/Jan/2016:11:12:53 +0000] "GET /currcam_small.jpg?1452856333 HTTP/1.1" 200 4040 "http://nw3weather.co.uk/" "Mozilla/5.0 (Windows NT 6.1; Win64; x64) AppleWebKit/537.36 (KHTML, like Gecko) Chrome/47.0.2526.111 Safari/537.36"
144.76.1.49 - - [15/Jan/2016:11:12:54 +0000] "GET /jpgwebcam.jpg HTTP/1.1" 301 243 "-" "-"
5.148.169.36 - - [15/Jan/2016:11:13:08 +0000] "GET /currcam.jpg HTTP/1.1" 200 25478 "-" "webcam-4insiders.com Picture Fetcher"
37.205.63.195 - - [15/Jan/2016:11:13:10 +0000] "GET /currcam.jpg?944504352016593821 HTTP/1.1" 200 25478 "-" "Mozilla/5.0 (Macintosh; Intel Mac OS X 10_9_5) AppleWebKit/537.36 (KHTML, like Gecko) Chrome/47.0.2526.111 Safari/537.36"
86.182.52.216 - - [15/Jan/2016:11:13:12 +0000] "GET /ajax/wx-body.php?_=1452856393904 HTTP/1.0" 200 4417 "http://nw3weather.co.uk/" "Mozilla/5.0 (Windows NT 6.1; WOW64) AppleWebKit/537.36 (KHTML, like Gecko) Chrome/47.0.2526.106 Safari/537.36"
188.39.39.50 - - [15/Jan/2016:11:13:17 +0000] "GET /currcam_small.jpg?1452847152 HTTP/1.1" 200 4060 "http://nw3weather.co.uk/" "Mozilla/5.0 (Windows NT 6.1; WOW64; rv:43.0) Gecko/20100101 Firefox/43.0"
38.102.136.219 - - [15/Jan/2016:11:13:18 +0000] "GET /currcam.jpg?t=1452856388 HTTP/1.1" 200 25478 "-" "WU-webcamURLingest 1.0"
86.182.52.216 - - [15/Jan/2016:11:13:33 +0000] "GET /ajax/wx-body.php?_=1452856414905 HTTP/1.0" 200 4418 "http://nw3weather.co.uk/" "Mozilla/5.0 (Windows NT 6.1; WOW64) AppleWebKit/537.36 (KHTML, like Gecko) Chrome/47.0.2526.106 Safari/537.36"
54.191.43.92 - - [15/Jan/2016:11:13:35 +0000] "GET /currcam.jpg?t=1452856415 HTTP/1.1" 200 25478 "-" "WU-webcamURLingest 1.0"
188.222.242.255 - - [15/Jan/2016:11:13:36 +0000] "GET /currcam_small.jpg?1452738854 HTTP/1.1" 200 4060 "http://nw3weather.co.uk/" "Mozilla/5.0 (Windows NT 6.1; WOW64; rv:43.0) Gecko/20100101 Firefox/43.0"
77.101.52.56 - - [15/Jan/2016:11:13:39 +0000] "GET /currcam.jpg HTTP/1.1" 200 25478 "http://www.rochester-airport.co.uk/webcams.htm" "Mozilla/5.0 (Windows NT 5.2; WOW64) AppleWebKit/537.36 (KHTML, like Gecko) Chrome/47.0.2526.106 Safari/537.36"
86.182.52.216 - - [15/Jan/2016:11:13:49 +0000] "GET /currcam_small.jpg?1452856152 HTTP/1.0" 200 4060 "http://nw3weather.co.uk/" "Mozilla/5.0 (Windows NT 6.1; WOW64) AppleWebKit/537.36 (KHTML, like Gecko) Chrome/47.0.2526.106 Safari/537.36"
192.36.190.2 - - [15/Jan/2016:11:13:53 +0000] "GET /currcam_small.jpg?1452856393 HTTP/1.1" 200 4060 "http://nw3weather.co.uk/" "Mozilla/5.0 (Windows NT 6.1; Win64; x64) AppleWebKit/537.36 (KHTML, like Gecko) Chrome/47.0.2526.111 Safari/537.36"
86.182.52.216 - - [15/Jan/2016:11:13:54 +0000] "GET /ajax/wx-body.php?_=1452856435905 HTTP/1.0" 200 4419 "http://nw3weather.co.uk/" "Mozilla/5.0 (Windows NT 6.1; WOW64) AppleWebKit/537.36 (KHTML, like Gecko) Chrome/47.0.2526.106 Safari/537.36"
37.205.63.195 - - [15/Jan/2016:11:14:01 +0000] "GET /currcam.jpg?816493343131 HTTP/1.1" 200 25478 "-" "Mozilla/5.0 (Macintosh; Intel Mac OS X 10_9_5) AppleWebKit/537.36 (KHTML, like Gecko) Chrome/47.0.2526.111 Safari/537.36"
37.205.63.195 - - [15/Jan/2016:11:14:01 +0000] "GET /currcam.jpg?816493757379 HTTP/1.1" 200 25478 "-" "Mozilla/5.0 (Macintosh; Intel Mac OS X 10_9_5) AppleWebKit/537.36 (KHTML, like Gecko) Chrome/47.0.2526.111 Safari/537.36"
37.205.63.195 - - [15/Jan/2016:11:14:01 +0000] "GET /currcam.jpg?816493475405 HTTP/1.1" 200 25478 "-" "Mozilla/5.0 (Macintosh; Intel Mac OS X 10_9_5) AppleWebKit/537.36 (KHTML, like Gecko) Chrome/47.0.2526.111 Safari/537.36"
37.205.63.195 - - [15/Jan/2016:11:14:01 +0000] "GET /currcam.jpg?816493721431 HTTP/1.1" 200 25478 "-" "Mozilla/5.0 (Macintosh; Intel Mac OS X 10_9_5) AppleWebKit/537.36 (KHTML, like Gecko) Chrome/47.0.2526.111 Safari/537.36"
37.205.63.195 - - [15/Jan/2016:11:14:01 +0000] "GET /currcam.jpg?816493338579 HTTP/1.1" 200 25478 "-" "Mozilla/5.0 (Macintosh; Intel Mac OS X 10_9_5) AppleWebKit/537.36 (KHTML, like Gecko) Chrome/47.0.2526.111 Safari/537.36"
37.205.63.195 - - [15/Jan/2016:11:14:01 +0000] "GET /currcam.jpg?816493746671 HTTP/1.1" 200 25478 "-" "Mozilla/5.0 (Macintosh; Intel Mac OS X 10_9_5) AppleWebKit/537.36 (KHTML, like Gecko) Chrome/47.0.2526.111 Safari/537.36"
37.205.63.195 - - [15/Jan/2016:11:14:01 +0000] "GET /currcam.jpg?816493342752 HTTP/1.1" 200 25478 "-" "Mozilla/5.0 (Macintosh; Intel Mac OS X 10_9_5) AppleWebKit/537.36 (KHTML, like Gecko) Chrome/47.0.2526.111 Safari/537.36"
37.205.63.195 - - [15/Jan/2016:11:14:01 +0000] "GET /currcam.jpg?816493860262 HTTP/1.1" 200 25478 "-" "Mozilla/5.0 (Macintosh; Intel Mac OS X 10_9_5) AppleWebKit/537.36 (KHTML, like Gecko) Chrome/47.0.2526.111 Safari/537.36"
37.205.63.195 - - [15/Jan/2016:11:14:01 +0000] "GET /currcam.jpg?816493386845 HTTP/1.1" 200 25478 "-" "Mozilla/5.0 (Macintosh; Intel Mac OS X 10_9_5) AppleWebKit/537.36 (KHTML, like Gecko) Chrome/47.0.2526.111 Safari/537.36"
37.205.63.195 - - [15/Jan/2016:11:14:01 +0000] "GET /currcam.jpg?816493582261 HTTP/1.1" 200 25478 "-" "Mozilla/5.0 (Macintosh; Intel Mac OS X 10_9_5) AppleWebKit/537.36 (KHTML, like Gecko) Chrome/47.0.2526.111 Safari/537.36"
86.182.52.216 - - [15/Jan/2016:11:14:15 +0000] "GET /ajax/wx-body.php?_=1452856456905 HTTP/1.0" 200 4428 "http://nw3weather.co.uk/" "Mozilla/5.0 (Windows NT 6.1; WOW64) AppleWebKit/537.36 (KHTML, like Gecko) Chrome/47.0.2526.106 Safari/537.36"
37.205.63.195 - - [15/Jan/2016:11:14:26 +0000] "GET /currcam.jpg?816493343131593821 HTTP/1.1" 200 25377 "-" "Mozilla/5.0 (Macintosh; Intel Mac OS X 10_9_5) AppleWebKit/537.36 (KHTML, like Gecko) Chrome/47.0.2526.111 Safari/537.36"
188.39.39.50 - - [15/Jan/2016:11:14:27 +0000] "GET /mainGraph1.png?reqid=140120161612&currid=1452847211 HTTP/1.1" 200 5724 "http://nw3weather.co.uk/" "Mozilla/5.0 (Windows NT 6.1; WOW64; rv:43.0) Gecko/20100101 Firefox/43.0"
188.39.39.50 - - [15/Jan/2016:11:14:27 +0000] "GET /mainGraph2.png?reqid=140120161612&currid=1452847211 HTTP/1.1" 200 9108 "http://nw3weather.co.uk/" "Mozilla/5.0 (Windows NT 6.1; WOW64; rv:43.0) Gecko/20100101 Firefox/43.0"
188.39.39.50 - - [15/Jan/2016:11:14:28 +0000] "GET /currcam_small.jpg?1452847211 HTTP/1.1" 200 4062 "http://nw3weather.co.uk/" "Mozilla/5.0 (Windows NT 6.1; WOW64; rv:43.0) Gecko/20100101 Firefox/43.0"
188.39.39.50 - - [15/Jan/2016:11:14:33 +0000] "GET /currcam_small.jpg?1452847215 HTTP/1.1" 200 4062 "http://nw3weather.co.uk/" "Mozilla/5.0 (Windows NT 6.1; WOW64; rv:43.0) Gecko/20100101 Firefox/43.0"
188.222.242.255 - - [15/Jan/2016:11:14:34 +0000] "GET /mainGraph1.png?reqid=130120162259&currid=1452738911 HTTP/1.1" 200 5724 "http://nw3weather.co.uk/" "Mozilla/5.0 (Windows NT 6.1; WOW64; rv:43.0) Gecko/20100101 Firefox/43.0"
188.222.242.255 - - [15/Jan/2016:11:14:34 +0000] "GET /mainGraph2.png?reqid=130120162259&currid=1452738911 HTTP/1.1" 200 9108 "http://nw3weather.co.uk/" "Mozilla/5.0 (Windows NT 6.1; WOW64; rv:43.0) Gecko/20100101 Firefox/43.0"
188.222.242.255 - - [15/Jan/2016:11:14:36 +0000] "GET /currcam_small.jpg?1452738913 HTTP/1.1" 200 4062 "http://nw3weather.co.uk/" "Mozilla/5.0 (Windows NT 6.1; WOW64; rv:43.0) Gecko/20100101 Firefox/43.0"
86.182.52.216 - - [15/Jan/2016:11:14:36 +0000] "GET /ajax/wx-body.php?_=1452856477905 HTTP/1.0" 200 4428 "http://nw3weather.co.uk/" "Mozilla/5.0 (Windows NT 6.1; WOW64) AppleWebKit/537.36 (KHTML, like Gecko) Chrome/47.0.2526.106 Safari/537.36"
86.182.52.216 - - [15/Jan/2016:11:14:51 +0000] "GET /mainGraph1.png?reqid=150120160438&currid=1452856211 HTTP/1.0" 200 5724 "http://nw3weather.co.uk/" "Mozilla/5.0 (Windows NT 6.1; WOW64) AppleWebKit/537.36 (KHTML, like Gecko) Chrome/47.0.2526.106 Safari/537.36"
86.182.52.216 - - [15/Jan/2016:11:14:51 +0000] "GET /mainGraph2.png?reqid=150120160438&currid=1452856211 HTTP/1.0" 200 9108 "http://nw3weather.co.uk/" "Mozilla/5.0 (Windows NT 6.1; WOW64) AppleWebKit/537.36 (KHTML, like Gecko) Chrome/47.0.2526.106 Safari/537.36"
192.36.190.2 - - [15/Jan/2016:11:14:53 +0000] "GET /currcam_small.jpg?1452856453 HTTP/1.1" 200 4062 "http://nw3weather.co.uk/" "Mozilla/5.0 (Windows NT 6.1; Win64; x64) AppleWebKit/537.36 (KHTML, like Gecko) Chrome/47.0.2526.111 Safari/537.36"
77.101.52.56 - - [15/Jan/2016:11:14:53 +0000] "GET /currcam.jpg HTTP/1.1" 200 25377 "http://www.rochester-airport.co.uk/webcams.htm" "Mozilla/5.0 (Windows NT 5.2; WOW64) AppleWebKit/537.36 (KHTML, like Gecko) Chrome/47.0.2526.106 Safari/537.36"
86.182.52.216 - - [15/Jan/2016:11:14:54 +0000] "GET /currcam_small.jpg?1452856214 HTTP/1.0" 200 4062 "http://nw3weather.co.uk/" "Mozilla/5.0 (Windows NT 6.1; WOW64) AppleWebKit/537.36 (KHTML, like Gecko) Chrome/47.0.2526.106 Safari/537.36"
86.182.52.216 - - [15/Jan/2016:11:14:57 +0000] "GET /ajax/wx-body.php?_=1452856498905 HTTP/1.0" 200 4428 "http://nw3weather.co.uk/" "Mozilla/5.0 (Windows NT 6.1; WOW64) AppleWebKit/537.36 (KHTML, like Gecko) Chrome/47.0.2526.106 Safari/537.36"
94.15.100.66 - - [15/Jan/2016:11:15:17 +0000] "GET /img33_Beaufort_NOAA.gif HTTP/1.1" 200 19854 "-" "Mozilla/5.0 (iPhone; CPU iPhone OS 9_2 like Mac OS X) AppleWebKit/600.1.4 (KHTML, like Gecko) GSA/11.1.66360 Mobile/13C75 Safari/600.1.4"
86.182.52.216 - - [15/Jan/2016:11:15:18 +0000] "GET /ajax/wx-body.php?_=1452856519906 HTTP/1.0" 200 4427 "http://nw3weather.co.uk/" "Mozilla/5.0 (Windows NT 6.1; WOW64) AppleWebKit/537.36 (KHTML, like Gecko) Chrome/47.0.2526.106 Safari/537.36"
188.222.242.255 - - [15/Jan/2016:11:15:36 +0000] "GET /currcam_small.jpg?1452738972 HTTP/1.1" 200 4054 "http://nw3weather.co.uk/" "Mozilla/5.0 (Windows NT 6.1; WOW64; rv:43.0) Gecko/20100101 Firefox/43.0"
86.182.52.216 - - [15/Jan/2016:11:15:39 +0000] "GET /ajax/wx-body.php?_=1452856540907 HTTP/1.0" 200 4428 "http://nw3weather.co.uk/" "Mozilla/5.0 (Windows NT 6.1; WOW64) AppleWebKit/537.36 (KHTML, like Gecko) Chrome/47.0.2526.106 Safari/537.36"
188.39.39.50 - - [15/Jan/2016:11:15:40 +0000] "GET /currcam_small.jpg?1452847271 HTTP/1.1" 200 4054 "http://nw3weather.co.uk/" "Mozilla/5.0 (Windows NT 6.1; WOW64; rv:43.0) Gecko/20100101 Firefox/43.0"
54.191.43.92 - - [15/Jan/2016:11:15:41 +0000] "GET /currcam.jpg?t=1452856541 HTTP/1.1" 200 25519 "-" "WU-webcamURLingest 1.0"
37.205.63.195 - - [15/Jan/2016:11:15:41 +0000] "GET /currcam.jpg?816493757379593821 HTTP/1.1" 200 25519 "-" "Mozilla/5.0 (Macintosh; Intel Mac OS X 10_9_5) AppleWebKit/537.36 (KHTML, like Gecko) Chrome/47.0.2526.111 Safari/537.36"
188.143.232.43 - - [15/Jan/2016:11:15:43 +0000] "GET /repyear.php HTTP/1.1" 403 7566 "-" "Mozilla/4.0 (compatible; MSIE 6.0; Windows NT 5.1; SV1)"
192.36.190.2 - - [15/Jan/2016:11:15:50 +0000] "GET /mainGraph1.png?reqid=150120160830&currid=1452856511 HTTP/1.1" 200 5999 "http://nw3weather.co.uk/" "Mozilla/5.0 (Windows NT 6.1; Win64; x64) AppleWebKit/537.36 (KHTML, like Gecko) Chrome/47.0.2526.111 Safari/537.36"
192.36.190.2 - - [15/Jan/2016:11:15:50 +0000] "GET /mainGraph2.png?reqid=150120160830&currid=1452856511 HTTP/1.1" 200 9105 "http://nw3weather.co.uk/" "Mozilla/5.0 (Windows NT 6.1; Win64; x64) AppleWebKit/537.36 (KHTML, like Gecko) Chrome/47.0.2526.111 Safari/537.36"
192.36.190.2 - - [15/Jan/2016:11:15:53 +0000] "GET /currcam_small.jpg?1452856513 HTTP/1.1" 200 4054 "http://nw3weather.co.uk/" "Mozilla/5.0 (Windows NT 6.1; Win64; x64) AppleWebKit/537.36 (KHTML, like Gecko) Chrome/47.0.2526.111 Safari/537.36"
86.182.52.216 - - [15/Jan/2016:11:15:54 +0000] "GET /currcam_small.jpg?1452856271 HTTP/1.0" 200 4054 "http://nw3weather.co.uk/" "Mozilla/5.0 (Windows NT 6.1; WOW64) AppleWebKit/537.36 (KHTML, like Gecko) Chrome/47.0.2526.106 Safari/537.36"
86.182.52.216 - - [15/Jan/2016:11:15:59 +0000] "GET /currcam_small.jpg?1452856275 HTTP/1.0" 200 4054 "http://nw3weather.co.uk/" "Mozilla/5.0 (Windows NT 6.1; WOW64) AppleWebKit/537.36 (KHTML, like Gecko) Chrome/47.0.2526.106 Safari/537.36"
86.182.52.216 - - [15/Jan/2016:11:16:00 +0000] "GET /ajax/wx-body.php?_=1452856561907 HTTP/1.0" 200 4428 "http://nw3weather.co.uk/" "Mozilla/5.0 (Windows NT 6.1; WOW64) AppleWebKit/537.36 (KHTML, like Gecko) Chrome/47.0.2526.106 Safari/537.36"
77.101.52.56 - - [15/Jan/2016:11:16:09 +0000] "GET /currcam.jpg HTTP/1.1" 200 25568 "http://www.rochester-airport.co.uk/webcams.htm" "Mozilla/5.0 (Windows NT 5.2; WOW64) AppleWebKit/537.36 (KHTML, like Gecko) Chrome/47.0.2526.106 Safari/537.36"
86.182.52.216 - - [15/Jan/2016:11:16:21 +0000] "GET /ajax/wx-body.php?_=1452856582907 HTTP/1.0" 200 4428 "http://nw3weather.co.uk/" "Mozilla/5.0 (Windows NT 6.1; WOW64) AppleWebKit/537.36 (KHTML, like Gecko) Chrome/47.0.2526.106 Safari/537.36"
188.222.242.255 - - [15/Jan/2016:11:16:36 +0000] "GET /currcam_small.jpg?1452739031 HTTP/1.1" 200 4084 "http://nw3weather.co.uk/" "Mozilla/5.0 (Windows NT 6.1; WOW64; rv:43.0) Gecko/20100101 Firefox/43.0"
86.182.52.216 - - [15/Jan/2016:11:16:42 +0000] "GET /ajax/wx-body.php?_=1452856603907 HTTP/1.0" 200 4429 "http://nw3weather.co.uk/" "Mozilla/5.0 (Windows NT 6.1; WOW64) AppleWebKit/537.36 (KHTML, like Gecko) Chrome/47.0.2526.106 Safari/537.36"
5.9.138.173 - - [15/Jan/2016:11:16:51 +0000] "GET /webcamimage.gif HTTP/1.0" 404 7545 "-" "Wget/1.12 (linux-gnu)"
192.36.190.2 - - [15/Jan/2016:11:16:53 +0000] "GET /currcam_small.jpg?1452856573 HTTP/1.1" 200 4084 "http://nw3weather.co.uk/" "Mozilla/5.0 (Windows NT 6.1; Win64; x64) AppleWebKit/537.36 (KHTML, like Gecko) Chrome/47.0.2526.111 Safari/537.36"
37.205.63.195 - - [15/Jan/2016:11:16:56 +0000] "GET /currcam.jpg?816493475405593821 HTTP/1.1" 200 25568 "-" "Mozilla/5.0 (Macintosh; Intel Mac OS X 10_9_5) AppleWebKit/537.36 (KHTML, like Gecko) Chrome/47.0.2526.111 Safari/537.36"
188.39.39.50 - - [15/Jan/2016:11:16:57 +0000] "GET /currcam_small.jpg?1452847334 HTTP/1.1" 200 4084 "http://nw3weather.co.uk/" "Mozilla/5.0 (Windows NT 6.1; WOW64; rv:43.0) Gecko/20100101 Firefox/43.0"
86.182.52.216 - - [15/Jan/2016:11:16:59 +0000] "GET /currcam_small.jpg?1452856333 HTTP/1.0" 200 4084 "http://nw3weather.co.uk/" "Mozilla/5.0 (Windows NT 6.1; WOW64) AppleWebKit/537.36 (KHTML, like Gecko) Chrome/47.0.2526.106 Safari/537.36"
86.182.52.216 - - [15/Jan/2016:11:17:03 +0000] "GET /ajax/wx-body.php?_=1452856624908 HTTP/1.0" 200 4432 "http://nw3weather.co.uk/" "Mozilla/5.0 (Windows NT 6.1; WOW64) AppleWebKit/537.36 (KHTML, like Gecko) Chrome/47.0.2526.106 Safari/537.36"
86.182.52.216 - - [15/Jan/2016:11:17:24 +0000] "GET /ajax/wx-body.php?_=1452856645909 HTTP/1.0" 200 4430 "http://nw3weather.co.uk/" "Mozilla/5.0 (Windows NT 6.1; WOW64) AppleWebKit/537.36 (KHTML, like Gecko) Chrome/47.0.2526.106 Safari/537.36"
188.222.242.255 - - [15/Jan/2016:11:17:36 +0000] "GET /currcam_small.jpg?1452739091 HTTP/1.1" 200 4070 "http://nw3weather.co.uk/" "Mozilla/5.0 (Windows NT 6.1; WOW64; rv:43.0) Gecko/20100101 Firefox/43.0"
86.182.52.216 - - [15/Jan/2016:11:17:44 +0000] "GET /ajax/wx-body.php?_=1452856665909 HTTP/1.0" 200 4430 "http://nw3weather.co.uk/" "Mozilla/5.0 (Windows NT 6.1; WOW64) AppleWebKit/537.36 (KHTML, like Gecko) Chrome/47.0.2526.106 Safari/537.36"
165.225.80.100 - - [15/Jan/2016:11:17:45 +0000] "GET / HTTP/1.1" 301 232 "http://www.meteo-londres.eu/stations-meteo.html" "Mozilla/5.0 (Windows NT 6.1) AppleWebKit/537.36 (KHTML, like Gecko) Chrome/47.0.2526.111 Safari/537.36"
165.225.80.100 - - [15/Jan/2016:11:17:46 +0000] "GET / HTTP/1.1" 200 23653 "http://www.meteo-londres.eu/stations-meteo.html" "Mozilla/5.0 (Windows NT 6.1) AppleWebKit/537.36 (KHTML, like Gecko) Chrome/47.0.2526.111 Safari/537.36"
165.225.80.100 - - [15/Jan/2016:11:17:47 +0000] "GET /mainstyle.css HTTP/1.1" 200 6824 "http://nw3weather.co.uk/" "Mozilla/5.0 (Windows NT 6.1) AppleWebKit/537.36 (KHTML, like Gecko) Chrome/47.0.2526.111 Safari/537.36"
165.225.80.100 - - [15/Jan/2016:11:17:47 +0000] "GET /static-images/leftheadN.JPG HTTP/1.1" 200 1790 "http://nw3weather.co.uk/" "Mozilla/5.0 (Windows NT 6.1) AppleWebKit/537.36 (KHTML, like Gecko) Chrome/47.0.2526.111 Safari/537.36"
165.225.80.100 - - [15/Jan/2016:11:17:47 +0000] "GET /static-images/newmain.jpg HTTP/1.1" 200 15243 "http://nw3weather.co.uk/" "Mozilla/5.0 (Windows NT 6.1) AppleWebKit/537.36 (KHTML, like Gecko) Chrome/47.0.2526.111 Safari/537.36"
165.225.80.100 - - [15/Jan/2016:11:17:47 +0000] "GET /static-images/clear_lg.png HTTP/1.1" 200 8460 "http://nw3weather.co.uk/" "Mozilla/5.0 (Windows NT 6.1) AppleWebKit/537.36 (KHTML, like Gecko) Chrome/47.0.2526.111 Safari/537.36"
165.225.80.100 - - [15/Jan/2016:11:17:47 +0000] "GET /mainGraph2.png?reqid=150120161117&currid=1452856667 HTTP/1.1" 200 9105 "http://nw3weather.co.uk/" "Mozilla/5.0 (Windows NT 6.1) AppleWebKit/537.36 (KHTML, like Gecko) Chrome/47.0.2526.111 Safari/537.36"
165.225.80.100 - - [15/Jan/2016:11:17:48 +0000] "GET /background.jpg HTTP/1.1" 200 7693 "http://nw3weather.co.uk/mainstyle.css" "Mozilla/5.0 (Windows NT 6.1) AppleWebKit/537.36 (KHTML, like Gecko) Chrome/47.0.2526.111 Safari/537.36"
165.225.80.100 - - [15/Jan/2016:11:17:48 +0000] "GET /static-images/thermom8_small.png HTTP/1.1" 200 888 "http://nw3weather.co.uk/" "Mozilla/5.0 (Windows NT 6.1) AppleWebKit/537.36 (KHTML, like Gecko) Chrome/47.0.2526.111 Safari/537.36"
165.225.80.100 - - [15/Jan/2016:11:17:48 +0000] "GET /static-images/steady.jpg HTTP/1.1" 200 893 "http://nw3weather.co.uk/" "Mozilla/5.0 (Windows NT 6.1) AppleWebKit/537.36 (KHTML, like Gecko) Chrome/47.0.2526.111 Safari/537.36"
165.225.80.100 - - [15/Jan/2016:11:17:48 +0000] "GET /static-images/rightheadS.JPG HTTP/1.1" 200 3881 "http://nw3weather.co.uk/" "Mozilla/5.0 (Windows NT 6.1) AppleWebKit/537.36 (KHTML, like Gecko) Chrome/47.0.2526.111 Safari/537.36"
165.225.80.100 - - [15/Jan/2016:11:17:48 +0000] "GET /static-images/dewy_small.png HTTP/1.1" 200 2202 "http://nw3weather.co.uk/" "Mozilla/5.0 (Windows NT 6.1) AppleWebKit/537.36 (KHTML, like Gecko) Chrome/47.0.2526.111 Safari/537.36"
165.225.80.100 - - [15/Jan/2016:11:17:48 +0000] "GET /static-images/humidity_small.png HTTP/1.1" 200 2349 "http://nw3weather.co.uk/" "Mozilla/5.0 (Windows NT 6.1) AppleWebKit/537.36 (KHTML, like Gecko) Chrome/47.0.2526.111 Safari/537.36"
165.225.80.100 - - [15/Jan/2016:11:17:48 +0000] "GET /static-images/pressure2_small.png HTTP/1.1" 200 1295 "http://nw3weather.co.uk/" "Mozilla/5.0 (Windows NT 6.1) AppleWebKit/537.36 (KHTML, like Gecko) Chrome/47.0.2526.111 Safari/537.36"
165.225.80.100 - - [15/Jan/2016:11:17:48 +0000] "GET /static-images/windy_small.png HTTP/1.1" 200 3095 "http://nw3weather.co.uk/" "Mozilla/5.0 (Windows NT 6.1) AppleWebKit/537.36 (KHTML, like Gecko) Chrome/47.0.2526.111 Safari/537.36"
165.225.80.100 - - [15/Jan/2016:11:17:48 +0000] "GET /static-images/rain2_small.png HTTP/1.1" 200 1641 "http://nw3weather.co.uk/" "Mozilla/5.0 (Windows NT 6.1) AppleWebKit/537.36 (KHTML, like Gecko) Chrome/47.0.2526.111 Safari/537.36"
165.225.80.100 - - [15/Jan/2016:11:17:48 +0000] "GET /currcam_small.jpg HTTP/1.1" 200 4070 "http://nw3weather.co.uk/" "Mozilla/5.0 (Windows NT 6.1) AppleWebKit/537.36 (KHTML, like Gecko) Chrome/47.0.2526.111 Safari/537.36"
165.225.80.100 - - [15/Jan/2016:11:17:49 +0000] "GET /mainGraph1.png?reqid=150120161117&currid=1452856667 HTTP/1.1" 200 5999 "http://nw3weather.co.uk/" "Mozilla/5.0 (Windows NT 6.1) AppleWebKit/537.36 (KHTML, like Gecko) Chrome/47.0.2526.111 Safari/537.36"
54.191.43.92 - - [15/Jan/2016:11:17:49 +0000] "GET /currcam.jpg?t=1452856668 HTTP/1.1" 200 25452 "-" "WU-webcamURLingest 1.0"
192.36.190.2 - - [15/Jan/2016:11:17:53 +0000] "GET /currcam_small.jpg?1452856633 HTTP/1.1" 200 4070 "http://nw3weather.co.uk/" "Mozilla/5.0 (Windows NT 6.1; Win64; x64) AppleWebKit/537.36 (KHTML, like Gecko) Chrome/47.0.2526.111 Safari/537.36"
86.182.52.216 - - [15/Jan/2016:11:17:59 +0000] "GET /currcam_small.jpg?1452856391 HTTP/1.0" 200 4070 "http://nw3weather.co.uk/" "Mozilla/5.0 (Windows NT 6.1; WOW64) AppleWebKit/537.36 (KHTML, like Gecko) Chrome/47.0.2526.106 Safari/537.36"
86.182.52.216 - - [15/Jan/2016:11:18:05 +0000] "GET /ajax/wx-body.php?_=1452856686910 HTTP/1.0" 200 4420 "http://nw3weather.co.uk/" "Mozilla/5.0 (Windows NT 6.1; WOW64) AppleWebKit/537.36 (KHTML, like Gecko) Chrome/47.0.2526.106 Safari/537.36"
207.46.13.25 - - [15/Jan/2016:11:18:05 +0000] "GET /TablesDataMonth.php HTTP/1.1" 200 35700 "-" "Mozilla/5.0 (compatible; bingbot/2.0; +http://www.bing.com/bingbot.htm)"
5.148.169.36 - - [15/Jan/2016:11:18:07 +0000] "GET /currcam.jpg HTTP/1.1" 200 25616 "-" "webcam-4insiders.com Picture Fetcher"
188.39.39.50 - - [15/Jan/2016:11:18:08 +0000] "GET /currcam_small.jpg?1452847394 HTTP/1.1" 200 4054 "http://nw3weather.co.uk/" "Mozilla/5.0 (Windows NT 6.1; WOW64; rv:43.0) Gecko/20100101 Firefox/43.0"
37.205.63.195 - - [15/Jan/2016:11:18:11 +0000] "GET /currcam.jpg?816493721431593821 HTTP/1.1" 200 25616 "-" "Mozilla/5.0 (Macintosh; Intel Mac OS X 10_9_5) AppleWebKit/537.36 (KHTML, like Gecko) Chrome/47.0.2526.111 Safari/537.36"
77.101.52.56 - - [15/Jan/2016:11:18:20 +0000] "GET /currcam.jpg HTTP/1.1" 200 25616 "http://www.rochester-airport.co.uk/webcams.htm" "Mozilla/5.0 (Windows NT 5.2; WOW64) AppleWebKit/537.36 (KHTML, like Gecko) Chrome/47.0.2526.106 Safari/537.36"
165.225.80.100 - - [15/Jan/2016:11:18:21 +0000] "GET /ajax/wx-body.php?_=1452856701219 HTTP/1.1" 200 4421 "http://nw3weather.co.uk/" "Mozilla/5.0 (Windows NT 6.1) AppleWebKit/537.36 (KHTML, like Gecko) Chrome/47.0.2526.111 Safari/537.36"
165.225.80.100 - - [15/Jan/2016:11:18:22 +0000] "GET /static-images/falling.gif HTTP/1.1" 200 54 "http://nw3weather.co.uk/" "Mozilla/5.0 (Windows NT 6.1) AppleWebKit/537.36 (KHTML, like Gecko) Chrome/47.0.2526.111 Safari/537.36"
165.225.80.100 - - [15/Jan/2016:11:18:29 +0000] "GET /currcam_small.jpg?1452856691 HTTP/1.1" 200 4054 "http://nw3weather.co.uk/" "Mozilla/5.0 (Windows NT 6.1) AppleWebKit/537.36 (KHTML, like Gecko) Chrome/47.0.2526.111 Safari/537.36"
165.225.80.100 - - [15/Jan/2016:11:18:34 +0000] "GET /currcam_small.jpg?1452856695 HTTP/1.1" 200 4054 "http://nw3weather.co.uk/" "Mozilla/5.0 (Windows NT 6.1) AppleWebKit/537.36 (KHTML, like Gecko) Chrome/47.0.2526.111 Safari/537.36"
188.222.242.255 - - [15/Jan/2016:11:18:41 +0000] "GET /currcam_small.jpg?1452739155 HTTP/1.1" 200 4054 "http://nw3weather.co.uk/" "Mozilla/5.0 (Windows NT 6.1; WOW64; rv:43.0) Gecko/20100101 Firefox/43.0"
192.36.190.2 - - [15/Jan/2016:11:18:53 +0000] "GET /currcam_small.jpg?1452856693 HTTP/1.1" 200 4054 "http://nw3weather.co.uk/" "Mozilla/5.0 (Windows NT 6.1; Win64; x64) AppleWebKit/537.36 (KHTML, like Gecko) Chrome/47.0.2526.111 Safari/537.36"
165.225.80.100 - - [15/Jan/2016:11:18:54 +0000] "GET /ajax/wx-body.php?_=1452856734223 HTTP/1.1" 200 4419 "http://nw3weather.co.uk/" "Mozilla/5.0 (Windows NT 6.1) AppleWebKit/537.36 (KHTML, like Gecko) Chrome/47.0.2526.111 Safari/537.36"
86.182.52.216 - - [15/Jan/2016:11:19:04 +0000] "GET /currcam_small.jpg?1452856455 HTTP/1.0" 200 4061 "http://nw3weather.co.uk/" "Mozilla/5.0 (Windows NT 6.1; WOW64) AppleWebKit/537.36 (KHTML, like Gecko) Chrome/47.0.2526.106 Safari/537.36"
188.39.39.50 - - [15/Jan/2016:11:19:20 +0000] "GET /currcam_small.jpg?1452847454 HTTP/1.1" 200 4061 "http://nw3weather.co.uk/" "Mozilla/5.0 (Windows NT 6.1; WOW64; rv:43.0) Gecko/20100101 Firefox/43.0"
37.205.63.195 - - [15/Jan/2016:11:19:26 +0000] "GET /currcam.jpg?816493338579593821 HTTP/1.1" 200 25658 "-" "Mozilla/5.0 (Macintosh; Intel Mac OS X 10_9_5) AppleWebKit/537.36 (KHTML, like Gecko) Chrome/47.0.2526.111 Safari/537.36"
188.222.242.255 - - [15/Jan/2016:11:19:38 +0000] "GET /mainGraph2.png?reqid=130120162259&currid=1452739211 HTTP/1.1" 200 9105 "http://nw3weather.co.uk/" "Mozilla/5.0 (Windows NT 6.1; WOW64; rv:43.0) Gecko/20100101 Firefox/43.0"
188.222.242.255 - - [15/Jan/2016:11:19:38 +0000] "GET /mainGraph1.png?reqid=130120162259&currid=1452739211 HTTP/1.1" 200 5999 "http://nw3weather.co.uk/" "Mozilla/5.0 (Windows NT 6.1; WOW64; rv:43.0) Gecko/20100101 Firefox/43.0"
188.222.242.255 - - [15/Jan/2016:11:19:41 +0000] "GET /currcam_small.jpg?1452739215 HTTP/1.1" 200 4061 "http://nw3weather.co.uk/" "Mozilla/5.0 (Windows NT 6.1; WOW64; rv:43.0) Gecko/20100101 Firefox/43.0"
54.191.43.92 - - [15/Jan/2016:11:19:49 +0000] "GET /currcam.jpg?t=1452856789 HTTP/1.1" 200 25658 "-" "WU-webcamURLingest 1.0"
192.36.190.2 - - [15/Jan/2016:11:19:53 +0000] "GET /currcam_small.jpg?1452856753 HTTP/1.1" 200 4061 "http://nw3weather.co.uk/" "Mozilla/5.0 (Windows NT 6.1; Win64; x64) AppleWebKit/537.36 (KHTML, like Gecko) Chrome/47.0.2526.111 Safari/537.36"
86.182.52.216 - - [15/Jan/2016:11:20:01 +0000] "GET /mainGraph2.png?reqid=150120160438&currid=1452856511 HTTP/1.0" 200 9105 "http://nw3weather.co.uk/" "Mozilla/5.0 (Windows NT 6.1; WOW64) AppleWebKit/537.36 (KHTML, like Gecko) Chrome/47.0.2526.106 Safari/537.36"
86.182.52.216 - - [15/Jan/2016:11:20:01 +0000] "GET /mainGraph1.png?reqid=150120160438&currid=1452856511 HTTP/1.0" 200 5999 "http://nw3weather.co.uk/" "Mozilla/5.0 (Windows NT 6.1; WOW64) AppleWebKit/537.36 (KHTML, like Gecko) Chrome/47.0.2526.106 Safari/537.36"
86.182.52.216 - - [15/Jan/2016:11:20:04 +0000] "GET /currcam_small.jpg?1452856514 HTTP/1.0" 200 4061 "http://nw3weather.co.uk/" "Mozilla/5.0 (Windows NT 6.1; WOW64) AppleWebKit/537.36 (KHTML, like Gecko) Chrome/47.0.2526.106 Safari/537.36"
188.39.39.50 - - [15/Jan/2016:11:20:27 +0000] "GET /mainGraph1.png?reqid=140120161612&currid=1452847511 HTTP/1.1" 200 6044 "http://nw3weather.co.uk/" "Mozilla/5.0 (Windows NT 6.1; WOW64; rv:43.0) Gecko/20100101 Firefox/43.0"
188.39.39.50 - - [15/Jan/2016:11:20:27 +0000] "GET /mainGraph2.png?reqid=140120161612&currid=1452847511 HTTP/1.1" 200 9553 "http://nw3weather.co.uk/" "Mozilla/5.0 (Windows NT 6.1; WOW64; rv:43.0) Gecko/20100101 Firefox/43.0"
188.39.39.50 - - [15/Jan/2016:11:20:32 +0000] "GET /currcam_small.jpg?1452847515 HTTP/1.1" 200 4061 "http://nw3weather.co.uk/" "Mozilla/5.0 (Windows NT 6.1; WOW64; rv:43.0) Gecko/20100101 Firefox/43.0"
188.222.242.255 - - [15/Jan/2016:11:20:41 +0000] "GET /currcam_small.jpg?1452739274 HTTP/1.1" 200 4061 "http://nw3weather.co.uk/" "Mozilla/5.0 (Windows NT 6.1; WOW64; rv:43.0) Gecko/20100101 Firefox/43.0"
37.205.63.195 - - [15/Jan/2016:11:20:41 +0000] "GET /currcam.jpg?816493746671593821 HTTP/1.1" 200 25658 "-" "Mozilla/5.0 (Macintosh; Intel Mac OS X 10_9_5) AppleWebKit/537.36 (KHTML, like Gecko) Chrome/47.0.2526.111 Safari/537.36"
192.36.190.2 - - [15/Jan/2016:11:20:50 +0000] "GET /mainGraph1.png?reqid=150120160830&currid=1452856811 HTTP/1.1" 200 6044 "http://nw3weather.co.uk/" "Mozilla/5.0 (Windows NT 6.1; Win64; x64) AppleWebKit/537.36 (KHTML, like Gecko) Chrome/47.0.2526.111 Safari/537.36"
192.36.190.2 - - [15/Jan/2016:11:20:50 +0000] "GET /mainGraph2.png?reqid=150120160830&currid=1452856811 HTTP/1.1" 200 9553 "http://nw3weather.co.uk/" "Mozilla/5.0 (Windows NT 6.1; Win64; x64) AppleWebKit/537.36 (KHTML, like Gecko) Chrome/47.0.2526.111 Safari/537.36"
77.101.52.56 - - [15/Jan/2016:11:20:53 +0000] "GET /currcam.jpg HTTP/1.1" 200 25658 "http://www.rochester-airport.co.uk/webcams.htm" "Mozilla/5.0 (Windows NT 5.2; WOW64) AppleWebKit/537.36 (KHTML, like Gecko) Chrome/47.0.2526.106 Safari/537.36"
192.36.190.2 - - [15/Jan/2016:11:20:53 +0000] "GET /currcam_small.jpg?1452856813 HTTP/1.1" 200 4061 "http://nw3weather.co.uk/" "Mozilla/5.0 (Windows NT 6.1; Win64; x64) AppleWebKit/537.36 (KHTML, like Gecko) Chrome/47.0.2526.111 Safari/537.36"
86.182.52.216 - - [15/Jan/2016:11:21:04 +0000] "GET /currcam_small.jpg?1452856574 HTTP/1.0" 200 4079 "http://nw3weather.co.uk/" "Mozilla/5.0 (Windows NT 6.1; WOW64) AppleWebKit/537.36 (KHTML, like Gecko) Chrome/47.0.2526.106 Safari/537.36"
85.236.45.198 - - [15/Jan/2016:11:21:29 +0000] "GET /jpgwebcam.jpg HTTP/1.1" 301 243 "http://nw3weather.co.uk/wx2.php" "Mozilla/4.0 (compatible; MSIE 8.0; Windows NT 6.0; Trident/4.0; SLCC1; .NET CLR 2.0.50727; Media Center PC 5.0; .NET CLR 3.5.30729; .NET CLR 3.0.30729)"
85.236.45.198 - - [15/Jan/2016:11:21:30 +0000] "GET /currcam.jpg HTTP/1.1" 200 25595 "http://nw3weather.co.uk/wx2.php" "Mozilla/4.0 (compatible; MSIE 8.0; Windows NT 6.0; Trident/4.0; SLCC1; .NET CLR 2.0.50727; Media Center PC 5.0; .NET CLR 3.5.30729; .NET CLR 3.0.30729)"
188.222.242.255 - - [15/Jan/2016:11:21:41 +0000] "GET /currcam_small.jpg?1452739333 HTTP/1.1" 200 4079 "http://nw3weather.co.uk/" "Mozilla/5.0 (Windows NT 6.1; WOW64; rv:43.0) Gecko/20100101 Firefox/43.0"
188.39.39.50 - - [15/Jan/2016:11:21:44 +0000] "GET /currcam_small.jpg?1452847575 HTTP/1.1" 200 4079 "http://nw3weather.co.uk/" "Mozilla/5.0 (Windows NT 6.1; WOW64; rv:43.0) Gecko/20100101 Firefox/43.0"
54.191.43.92 - - [15/Jan/2016:11:21:49 +0000] "GET /currcam.jpg?t=1452856909 HTTP/1.1" 200 25595 "-" "WU-webcamURLingest 1.0"
192.36.190.2 - - [15/Jan/2016:11:21:53 +0000] "GET /currcam_small.jpg?1452856873 HTTP/1.1" 200 4079 "http://nw3weather.co.uk/" "Mozilla/5.0 (Windows NT 6.1; Win64; x64) AppleWebKit/537.36 (KHTML, like Gecko) Chrome/47.0.2526.111 Safari/537.36"
37.205.63.195 - - [15/Jan/2016:11:21:56 +0000] "GET /currcam.jpg?816493342752593821 HTTP/1.1" 200 25595 "-" "Mozilla/5.0 (Macintosh; Intel Mac OS X 10_9_5) AppleWebKit/537.36 (KHTML, like Gecko) Chrome/47.0.2526.111 Safari/537.36"
86.182.52.216 - - [15/Jan/2016:11:22:04 +0000] "GET /currcam_small.jpg?1452856634 HTTP/1.0" 200 4065 "http://nw3weather.co.uk/" "Mozilla/5.0 (Windows NT 6.1; WOW64) AppleWebKit/537.36 (KHTML, like Gecko) Chrome/47.0.2526.106 Safari/537.36"
77.101.52.56 - - [15/Jan/2016:11:22:38 +0000] "GET /currcam.jpg HTTP/1.1" 200 25599 "http://www.rochester-airport.co.uk/webcams.htm" "Mozilla/5.0 (Windows NT 5.2; WOW64) AppleWebKit/537.36 (KHTML, like Gecko) Chrome/47.0.2526.106 Safari/537.36"
188.222.242.255 - - [15/Jan/2016:11:22:42 +0000] "GET /currcam_small.jpg?1452739393 HTTP/1.1" 200 4065 "http://nw3weather.co.uk/" "Mozilla/5.0 (Windows NT 6.1; WOW64; rv:43.0) Gecko/20100101 Firefox/43.0"
192.36.190.2 - - [15/Jan/2016:11:22:53 +0000] "GET /currcam_small.jpg?1452856933 HTTP/1.1" 200 4065 "http://nw3weather.co.uk/" "Mozilla/5.0 (Windows NT 6.1; Win64; x64) AppleWebKit/537.36 (KHTML, like Gecko) Chrome/47.0.2526.111 Safari/537.36"
188.39.39.50 - - [15/Jan/2016:11:22:56 +0000] "GET /currcam_small.jpg?1452847633 HTTP/1.1" 200 4065 "http://nw3weather.co.uk/" "Mozilla/5.0 (Windows NT 6.1; WOW64; rv:43.0) Gecko/20100101 Firefox/43.0"
86.182.52.216 - - [15/Jan/2016:11:23:04 +0000] "GET /currcam_small.jpg?1452856694 HTTP/1.0" 200 4096 "http://nw3weather.co.uk/" "Mozilla/5.0 (Windows NT 6.1; WOW64) AppleWebKit/537.36 (KHTML, like Gecko) Chrome/47.0.2526.106 Safari/537.36"
5.148.169.36 - - [15/Jan/2016:11:23:07 +0000] "GET /currcam.jpg HTTP/1.1" 200 25652 "-" "webcam-4insiders.com Picture Fetcher"
37.205.63.195 - - [15/Jan/2016:11:23:11 +0000] "GET /currcam.jpg?816493860262593821 HTTP/1.1" 200 25652 "-" "Mozilla/5.0 (Macintosh; Intel Mac OS X 10_9_5) AppleWebKit/537.36 (KHTML, like Gecko) Chrome/47.0.2526.111 Safari/537.36"
188.222.242.255 - - [15/Jan/2016:11:23:42 +0000] "GET /currcam_small.jpg?1452739452 HTTP/1.1" 200 4096 "http://nw3weather.co.uk/" "Mozilla/5.0 (Windows NT 6.1; WOW64; rv:43.0) Gecko/20100101 Firefox/43.0"
54.191.43.92 - - [15/Jan/2016:11:23:51 +0000] "GET /currcam.jpg?t=1452857031 HTTP/1.1" 200 25652 "-" "WU-webcamURLingest 1.0"
192.36.190.2 - - [15/Jan/2016:11:23:53 +0000] "GET /currcam_small.jpg?1452856993 HTTP/1.1" 200 4096 "http://nw3weather.co.uk/" "Mozilla/5.0 (Windows NT 6.1; Win64; x64) AppleWebKit/537.36 (KHTML, like Gecko) Chrome/47.0.2526.111 Safari/537.36"
86.182.52.216 - - [15/Jan/2016:11:24:04 +0000] "GET /currcam_small.jpg?1452856754 HTTP/1.0" 200 4071 "http://nw3weather.co.uk/" "Mozilla/5.0 (Windows NT 6.1; WOW64) AppleWebKit/537.36 (KHTML, like Gecko) Chrome/47.0.2526.106 Safari/537.36"
188.39.39.50 - - [15/Jan/2016:11:24:08 +0000] "GET /currcam_small.jpg?1452847692 HTTP/1.1" 200 4071 "http://nw3weather.co.uk/" "Mozilla/5.0 (Windows NT 6.1; WOW64; rv:43.0) Gecko/20100101 Firefox/43.0"
38.102.136.219 - - [15/Jan/2016:11:24:10 +0000] "GET /currcam.jpg?t=1452857039 HTTP/1.1" 200 25692 "-" "WU-webcamURLingest 1.0"
77.101.52.56 - - [15/Jan/2016:11:24:11 +0000] "GET /currcam.jpg HTTP/1.1" 200 25692 "http://www.rochester-airport.co.uk/webcams.htm" "Mozilla/5.0 (Windows NT 5.2; WOW64) AppleWebKit/537.36 (KHTML, like Gecko) Chrome/47.0.2526.106 Safari/537.36"
37.205.63.195 - - [15/Jan/2016:11:24:26 +0000] "GET /currcam.jpg?816493582261593821 HTTP/1.1" 200 25692 "-" "Mozilla/5.0 (Macintosh; Intel Mac OS X 10_9_5) AppleWebKit/537.36 (KHTML, like Gecko) Chrome/47.0.2526.111 Safari/537.36"
188.222.242.255 - - [15/Jan/2016:11:24:42 +0000] "GET /currcam_small.jpg?1452739511 HTTP/1.1" 200 4071 "http://nw3weather.co.uk/" "Mozilla/5.0 (Windows NT 6.1; WOW64; rv:43.0) Gecko/20100101 Firefox/43.0"
188.222.242.255 - - [15/Jan/2016:11:24:42 +0000] "GET /mainGraph1.png?reqid=130120162259&currid=1452739511 HTTP/1.1" 200 6044 "http://nw3weather.co.uk/" "Mozilla/5.0 (Windows NT 6.1; WOW64; rv:43.0) Gecko/20100101 Firefox/43.0"
188.222.242.255 - - [15/Jan/2016:11:24:42 +0000] "GET /mainGraph2.png?reqid=130120162259&currid=1452739511 HTTP/1.1" 200 9553 "http://nw3weather.co.uk/" "Mozilla/5.0 (Windows NT 6.1; WOW64; rv:43.0) Gecko/20100101 Firefox/43.0"
192.36.190.2 - - [15/Jan/2016:11:24:53 +0000] "GET /currcam_small.jpg?1452857053 HTTP/1.1" 200 4071 "http://nw3weather.co.uk/" "Mozilla/5.0 (Windows NT 6.1; Win64; x64) AppleWebKit/537.36 (KHTML, like Gecko) Chrome/47.0.2526.111 Safari/537.36"
2.102.76.186 - - [15/Jan/2016:11:24:56 +0000] "GET /wxhistday.php HTTP/1.1" 200 30482 "-" "Mozilla/5.0 (Windows NT 6.1; WOW64; Trident/7.0; rv:11.0) like Gecko"
2.102.76.186 - - [15/Jan/2016:11:24:56 +0000] "GET /2016/stitchedmaingraph_20160114.png HTTP/1.1" 200 96604 "http://nw3weather.co.uk/wxhistday.php" "Mozilla/5.0 (Windows NT 6.1; WOW64; Trident/7.0; rv:11.0) like Gecko"
2.102.76.186 - - [15/Jan/2016:11:24:56 +0000] "GET /2016/20160114dailywebcam.jpg HTTP/1.1" 200 85464 "http://nw3weather.co.uk/wxhistday.php" "Mozilla/5.0 (Windows NT 6.1; WOW64; Trident/7.0; rv:11.0) like Gecko"
2.102.211.240 - - [15/Jan/2016:11:25:02 +0000] "GET /currcam_small.jpg?1452854595 HTTP/1.1" 200 4071 "http://nw3weather.co.uk/" "Mozilla/5.0 (Windows NT 10.0; Win64; x64) AppleWebKit/537.36 (KHTML, like Gecko) Chrome/46.0.2486.0 Safari/537.36 Edge/13.10586"
86.182.52.216 - - [15/Jan/2016:11:25:02 +0000] "GET /mainGraph1.png?reqid=150120160438&currid=1452856811 HTTP/1.0" 200 6044 "http://nw3weather.co.uk/" "Mozilla/5.0 (Windows NT 6.1; WOW64) AppleWebKit/537.36 (KHTML, like Gecko) Chrome/47.0.2526.106 Safari/537.36"
