86.182.52.216 - - [15/Jan/2016:11:25:02 +0000] "GET /mainGraph2.png?reqid=150120160438&currid=1452856811 HTTP/1.0" 200 9553 "http://nw3weather.co.uk/" "Mozilla/5.0 (Windows NT 6.1; WOW64) AppleWebKit/537.36 (KHTML, like Gecko) Chrome/47.0.2526.106 Safari/537.36"
86.182.52.216 - - [15/Jan/2016:11:25:04 +0000] "GET /currcam_small.jpg?1452856813 HTTP/1.0" 200 4083 "http://nw3weather.co.uk/" "Mozilla/5.0 (Windows NT 6.1; WOW64) AppleWebKit/537.36 (KHTML, like Gecko) Chrome/47.0.2526.106 Safari/537.36"
170.61.237.1 - - [15/Jan/2016:11:25:19 +0000] "GET /wx2.php HTTP/1.1" 200 12176 "https://www.google.co.uk/" "Mozilla/5.0 (Windows NT 6.1; WOW64) AppleWebKit/537.36 (KHTML, like Gecko) Chrome/47.0.2526.106 Safari/537.36"
170.61.237.1 - - [15/Jan/2016:11:25:20 +0000] "GET /mainstyle.css HTTP/1.1" 200 6824 "http://nw3weather.co.uk/wx2.php" "Mozilla/5.0 (Windows NT 6.1; WOW64) AppleWebKit/537.36 (KHTML, like Gecko) Chrome/47.0.2526.106 Safari/537.36"
170.61.237.1 - - [15/Jan/2016:11:25:20 +0000] "GET /static-images/leftheadN.JPG HTTP/1.1" 200 1790 "http://nw3weather.co.uk/wx2.php" "Mozilla/5.0 (Windows NT 6.1; WOW64) AppleWebKit/537.36 (KHTML, like Gecko) Chrome/47.0.2526.106 Safari/537.36"
170.61.237.1 - - [15/Jan/2016:11:25:20 +0000] "GET /static-images/newmain.jpg HTTP/1.1" 200 15243 "http://nw3weather.co.uk/wx2.php" "Mozilla/5.0 (Windows NT 6.1; WOW64) AppleWebKit/537.36 (KHTML, like Gecko) Chrome/47.0.2526.106 Safari/537.36"
170.61.237.1 - - [15/Jan/2016:11:25:20 +0000] "GET /static-images/rightheadS.JPG HTTP/1.1" 200 3881 "http://nw3weather.co.uk/wx2.php" "Mozilla/5.0 (Windows NT 6.1; WOW64) AppleWebKit/537.36 (KHTML, like Gecko) Chrome/47.0.2526.106 Safari/537.36"
170.61.237.1 - - [15/Jan/2016:11:25:20 +0000] "GET /currcam.jpg HTTP/1.1" 200 25676 "http://nw3weather.co.uk/wx2.php" "Mozilla/5.0 (Windows NT 6.1; WOW64) AppleWebKit/537.36 (KHTML, like Gecko) Chrome/47.0.2526.106 Safari/537.36"
170.61.237.1 - - [15/Jan/2016:11:25:20 +0000] "GET /background.jpg HTTP/1.1" 200 7693 "http://nw3weather.co.uk/mainstyle.css" "Mozilla/5.0 (Windows NT 6.1; WOW64) AppleWebKit/537.36 (KHTML, like Gecko) Chrome/47.0.2526.106 Safari/537.36"
170.61.237.1 - - [15/Jan/2016:11:25:20 +0000] "GET /currgcam.jpg HTTP/1.1" 200 42882 "http://nw3weather.co.uk/wx2.php" "Mozilla/5.0 (Windows NT 6.1; WOW64) AppleWebKit/537.36 (KHTML, like Gecko) Chrome/47.0.2526.106 Safari/537.36"
170.61.237.1 - - [15/Jan/2016:11:25:20 +0000] "GET /dailywebcam.jpg HTTP/1.1" 200 98956 "http://nw3weather.co.uk/wx2.php" "Mozilla/5.0 (Windows NT 6.1; WOW64) AppleWebKit/537.36 (KHTML, like Gecko) Chrome/47.0.2526.106 Safari/537.36"
170.61.237.1 - - [15/Jan/2016:11:25:20 +0000] "GET /favicon.ico HTTP/1.1" 200 894 "http://nw3weather.co.uk/wx2.php" "Mozilla/5.0 (Windows NT 6.1; WOW64) AppleWebKit/537.36 (KHTML, like Gecko) Chrome/47.0.2526.106 Safari/537.36"
188.39.39.50 - - [15/Jan/2016:11:25:20 +0000] "GET /currcam_small.jpg?1452847752 HTTP/1.1" 200 4083 "http://nw3weather.co.uk/" "Mozilla/5.0 (Windows NT 6.1; WOW64; rv:43.0) Gecko/20100101 Firefox/43.0"
77.101.52.56 - - [15/Jan/2016:11:25:27 +0000] "GET /currcam.jpg HTTP/1.1" 200 25676 "http://www.rochester-airport.co.uk/webcams.htm" "Mozilla/5.0 (Windows NT 5.2; WOW64) AppleWebKit/537.36 (KHTML, like Gecko) Chrome/47.0.2526.106 Safari/537.36"
37.205.63.195 - - [15/Jan/2016:11:25:42 +0000] "GET /currcam.jpg?816493386845593821 HTTP/1.1" 200 25676 "-" "Mozilla/5.0 (Macintosh; Intel Mac OS X 10_9_5) AppleWebKit/537.36 (KHTML, like Gecko) Chrome/47.0.2526.111 Safari/537.36"
188.222.242.255 - - [15/Jan/2016:11:25:42 +0000] "GET /currcam_small.jpg?1452739571 HTTP/1.1" 200 4083 "http://nw3weather.co.uk/" "Mozilla/5.0 (Windows NT 6.1; WOW64; rv:43.0) Gecko/20100101 Firefox/43.0"
2.102.211.240 - - [15/Jan/2016:11:25:48 +0000] "GET /currcam_small.jpg?1452819434 HTTP/1.1" 200 4083 "http://nw3weather.co.uk/" "Mozilla/5.0 (Windows NT 10.0; Win64; x64) AppleWebKit/537.36 (KHTML, like Gecko) Chrome/46.0.2486.0 Safari/537.36 Edge/13.10586"
192.36.190.2 - - [15/Jan/2016:11:25:50 +0000] "GET /mainGraph1.png?reqid=150120160830&currid=1452857111 HTTP/1.1" 200 5752 "http://nw3weather.co.uk/" "Mozilla/5.0 (Windows NT 6.1; Win64; x64) AppleWebKit/537.36 (KHTML, like Gecko) Chrome/47.0.2526.111 Safari/537.36"
192.36.190.2 - - [15/Jan/2016:11:25:50 +0000] "GET /mainGraph2.png?reqid=150120160830&currid=1452857111 HTTP/1.1" 200 9353 "http://nw3weather.co.uk/" "Mozilla/5.0 (Windows NT 6.1; Win64; x64) AppleWebKit/537.36 (KHTML, like Gecko) Chrome/47.0.2526.111 Safari/537.36"
54.191.43.92 - - [15/Jan/2016:11:25:51 +0000] "GET /currcam.jpg?t=1452857151 HTTP/1.1" 200 25676 "-" "WU-webcamURLingest 1.0"
192.36.190.2 - - [15/Jan/2016:11:25:53 +0000] "GET /currcam_small.jpg?1452857113 HTTP/1.1" 200 4083 "http://nw3weather.co.uk/" "Mozilla/5.0 (Windows NT 6.1; Win64; x64) AppleWebKit/537.36 (KHTML, like Gecko) Chrome/47.0.2526.111 Safari/537.36"
2.102.211.240 - - [15/Jan/2016:11:26:03 +0000] "GET /currcam_small.jpg?1452854651 HTTP/1.1" 200 4092 "http://nw3weather.co.uk/" "Mozilla/5.0 (Windows NT 10.0; Win64; x64) AppleWebKit/537.36 (KHTML, like Gecko) Chrome/46.0.2486.0 Safari/537.36 Edge/13.10586"
86.182.52.216 - - [15/Jan/2016:11:26:04 +0000] "GET /currcam_small.jpg?1452856873 HTTP/1.0" 200 4092 "http://nw3weather.co.uk/" "Mozilla/5.0 (Windows NT 6.1; WOW64) AppleWebKit/537.36 (KHTML, like Gecko) Chrome/47.0.2526.106 Safari/537.36"
188.39.39.50 - - [15/Jan/2016:11:26:29 +0000] "GET /mainGraph1.png?reqid=140120161612&currid=1452847811 HTTP/1.1" 200 5752 "http://nw3weather.co.uk/" "Mozilla/5.0 (Windows NT 6.1; WOW64; rv:43.0) Gecko/20100101 Firefox/43.0"
188.39.39.50 - - [15/Jan/2016:11:26:29 +0000] "GET /mainGraph2.png?reqid=140120161612&currid=1452847811 HTTP/1.1" 200 9353 "http://nw3weather.co.uk/" "Mozilla/5.0 (Windows NT 6.1; WOW64; rv:43.0) Gecko/20100101 Firefox/43.0"
37.205.63.195 - - [15/Jan/2016:11:26:30 +0000] "GET /currcam.jpg?385669704633 HTTP/1.1" 200 25878 "-" "Mozilla/5.0 (Macintosh; Intel Mac OS X 10_9_5) AppleWebKit/537.36 (KHTML, like Gecko) Chrome/47.0.2526.111 Safari/537.36"
37.205.63.195 - - [15/Jan/2016:11:26:30 +0000] "GET /currcam.jpg?385669411210 HTTP/1.1" 200 25878 "-" "Mozilla/5.0 (Macintosh; Intel Mac OS X 10_9_5) AppleWebKit/537.36 (KHTML, like Gecko) Chrome/47.0.2526.111 Safari/537.36"
37.205.63.195 - - [15/Jan/2016:11:26:30 +0000] "GET /currcam.jpg?385669294039 HTTP/1.1" 200 25878 "-" "Mozilla/5.0 (Macintosh; Intel Mac OS X 10_9_5) AppleWebKit/537.36 (KHTML, like Gecko) Chrome/47.0.2526.111 Safari/537.36"
37.205.63.195 - - [15/Jan/2016:11:26:30 +0000] "GET /currcam.jpg?385669574234 HTTP/1.1" 200 25878 "-" "Mozilla/5.0 (Macintosh; Intel Mac OS X 10_9_5) AppleWebKit/537.36 (KHTML, like Gecko) Chrome/47.0.2526.111 Safari/537.36"
37.205.63.195 - - [15/Jan/2016:11:26:30 +0000] "GET /currcam.jpg?385669597810 HTTP/1.1" 200 25878 "-" "Mozilla/5.0 (Macintosh; Intel Mac OS X 10_9_5) AppleWebKit/537.36 (KHTML, like Gecko) Chrome/47.0.2526.111 Safari/537.36"
37.205.63.195 - - [15/Jan/2016:11:26:30 +0000] "GET /currcam.jpg?385669745623 HTTP/1.1" 200 25878 "-" "Mozilla/5.0 (Macintosh; Intel Mac OS X 10_9_5) AppleWebKit/537.36 (KHTML, like Gecko) Chrome/47.0.2526.111 Safari/537.36"
37.205.63.195 - - [15/Jan/2016:11:26:30 +0000] "GET /currcam.jpg?385669603641 HTTP/1.1" 200 25878 "-" "Mozilla/5.0 (Macintosh; Intel Mac OS X 10_9_5) AppleWebKit/537.36 (KHTML, like Gecko) Chrome/47.0.2526.111 Safari/537.36"
37.205.63.195 - - [15/Jan/2016:11:26:30 +0000] "GET /currcam.jpg?385669707792 HTTP/1.1" 200 25878 "-" "Mozilla/5.0 (Macintosh; Intel Mac OS X 10_9_5) AppleWebKit/537.36 (KHTML, like Gecko) Chrome/47.0.2526.111 Safari/537.36"
37.205.63.195 - - [15/Jan/2016:11:26:30 +0000] "GET /currcam.jpg?385669459258 HTTP/1.1" 200 25878 "-" "Mozilla/5.0 (Macintosh; Intel Mac OS X 10_9_5) AppleWebKit/537.36 (KHTML, like Gecko) Chrome/47.0.2526.111 Safari/537.36"
37.205.63.195 - - [15/Jan/2016:11:26:30 +0000] "GET /currcam.jpg?385669359980 HTTP/1.1" 200 25878 "-" "Mozilla/5.0 (Macintosh; Intel Mac OS X 10_9_5) AppleWebKit/537.36 (KHTML, like Gecko) Chrome/47.0.2526.111 Safari/537.36"
188.39.39.50 - - [15/Jan/2016:11:26:32 +0000] "GET /currcam_small.jpg?1452847813 HTTP/1.1" 200 4092 "http://nw3weather.co.uk/" "Mozilla/5.0 (Windows NT 6.1; WOW64; rv:43.0) Gecko/20100101 Firefox/43.0"
77.101.52.56 - - [15/Jan/2016:11:26:44 +0000] "GET /currcam.jpg HTTP/1.1" 200 25878 "http://www.rochester-airport.co.uk/webcams.htm" "Mozilla/5.0 (Windows NT 5.2; WOW64) AppleWebKit/537.36 (KHTML, like Gecko) Chrome/47.0.2526.106 Safari/537.36"
188.222.242.255 - - [15/Jan/2016:11:26:47 +0000] "GET /currcam_small.jpg?1452739635 HTTP/1.1" 200 4092 "http://nw3weather.co.uk/" "Mozilla/5.0 (Windows NT 6.1; WOW64; rv:43.0) Gecko/20100101 Firefox/43.0"
2.102.211.240 - - [15/Jan/2016:11:26:48 +0000] "GET /currcam_small.jpg?1452819491 HTTP/1.1" 200 4092 "http://nw3weather.co.uk/" "Mozilla/5.0 (Windows NT 10.0; Win64; x64) AppleWebKit/537.36 (KHTML, like Gecko) Chrome/46.0.2486.0 Safari/537.36 Edge/13.10586"
192.36.190.2 - - [15/Jan/2016:11:26:53 +0000] "GET /currcam_small.jpg?1452857173 HTTP/1.1" 200 4092 "http://nw3weather.co.uk/" "Mozilla/5.0 (Windows NT 6.1; Win64; x64) AppleWebKit/537.36 (KHTML, like Gecko) Chrome/47.0.2526.111 Safari/537.36"
37.205.63.195 - - [15/Jan/2016:11:26:57 +0000] "GET /currcam.jpg?385669704633593821 HTTP/1.1" 200 25878 "-" "Mozilla/5.0 (Macintosh; Intel Mac OS X 10_9_5) AppleWebKit/537.36 (KHTML, like Gecko) Chrome/47.0.2526.111 Safari/537.36"
2.102.211.240 - - [15/Jan/2016:11:27:04 +0000] "GET /mainGraph1.png?reqid=150120160954&currid=1452854711 HTTP/1.1" 200 5752 "http://nw3weather.co.uk/" "Mozilla/5.0 (Windows NT 10.0; Win64; x64) AppleWebKit/537.36 (KHTML, like Gecko) Chrome/46.0.2486.0 Safari/537.36 Edge/13.10586"
2.102.211.240 - - [15/Jan/2016:11:27:04 +0000] "GET /mainGraph2.png?reqid=150120160954&currid=1452854711 HTTP/1.1" 200 9353 "http://nw3weather.co.uk/" "Mozilla/5.0 (Windows NT 10.0; Win64; x64) AppleWebKit/537.36 (KHTML, like Gecko) Chrome/46.0.2486.0 Safari/537.36 Edge/13.10586"
86.182.52.216 - - [15/Jan/2016:11:27:04 +0000] "GET /currcam_small.jpg?1452856933 HTTP/1.0" 200 4102 "http://nw3weather.co.uk/" "Mozilla/5.0 (Windows NT 6.1; WOW64) AppleWebKit/537.36 (KHTML, like Gecko) Chrome/47.0.2526.106 Safari/537.36"
2.102.211.240 - - [15/Jan/2016:11:27:08 +0000] "GET /currcam_small.jpg?1452854714 HTTP/1.1" 200 4102 "http://nw3weather.co.uk/" "Mozilla/5.0 (Windows NT 10.0; Win64; x64) AppleWebKit/537.36 (KHTML, like Gecko) Chrome/46.0.2486.0 Safari/537.36 Edge/13.10586"
149.13.80.29 - - [15/Jan/2016:11:27:24 +0000] "GET /img33_Beaufort_NOAA.gif HTTP/1.1" 200 19854 "https://www.google.com.tr/" "Mozilla/5.0 (Windows NT 6.3; WOW64) AppleWebKit/537.36 (KHTML, like Gecko) Chrome/47.0.2526.111 Safari/537.36"
157.55.39.46 - - [15/Jan/2016:11:27:36 +0000] "GET / HTTP/1.1" 200 23639 "-" "Mozilla/5.0 (compatible; bingbot/2.0; +http://www.bing.com/bingbot.htm)"
157.55.39.46 - - [15/Jan/2016:11:27:38 +0000] "GET /wxdataday.php?year=2015 HTTP/1.1" 200 33468 "-" "Mozilla/5.0 (compatible; bingbot/2.0; +http://www.bing.com/bingbot.htm)"
86.186.224.212 - - [15/Jan/2016:11:27:41 +0000] "GET / HTTP/1.1" 200 23639 "http://nw3weather.co.uk/wx12.php" "Mozilla/5.0 (iPad; CPU OS 9_2 like Mac OS X) AppleWebKit/601.1.46 (KHTML, like Gecko) Version/9.0 Mobile/13C75 Safari/601.1"
86.186.224.212 - - [15/Jan/2016:11:27:44 +0000] "GET /mainGraph1.png?reqid=150120161127&currid=1452857262 HTTP/1.1" 200 5752 "http://nw3weather.co.uk/" "Mozilla/5.0 (iPad; CPU OS 9_2 like Mac OS X) AppleWebKit/601.1.46 (KHTML, like Gecko) Version/9.0 Mobile/13C75 Safari/601.1"
86.186.224.212 - - [15/Jan/2016:11:27:44 +0000] "GET /mainGraph2.png?reqid=150120161127&currid=1452857262 HTTP/1.1" 200 9353 "http://nw3weather.co.uk/" "Mozilla/5.0 (iPad; CPU OS 9_2 like Mac OS X) AppleWebKit/601.1.46 (KHTML, like Gecko) Version/9.0 Mobile/13C75 Safari/601.1"
188.39.39.50 - - [15/Jan/2016:11:27:44 +0000] "GET /currcam_small.jpg?1452847872 HTTP/1.1" 200 4102 "http://nw3weather.co.uk/" "Mozilla/5.0 (Windows NT 6.1; WOW64; rv:43.0) Gecko/20100101 Firefox/43.0"
54.191.43.92 - - [15/Jan/2016:11:27:47 +0000] "GET /currcam.jpg?t=1452857267 HTTP/1.1" 200 25845 "-" "WU-webcamURLingest 1.0"
188.222.242.255 - - [15/Jan/2016:11:27:47 +0000] "GET /currcam_small.jpg?1452739694 HTTP/1.1" 200 4102 "http://nw3weather.co.uk/" "Mozilla/5.0 (Windows NT 6.1; WOW64; rv:43.0) Gecko/20100101 Firefox/43.0"
31.65.174.95 - - [15/Jan/2016:11:27:48 +0000] "GET /wx14.php HTTP/1.1" 200 45086 "https://www.google.co.uk/" "Mozilla/5.0 (iPhone; CPU iPhone OS 9_2 like Mac OS X) AppleWebKit/601.1.46 (KHTML, like Gecko) Version/9.0 Mobile/13C75 Safari/601.1"
86.186.224.212 - - [15/Jan/2016:11:27:50 +0000] "GET / HTTP/1.1" 200 23640 "http://nw3weather.co.uk/wx12.php" "Mozilla/5.0 (iPad; CPU OS 9_2 like Mac OS X) AppleWebKit/601.1.46 (KHTML, like Gecko) Version/9.0 Mobile/13C75 Safari/601.1"
86.186.224.212 - - [15/Jan/2016:11:27:51 +0000] "GET /static-images/clear_lg.png HTTP/1.1" 304 - "http://nw3weather.co.uk/" "Mozilla/5.0 (iPad; CPU OS 9_2 like Mac OS X) AppleWebKit/601.1.46 (KHTML, like Gecko) Version/9.0 Mobile/13C75 Safari/601.1"
86.186.224.212 - - [15/Jan/2016:11:27:51 +0000] "GET /mainGraph1.png?reqid=150120161127&currid=1452857271 HTTP/1.1" 200 5752 "http://nw3weather.co.uk/" "Mozilla/5.0 (iPad; CPU OS 9_2 like Mac OS X) AppleWebKit/601.1.46 (KHTML, like Gecko) Version/9.0 Mobile/13C75 Safari/601.1"
86.186.224.212 - - [15/Jan/2016:11:27:51 +0000] "GET /static-images/leftheadN.JPG HTTP/1.1" 304 - "http://nw3weather.co.uk/" "Mozilla/5.0 (iPad; CPU OS 9_2 like Mac OS X) AppleWebKit/601.1.46 (KHTML, like Gecko) Version/9.0 Mobile/13C75 Safari/601.1"
86.186.224.212 - - [15/Jan/2016:11:27:51 +0000] "GET /mainstyle.css HTTP/1.1" 304 - "http://nw3weather.co.uk/" "Mozilla/5.0 (iPad; CPU OS 9_2 like Mac OS X) AppleWebKit/601.1.46 (KHTML, like Gecko) Version/9.0 Mobile/13C75 Safari/601.1"
86.186.224.212 - - [15/Jan/2016:11:27:51 +0000] "GET /static-images/rightheadS.JPG HTTP/1.1" 304 - "http://nw3weather.co.uk/" "Mozilla/5.0 (iPad; CPU OS 9_2 like Mac OS X) AppleWebKit/601.1.46 (KHTML, like Gecko) Version/9.0 Mobile/13C75 Safari/601.1"
86.186.224.212 - - [15/Jan/2016:11:27:51 +0000] "GET /currcam_small.jpg HTTP/1.1" 200 4102 "http://nw3weather.co.uk/" "Mozilla/5.0 (iPad; CPU OS 9_2 like Mac OS X) AppleWebKit/601.1.46 (KHTML, like Gecko) Version/9.0 Mobile/13C75 Safari/601.1"
86.186.224.212 - - [15/Jan/2016:11:27:51 +0000] "GET /static-images/thermom8_small.png HTTP/1.1" 304 - "http://nw3weather.co.uk/" "Mozilla/5.0 (iPad; CPU OS 9_2 like Mac OS X) AppleWebKit/601.1.46 (KHTML, like Gecko) Version/9.0 Mobile/13C75 Safari/601.1"
86.186.224.212 - - [15/Jan/2016:11:27:51 +0000] "GET /static-images/humidity_small.png HTTP/1.1" 304 - "http://nw3weather.co.uk/" "Mozilla/5.0 (iPad; CPU OS 9_2 like Mac OS X) AppleWebKit/601.1.46 (KHTML, like Gecko) Version/9.0 Mobile/13C75 Safari/601.1"
86.186.224.212 - - [15/Jan/2016:11:27:51 +0000] "GET /static-images/newmain.jpg HTTP/1.1" 304 - "http://nw3weather.co.uk/" "Mozilla/5.0 (iPad; CPU OS 9_2 like Mac OS X) AppleWebKit/601.1.46 (KHTML, like Gecko) Version/9.0 Mobile/13C75 Safari/601.1"
86.186.224.212 - - [15/Jan/2016:11:27:52 +0000] "GET /static-images/steady.jpg HTTP/1.1" 304 - "http://nw3weather.co.uk/" "Mozilla/5.0 (iPad; CPU OS 9_2 like Mac OS X) AppleWebKit/601.1.46 (KHTML, like Gecko) Version/9.0 Mobile/13C75 Safari/601.1"
86.186.224.212 - - [15/Jan/2016:11:27:52 +0000] "GET /background.jpg HTTP/1.1" 304 - "http://nw3weather.co.uk/" "Mozilla/5.0 (iPad; CPU OS 9_2 like Mac OS X) AppleWebKit/601.1.46 (KHTML, like Gecko) Version/9.0 Mobile/13C75 Safari/601.1"
86.186.224.212 - - [15/Jan/2016:11:27:52 +0000] "GET /static-images/falling.gif HTTP/1.1" 304 - "http://nw3weather.co.uk/" "Mozilla/5.0 (iPad; CPU OS 9_2 like Mac OS X) AppleWebKit/601.1.46 (KHTML, like Gecko) Version/9.0 Mobile/13C75 Safari/601.1"
86.186.224.212 - - [15/Jan/2016:11:27:52 +0000] "GET /static-images/dewy_small.png HTTP/1.1" 304 - "http://nw3weather.co.uk/" "Mozilla/5.0 (iPad; CPU OS 9_2 like Mac OS X) AppleWebKit/601.1.46 (KHTML, like Gecko) Version/9.0 Mobile/13C75 Safari/601.1"
86.186.224.212 - - [15/Jan/2016:11:27:52 +0000] "GET /static-images/windy_small.png HTTP/1.1" 304 - "http://nw3weather.co.uk/" "Mozilla/5.0 (iPad; CPU OS 9_2 like Mac OS X) AppleWebKit/601.1.46 (KHTML, like Gecko) Version/9.0 Mobile/13C75 Safari/601.1"
86.186.224.212 - - [15/Jan/2016:11:27:52 +0000] "GET /static-images/rain2_small.png HTTP/1.1" 304 - "http://nw3weather.co.uk/" "Mozilla/5.0 (iPad; CPU OS 9_2 like Mac OS X) AppleWebKit/601.1.46 (KHTML, like Gecko) Version/9.0 Mobile/13C75 Safari/601.1"
86.186.224.212 - - [15/Jan/2016:11:27:52 +0000] "GET /static-images/pressure2_small.png HTTP/1.1" 304 - "http://nw3weather.co.uk/" "Mozilla/5.0 (iPad; CPU OS 9_2 like Mac OS X) AppleWebKit/601.1.46 (KHTML, like Gecko) Version/9.0 Mobile/13C75 Safari/601.1"
86.186.224.212 - - [15/Jan/2016:11:27:52 +0000] "GET /mainGraph2.png?reqid=150120161127&currid=1452857271 HTTP/1.1" 200 9353 "http://nw3weather.co.uk/" "Mozilla/5.0 (iPad; CPU OS 9_2 like Mac OS X) AppleWebKit/601.1.46 (KHTML, like Gecko) Version/9.0 Mobile/13C75 Safari/601.1"
192.36.190.2 - - [15/Jan/2016:11:27:53 +0000] "GET /currcam_small.jpg?1452857233 HTTP/1.1" 200 4102 "http://nw3weather.co.uk/" "Mozilla/5.0 (Windows NT 6.1; Win64; x64) AppleWebKit/537.36 (KHTML, like Gecko) Chrome/47.0.2526.111 Safari/537.36"
157.55.39.46 - - [15/Jan/2016:11:27:38 +0000] "GET /DailyData2012.xls HTTP/1.1" 200 2967552 "-" "Mozilla/5.0 (compatible; bingbot/2.0; +http://www.bing.com/bingbot.htm)"
2.102.211.240 - - [15/Jan/2016:11:27:53 +0000] "GET /currcam_small.jpg?1452819554 HTTP/1.1" 200 4102 "http://nw3weather.co.uk/" "Mozilla/5.0 (Windows NT 10.0; Win64; x64) AppleWebKit/537.36 (KHTML, like Gecko) Chrome/46.0.2486.0 Safari/537.36 Edge/13.10586"
86.182.52.216 - - [15/Jan/2016:11:28:04 +0000] "GET /currcam_small.jpg?1452856993 HTTP/1.0" 200 4091 "http://nw3weather.co.uk/" "Mozilla/5.0 (Windows NT 6.1; WOW64) AppleWebKit/537.36 (KHTML, like Gecko) Chrome/47.0.2526.106 Safari/537.36"
5.148.169.36 - - [15/Jan/2016:11:28:07 +0000] "GET /currcam.jpg HTTP/1.1" 200 25809 "-" "webcam-4insiders.com Picture Fetcher"
2.102.211.240 - - [15/Jan/2016:11:28:09 +0000] "GET /currcam_small.jpg?1452854772 HTTP/1.1" 200 4091 "http://nw3weather.co.uk/" "Mozilla/5.0 (Windows NT 10.0; Win64; x64) AppleWebKit/537.36 (KHTML, like Gecko) Chrome/46.0.2486.0 Safari/537.36 Edge/13.10586"
86.186.224.212 - - [15/Jan/2016:11:28:11 +0000] "GET /ajax/wx-body.php?_=1452857291195 HTTP/1.1" 200 4417 "http://nw3weather.co.uk/" "Mozilla/5.0 (iPad; CPU OS 9_2 like Mac OS X) AppleWebKit/601.1.46 (KHTML, like Gecko) Version/9.0 Mobile/13C75 Safari/601.1"
86.186.224.212 - - [15/Jan/2016:11:28:12 +0000] "GET /currcam_small.jpg?1452857292 HTTP/1.1" 200 4091 "http://nw3weather.co.uk/" "Mozilla/5.0 (iPad; CPU OS 9_2 like Mac OS X) AppleWebKit/601.1.46 (KHTML, like Gecko) Version/9.0 Mobile/13C75 Safari/601.1"
37.205.63.195 - - [15/Jan/2016:11:28:12 +0000] "GET /currcam.jpg?385669411210593821 HTTP/1.1" 200 25809 "-" "Mozilla/5.0 (Macintosh; Intel Mac OS X 10_9_5) AppleWebKit/537.36 (KHTML, like Gecko) Chrome/47.0.2526.111 Safari/537.36"
77.101.52.56 - - [15/Jan/2016:11:28:16 +0000] "GET /currcam.jpg HTTP/1.1" 200 25809 "http://www.rochester-airport.co.uk/webcams.htm" "Mozilla/5.0 (Windows NT 5.2; WOW64) AppleWebKit/537.36 (KHTML, like Gecko) Chrome/47.0.2526.106 Safari/537.36"
81.174.201.5 - - [15/Jan/2016:11:28:20 +0000] "GET /wxdataday.php?year=2013 HTTP/1.1" 200 33472 "-" "Mozilla/5.0 (Windows NT 6.3; WOW64) AppleWebKit/537.36 (KHTML, like Gecko) Chrome/47.0.2526.106 Safari/537.36"
81.174.201.5 - - [15/Jan/2016:11:28:21 +0000] "GET /valcolstyle.css HTTP/1.1" 200 12925 "http://nw3weather.co.uk/wxdataday.php?year=2013" "Mozilla/5.0 (Windows NT 6.3; WOW64) AppleWebKit/537.36 (KHTML, like Gecko) Chrome/47.0.2526.106 Safari/537.36"
81.174.201.5 - - [15/Jan/2016:11:28:21 +0000] "GET /static-images/leftheadN.JPG HTTP/1.1" 200 1790 "http://nw3weather.co.uk/wxdataday.php?year=2013" "Mozilla/5.0 (Windows NT 6.3; WOW64) AppleWebKit/537.36 (KHTML, like Gecko) Chrome/47.0.2526.106 Safari/537.36"
81.174.201.5 - - [15/Jan/2016:11:28:21 +0000] "GET /mainstyle.css HTTP/1.1" 200 6824 "http://nw3weather.co.uk/wxdataday.php?year=2013" "Mozilla/5.0 (Windows NT 6.3; WOW64) AppleWebKit/537.36 (KHTML, like Gecko) Chrome/47.0.2526.106 Safari/537.36"
81.174.201.5 - - [15/Jan/2016:11:28:21 +0000] "GET /static-images/newmain.jpg HTTP/1.1" 200 15243 "http://nw3weather.co.uk/wxdataday.php?year=2013" "Mozilla/5.0 (Windows NT 6.3; WOW64) AppleWebKit/537.36 (KHTML, like Gecko) Chrome/47.0.2526.106 Safari/537.36"
81.174.201.5 - - [15/Jan/2016:11:28:21 +0000] "GET /static-images/rightheadS.JPG HTTP/1.1" 200 3881 "http://nw3weather.co.uk/wxdataday.php?year=2013" "Mozilla/5.0 (Windows NT 6.3; WOW64) AppleWebKit/537.36 (KHTML, like Gecko) Chrome/47.0.2526.106 Safari/537.36"
81.174.201.5 - - [15/Jan/2016:11:28:21 +0000] "GET /background.jpg HTTP/1.1" 200 7693 "http://nw3weather.co.uk/mainstyle.css" "Mozilla/5.0 (Windows NT 6.3; WOW64) AppleWebKit/537.36 (KHTML, like Gecko) Chrome/47.0.2526.106 Safari/537.36"
81.174.201.5 - - [15/Jan/2016:11:28:23 +0000] "GET /favicon.ico HTTP/1.1" 200 894 "http://nw3weather.co.uk/wxdataday.php?year=2013" "Mozilla/5.0 (Windows NT 6.3; WOW64) AppleWebKit/537.36 (KHTML, like Gecko) Chrome/47.0.2526.106 Safari/537.36"
86.186.224.212 - - [15/Jan/2016:11:28:31 +0000] "GET /ajax/wx-body.php?_=1452857311262 HTTP/1.1" 200 4417 "http://nw3weather.co.uk/" "Mozilla/5.0 (iPad; CPU OS 9_2 like Mac OS X) AppleWebKit/601.1.46 (KHTML, like Gecko) Version/9.0 Mobile/13C75 Safari/601.1"
188.222.242.255 - - [15/Jan/2016:11:28:47 +0000] "GET /currcam_small.jpg?1452739753 HTTP/1.1" 200 4091 "http://nw3weather.co.uk/" "Mozilla/5.0 (Windows NT 6.1; WOW64; rv:43.0) Gecko/20100101 Firefox/43.0"
86.186.224.212 - - [15/Jan/2016:11:28:51 +0000] "GET /ajax/wx-body.php?_=1452857331296 HTTP/1.1" 200 4417 "http://nw3weather.co.uk/" "Mozilla/5.0 (iPad; CPU OS 9_2 like Mac OS X) AppleWebKit/601.1.46 (KHTML, like Gecko) Version/9.0 Mobile/13C75 Safari/601.1"
192.36.190.2 - - [15/Jan/2016:11:28:53 +0000] "GET /currcam_small.jpg?1452857293 HTTP/1.1" 200 4091 "http://nw3weather.co.uk/" "Mozilla/5.0 (Windows NT 6.1; Win64; x64) AppleWebKit/537.36 (KHTML, like Gecko) Chrome/47.0.2526.111 Safari/537.36"
188.39.39.50 - - [15/Jan/2016:11:28:55 +0000] "GET /currcam_small.jpg?1452847932 HTTP/1.1" 200 4091 "http://nw3weather.co.uk/" "Mozilla/5.0 (Windows NT 6.1; WOW64; rv:43.0) Gecko/20100101 Firefox/43.0"
2.102.211.240 - - [15/Jan/2016:11:28:56 +0000] "GET /mainGraph2.png?reqid=140120162202&currid=1452819611 HTTP/1.1" 200 9353 "http://nw3weather.co.uk/" "Mozilla/5.0 (Windows NT 10.0; Win64; x64) AppleWebKit/537.36 (KHTML, like Gecko) Chrome/46.0.2486.0 Safari/537.36 Edge/13.10586"
2.102.211.240 - - [15/Jan/2016:11:28:56 +0000] "GET /mainGraph1.png?reqid=140120162202&currid=1452819611 HTTP/1.1" 200 5752 "http://nw3weather.co.uk/" "Mozilla/5.0 (Windows NT 10.0; Win64; x64) AppleWebKit/537.36 (KHTML, like Gecko) Chrome/46.0.2486.0 Safari/537.36 Edge/13.10586"
2.102.211.240 - - [15/Jan/2016:11:28:56 +0000] "GET /currcam_small.jpg?1452819611 HTTP/1.1" 200 4091 "http://nw3weather.co.uk/" "Mozilla/5.0 (Windows NT 10.0; Win64; x64) AppleWebKit/537.36 (KHTML, like Gecko) Chrome/46.0.2486.0 Safari/537.36 Edge/13.10586"
86.182.52.216 - - [15/Jan/2016:11:29:05 +0000] "GET /currcam_small.jpg?1452857053 HTTP/1.0" 200 4084 "http://nw3weather.co.uk/" "Mozilla/5.0 (Windows NT 6.1; WOW64) AppleWebKit/537.36 (KHTML, like Gecko) Chrome/47.0.2526.106 Safari/537.36"
86.186.224.212 - - [15/Jan/2016:11:29:11 +0000] "GET /ajax/wx-body.php?_=1452857351330 HTTP/1.1" 200 4417 "http://nw3weather.co.uk/" "Mozilla/5.0 (iPad; CPU OS 9_2 like Mac OS X) AppleWebKit/601.1.46 (KHTML, like Gecko) Version/9.0 Mobile/13C75 Safari/601.1"
86.186.224.212 - - [15/Jan/2016:11:29:12 +0000] "GET /currcam_small.jpg?1452857352 HTTP/1.1" 200 4084 "http://nw3weather.co.uk/" "Mozilla/5.0 (iPad; CPU OS 9_2 like Mac OS X) AppleWebKit/601.1.46 (KHTML, like Gecko) Version/9.0 Mobile/13C75 Safari/601.1"
2.102.211.240 - - [15/Jan/2016:11:29:14 +0000] "GET /currcam_small.jpg?1452854834 HTTP/1.1" 200 4084 "http://nw3weather.co.uk/" "Mozilla/5.0 (Windows NT 10.0; Win64; x64) AppleWebKit/537.36 (KHTML, like Gecko) Chrome/46.0.2486.0 Safari/537.36 Edge/13.10586"
37.205.63.195 - - [15/Jan/2016:11:29:27 +0000] "GET /currcam.jpg?385669294039593821 HTTP/1.1" 200 25816 "-" "Mozilla/5.0 (Macintosh; Intel Mac OS X 10_9_5) AppleWebKit/537.36 (KHTML, like Gecko) Chrome/47.0.2526.111 Safari/537.36"
77.101.52.56 - - [15/Jan/2016:11:29:34 +0000] "GET /currcam.jpg HTTP/1.1" 200 25816 "http://www.rochester-airport.co.uk/webcams.htm" "Mozilla/5.0 (Windows NT 5.2; WOW64) AppleWebKit/537.36 (KHTML, like Gecko) Chrome/47.0.2526.106 Safari/537.36"
54.191.43.92 - - [15/Jan/2016:11:29:45 +0000] "GET /currcam.jpg?t=1452857384 HTTP/1.1" 200 25816 "-" "WU-webcamURLingest 1.0"
188.222.242.255 - - [15/Jan/2016:11:29:46 +0000] "GET /mainGraph1.png?reqid=130120162259&currid=1452739811 HTTP/1.1" 200 5752 "http://nw3weather.co.uk/" "Mozilla/5.0 (Windows NT 6.1; WOW64; rv:43.0) Gecko/20100101 Firefox/43.0"
188.222.242.255 - - [15/Jan/2016:11:29:46 +0000] "GET /mainGraph2.png?reqid=130120162259&currid=1452739811 HTTP/1.1" 200 9353 "http://nw3weather.co.uk/" "Mozilla/5.0 (Windows NT 6.1; WOW64; rv:43.0) Gecko/20100101 Firefox/43.0"
188.222.242.255 - - [15/Jan/2016:11:29:48 +0000] "GET /currcam_small.jpg?1452739813 HTTP/1.1" 200 4084 "http://nw3weather.co.uk/" "Mozilla/5.0 (Windows NT 6.1; WOW64; rv:43.0) Gecko/20100101 Firefox/43.0"
192.36.190.2 - - [15/Jan/2016:11:29:53 +0000] "GET /currcam_small.jpg?1452857353 HTTP/1.1" 200 4084 "http://nw3weather.co.uk/" "Mozilla/5.0 (Windows NT 6.1; Win64; x64) AppleWebKit/537.36 (KHTML, like Gecko) Chrome/47.0.2526.111 Safari/537.36"
2.102.211.240 - - [15/Jan/2016:11:30:01 +0000] "GET /currcam_small.jpg?1452819674 HTTP/1.1" 200 4084 "http://nw3weather.co.uk/" "Mozilla/5.0 (Windows NT 10.0; Win64; x64) AppleWebKit/537.36 (KHTML, like Gecko) Chrome/46.0.2486.0 Safari/537.36 Edge/13.10586"
86.182.52.216 - - [15/Jan/2016:11:30:04 +0000] "GET /currcam_small.jpg?1452857113 HTTP/1.0" 200 4084 "http://nw3weather.co.uk/" "Mozilla/5.0 (Windows NT 6.1; WOW64) AppleWebKit/537.36 (KHTML, like Gecko) Chrome/47.0.2526.106 Safari/537.36"
86.182.52.216 - - [15/Jan/2016:11:30:05 +0000] "GET /mainGraph1.png?reqid=150120160438&currid=1452857111 HTTP/1.0" 200 5752 "http://nw3weather.co.uk/" "Mozilla/5.0 (Windows NT 6.1; WOW64) AppleWebKit/537.36 (KHTML, like Gecko) Chrome/47.0.2526.106 Safari/537.36"
86.182.52.216 - - [15/Jan/2016:11:30:05 +0000] "GET /mainGraph2.png?reqid=150120160438&currid=1452857111 HTTP/1.0" 200 9353 "http://nw3weather.co.uk/" "Mozilla/5.0 (Windows NT 6.1; WOW64) AppleWebKit/537.36 (KHTML, like Gecko) Chrome/47.0.2526.106 Safari/537.36"
188.39.39.50 - - [15/Jan/2016:11:30:07 +0000] "GET /currcam_small.jpg?1452847991 HTTP/1.1" 200 4084 "http://nw3weather.co.uk/" "Mozilla/5.0 (Windows NT 6.1; WOW64; rv:43.0) Gecko/20100101 Firefox/43.0"
2.102.211.240 - - [15/Jan/2016:11:30:14 +0000] "GET /currcam_small.jpg?1452854891 HTTP/1.1" 200 4084 "http://nw3weather.co.uk/" "Mozilla/5.0 (Windows NT 10.0; Win64; x64) AppleWebKit/537.36 (KHTML, like Gecko) Chrome/46.0.2486.0 Safari/537.36 Edge/13.10586"
213.123.170.158 - - [15/Jan/2016:11:30:15 +0000] "GET / HTTP/1.1" 200 23658 "-" "Mozilla/5.0 (Windows NT 10.0; WOW64) AppleWebKit/537.36 (KHTML, like Gecko) Chrome/47.0.2526.111 Safari/537.36"
213.123.170.158 - - [15/Jan/2016:11:30:16 +0000] "GET /currcam_small.jpg HTTP/1.1" 200 4084 "http://nw3weather.co.uk/" "Mozilla/5.0 (Windows NT 10.0; WOW64) AppleWebKit/537.36 (KHTML, like Gecko) Chrome/47.0.2526.111 Safari/537.36"
213.123.170.158 - - [15/Jan/2016:11:30:16 +0000] "GET /static-images/clear_lg.png HTTP/1.1" 200 8460 "http://nw3weather.co.uk/" "Mozilla/5.0 (Windows NT 10.0; WOW64) AppleWebKit/537.36 (KHTML, like Gecko) Chrome/47.0.2526.111 Safari/537.36"
213.123.170.158 - - [15/Jan/2016:11:30:16 +0000] "GET /mainGraph1.png?reqid=150120161130&currid=1452857416 HTTP/1.1" 200 5797 "http://nw3weather.co.uk/" "Mozilla/5.0 (Windows NT 10.0; WOW64) AppleWebKit/537.36 (KHTML, like Gecko) Chrome/47.0.2526.111 Safari/537.36"
213.123.170.158 - - [15/Jan/2016:11:30:16 +0000] "GET /mainGraph2.png?reqid=150120161130&currid=1452857416 HTTP/1.1" 200 9441 "http://nw3weather.co.uk/" "Mozilla/5.0 (Windows NT 10.0; WOW64) AppleWebKit/537.36 (KHTML, like Gecko) Chrome/47.0.2526.111 Safari/537.36"
66.249.66.128 - - [15/Jan/2016:11:30:27 +0000] "GET /wxhistday.php?year=2009&month=6&day=23 HTTP/1.1" 200 30429 "-" "Mozilla/5.0 (compatible; Googlebot/2.1; +http://www.google.com/bot.html)"
37.205.63.195 - - [15/Jan/2016:11:30:42 +0000] "GET /currcam.jpg?385669597810593821 HTTP/1.1" 200 25816 "-" "Mozilla/5.0 (Macintosh; Intel Mac OS X 10_9_5) AppleWebKit/537.36 (KHTML, like Gecko) Chrome/47.0.2526.111 Safari/537.36"
188.222.242.255 - - [15/Jan/2016:11:30:48 +0000] "GET /currcam_small.jpg?1452739873 HTTP/1.1" 200 4084 "http://nw3weather.co.uk/" "Mozilla/5.0 (Windows NT 6.1; WOW64; rv:43.0) Gecko/20100101 Firefox/43.0"
192.36.190.2 - - [15/Jan/2016:11:30:50 +0000] "GET /mainGraph2.png?reqid=150120160830&currid=1452857411 HTTP/1.1" 200 9441 "http://nw3weather.co.uk/" "Mozilla/5.0 (Windows NT 6.1; Win64; x64) AppleWebKit/537.36 (KHTML, like Gecko) Chrome/47.0.2526.111 Safari/537.36"
192.36.190.2 - - [15/Jan/2016:11:30:50 +0000] "GET /mainGraph1.png?reqid=150120160830&currid=1452857411 HTTP/1.1" 200 5797 "http://nw3weather.co.uk/" "Mozilla/5.0 (Windows NT 6.1; Win64; x64) AppleWebKit/537.36 (KHTML, like Gecko) Chrome/47.0.2526.111 Safari/537.36"
192.36.190.2 - - [15/Jan/2016:11:30:53 +0000] "GET /currcam_small.jpg?1452857413 HTTP/1.1" 200 4084 "http://nw3weather.co.uk/" "Mozilla/5.0 (Windows NT 6.1; Win64; x64) AppleWebKit/537.36 (KHTML, like Gecko) Chrome/47.0.2526.111 Safari/537.36"
77.101.52.56 - - [15/Jan/2016:11:31:02 +0000] "GET /currcam.jpg HTTP/1.1" 200 - "http://www.rochester-airport.co.uk/webcams.htm" "Mozilla/5.0 (Windows NT 5.2; WOW64) AppleWebKit/537.36 (KHTML, like Gecko) Chrome/47.0.2526.106 Safari/537.36"
86.182.52.216 - - [15/Jan/2016:11:31:04 +0000] "GET /currcam_small.jpg?1452857173 HTTP/1.0" 200 4184 "http://nw3weather.co.uk/" "Mozilla/5.0 (Windows NT 6.1; WOW64) AppleWebKit/537.36 (KHTML, like Gecko) Chrome/47.0.2526.106 Safari/537.36"
188.39.39.50 - - [15/Jan/2016:11:31:24 +0000] "GET /currcam_small.jpg?1452848054 HTTP/1.1" 200 4184 "http://nw3weather.co.uk/" "Mozilla/5.0 (Windows NT 6.1; WOW64; rv:43.0) Gecko/20100101 Firefox/43.0"
54.191.43.92 - - [15/Jan/2016:11:31:36 +0000] "GET /currcam.jpg?t=1452857495 HTTP/1.1" 200 26050 "-" "WU-webcamURLingest 1.0"
188.222.242.255 - - [15/Jan/2016:11:31:48 +0000] "GET /currcam_small.jpg?1452739932 HTTP/1.1" 200 4184 "http://nw3weather.co.uk/" "Mozilla/5.0 (Windows NT 6.1; WOW64; rv:43.0) Gecko/20100101 Firefox/43.0"
192.36.190.2 - - [15/Jan/2016:11:31:53 +0000] "GET /currcam_small.jpg?1452857473 HTTP/1.1" 200 4184 "http://nw3weather.co.uk/" "Mozilla/5.0 (Windows NT 6.1; Win64; x64) AppleWebKit/537.36 (KHTML, like Gecko) Chrome/47.0.2526.111 Safari/537.36"
37.205.63.195 - - [15/Jan/2016:11:31:57 +0000] "GET /currcam.jpg?385669574234593821 HTTP/1.1" 200 26050 "-" "Mozilla/5.0 (Macintosh; Intel Mac OS X 10_9_5) AppleWebKit/537.36 (KHTML, like Gecko) Chrome/47.0.2526.111 Safari/537.36"
193.202.110.188 - - [15/Jan/2016:11:31:58 +0000] "GET /jpgwebcam.jpg HTTP/1.0" 301 243 "-" "PHP_futurameteo.eu"
193.202.110.188 - - [15/Jan/2016:11:31:58 +0000] "GET /currcam.jpg HTTP/1.0" 200 26050 "-" "PHP_futurameteo.eu"
86.182.52.216 - - [15/Jan/2016:11:32:04 +0000] "GET /currcam_small.jpg?1452857233 HTTP/1.0" 200 4099 "http://nw3weather.co.uk/" "Mozilla/5.0 (Windows NT 6.1; WOW64) AppleWebKit/537.36 (KHTML, like Gecko) Chrome/47.0.2526.106 Safari/537.36"
188.39.39.50 - - [15/Jan/2016:11:32:31 +0000] "GET /mainGraph1.png?reqid=140120161612&currid=1452848111 HTTP/1.1" 200 5797 "http://nw3weather.co.uk/" "Mozilla/5.0 (Windows NT 6.1; WOW64; rv:43.0) Gecko/20100101 Firefox/43.0"
188.39.39.50 - - [15/Jan/2016:11:32:31 +0000] "GET /mainGraph2.png?reqid=140120161612&currid=1452848111 HTTP/1.1" 200 9441 "http://nw3weather.co.uk/" "Mozilla/5.0 (Windows NT 6.1; WOW64; rv:43.0) Gecko/20100101 Firefox/43.0"
77.101.52.56 - - [15/Jan/2016:11:32:32 +0000] "GET /currcam.jpg HTTP/1.1" 200 25792 "http://www.rochester-airport.co.uk/webcams.htm" "Mozilla/5.0 (Windows NT 5.2; WOW64) AppleWebKit/537.36 (KHTML, like Gecko) Chrome/47.0.2526.106 Safari/537.36"
188.39.39.50 - - [15/Jan/2016:11:32:35 +0000] "GET /currcam_small.jpg?1452848114 HTTP/1.1" 200 4099 "http://nw3weather.co.uk/" "Mozilla/5.0 (Windows NT 6.1; WOW64; rv:43.0) Gecko/20100101 Firefox/43.0"
188.222.242.255 - - [15/Jan/2016:11:32:48 +0000] "GET /currcam_small.jpg?1452739992 HTTP/1.1" 200 4099 "http://nw3weather.co.uk/" "Mozilla/5.0 (Windows NT 6.1; WOW64; rv:43.0) Gecko/20100101 Firefox/43.0"
192.36.190.2 - - [15/Jan/2016:11:32:53 +0000] "GET /currcam_small.jpg?1452857533 HTTP/1.1" 200 4099 "http://nw3weather.co.uk/" "Mozilla/5.0 (Windows NT 6.1; Win64; x64) AppleWebKit/537.36 (KHTML, like Gecko) Chrome/47.0.2526.111 Safari/537.36"
192.250.56.62 - - [15/Jan/2016:11:32:53 +0000] "GET /graphviewer.php HTTP/1.1" 200 12372 "-" "Mozilla/5.0 (Windows NT 6.1; WOW64; Trident/7.0; rv:11.0) like Gecko"
192.250.56.62 - - [15/Jan/2016:11:32:54 +0000] "GET /graphday.php?x=870&y=450&num=3 HTTP/1.1" 200 22819 "http://nw3weather.co.uk/graphviewer.php" "Mozilla/5.0 (Windows NT 6.1; WOW64; Trident/7.0; rv:11.0) like Gecko"
192.250.56.62 - - [15/Jan/2016:11:32:54 +0000] "GET /graphday.php?x=870&y=450&num=3 HTTP/1.1" 200 22821 "http://nw3weather.co.uk/graphviewer.php" "Mozilla/5.0 (Windows NT 6.1; WOW64; Trident/7.0; rv:11.0) like Gecko"
86.182.52.216 - - [15/Jan/2016:11:33:05 +0000] "GET /currcam_small.jpg?1452857293 HTTP/1.0" 200 4108 "http://nw3weather.co.uk/" "Mozilla/5.0 (Windows NT 6.1; WOW64) AppleWebKit/537.36 (KHTML, like Gecko) Chrome/47.0.2526.106 Safari/537.36"
5.148.169.36 - - [15/Jan/2016:11:33:07 +0000] "GET /currcam.jpg HTTP/1.1" 200 25765 "-" "webcam-4insiders.com Picture Fetcher"
23.246.226.138 - - [15/Jan/2016:11:33:08 +0000] "GET /currcam.jpg HTTP/1.1" 200 25765 "-" "-"
37.205.63.195 - - [15/Jan/2016:11:33:12 +0000] "GET /currcam.jpg?385669603641593821 HTTP/1.1" 200 25765 "-" "Mozilla/5.0 (Macintosh; Intel Mac OS X 10_9_5) AppleWebKit/537.36 (KHTML, like Gecko) Chrome/47.0.2526.111 Safari/537.36"
54.191.43.92 - - [15/Jan/2016:11:33:29 +0000] "GET /currcam.jpg?t=1452857609 HTTP/1.1" 200 25765 "-" "WU-webcamURLingest 1.0"
188.39.39.50 - - [15/Jan/2016:11:33:47 +0000] "GET /currcam_small.jpg?1452848173 HTTP/1.1" 200 4108 "http://nw3weather.co.uk/" "Mozilla/5.0 (Windows NT 6.1; WOW64; rv:43.0) Gecko/20100101 Firefox/43.0"
81.133.2.105 - - [15/Jan/2016:11:33:47 +0000] "GET /wxdataday.php?year=2016 HTTP/1.1" 200 31906 "-" "Mozilla/5.0 (Windows NT 6.3; WOW64; Trident/7.0; rv:11.0) like Gecko"
188.222.242.255 - - [15/Jan/2016:11:33:48 +0000] "GET /currcam_small.jpg?1452740052 HTTP/1.1" 200 4108 "http://nw3weather.co.uk/" "Mozilla/5.0 (Windows NT 6.1; WOW64; rv:43.0) Gecko/20100101 Firefox/43.0"
80.106.204.168 - - [15/Jan/2016:11:33:49 +0000] "GET /img33_Beaufort_NOAA.gif HTTP/1.1" 200 19854 "https://www.google.gr/" "Mozilla/5.0 (Macintosh; Intel Mac OS X 10_9_5) AppleWebKit/601.3.9 (KHTML, like Gecko) Version/9.0.2 Safari/537.86.3"
192.36.190.2 - - [15/Jan/2016:11:33:53 +0000] "GET /currcam_small.jpg?1452857593 HTTP/1.1" 200 4108 "http://nw3weather.co.uk/" "Mozilla/5.0 (Windows NT 6.1; Win64; x64) AppleWebKit/537.36 (KHTML, like Gecko) Chrome/47.0.2526.111 Safari/537.36"
86.182.52.216 - - [15/Jan/2016:11:34:05 +0000] "GET /currcam_small.jpg?1452857353 HTTP/1.0" 200 4090 "http://nw3weather.co.uk/" "Mozilla/5.0 (Windows NT 6.1; WOW64) AppleWebKit/537.36 (KHTML, like Gecko) Chrome/47.0.2526.106 Safari/537.36"
37.205.63.195 - - [15/Jan/2016:11:34:27 +0000] "GET /currcam.jpg?385669745623593821 HTTP/1.1" 200 25756 "-" "Mozilla/5.0 (Macintosh; Intel Mac OS X 10_9_5) AppleWebKit/537.36 (KHTML, like Gecko) Chrome/47.0.2526.111 Safari/537.36"
188.222.242.255 - - [15/Jan/2016:11:34:48 +0000] "GET /currcam_small.jpg?1452740111 HTTP/1.1" 200 4090 "http://nw3weather.co.uk/" "Mozilla/5.0 (Windows NT 6.1; WOW64; rv:43.0) Gecko/20100101 Firefox/43.0"
188.222.242.255 - - [15/Jan/2016:11:34:49 +0000] "GET /mainGraph2.png?reqid=130120162259&currid=1452740111 HTTP/1.1" 200 9441 "http://nw3weather.co.uk/" "Mozilla/5.0 (Windows NT 6.1; WOW64; rv:43.0) Gecko/20100101 Firefox/43.0"
188.222.242.255 - - [15/Jan/2016:11:34:49 +0000] "GET /mainGraph1.png?reqid=130120162259&currid=1452740111 HTTP/1.1" 200 5797 "http://nw3weather.co.uk/" "Mozilla/5.0 (Windows NT 6.1; WOW64; rv:43.0) Gecko/20100101 Firefox/43.0"
192.36.190.2 - - [15/Jan/2016:11:34:53 +0000] "GET /currcam_small.jpg?1452857653 HTTP/1.1" 200 4090 "http://nw3weather.co.uk/" "Mozilla/5.0 (Windows NT 6.1; Win64; x64) AppleWebKit/537.36 (KHTML, like Gecko) Chrome/47.0.2526.111 Safari/537.36"
188.39.39.50 - - [15/Jan/2016:11:35:00 +0000] "GET /currcam_small.jpg?1452848233 HTTP/1.1" 200 4090 "http://nw3weather.co.uk/" "Mozilla/5.0 (Windows NT 6.1; WOW64; rv:43.0) Gecko/20100101 Firefox/43.0"
86.182.52.216 - - [15/Jan/2016:11:35:03 +0000] "GET /mainGraph2.png?reqid=150120160438&currid=1452857411 HTTP/1.0" 200 9441 "http://nw3weather.co.uk/" "Mozilla/5.0 (Windows NT 6.1; WOW64) AppleWebKit/537.36 (KHTML, like Gecko) Chrome/47.0.2526.106 Safari/537.36"
86.182.52.216 - - [15/Jan/2016:11:35:03 +0000] "GET /mainGraph1.png?reqid=150120160438&currid=1452857411 HTTP/1.0" 200 5797 "http://nw3weather.co.uk/" "Mozilla/5.0 (Windows NT 6.1; WOW64) AppleWebKit/537.36 (KHTML, like Gecko) Chrome/47.0.2526.106 Safari/537.36"
86.182.52.216 - - [15/Jan/2016:11:35:05 +0000] "GET /currcam_small.jpg?1452857413 HTTP/1.0" 200 4134 "http://nw3weather.co.uk/" "Mozilla/5.0 (Windows NT 6.1; WOW64) AppleWebKit/537.36 (KHTML, like Gecko) Chrome/47.0.2526.106 Safari/537.36"
38.102.136.219 - - [15/Jan/2016:11:35:14 +0000] "GET /currcam.jpg?t=1452857703 HTTP/1.1" 200 25945 "-" "WU-webcamURLingest 1.0"
54.191.43.92 - - [15/Jan/2016:11:35:23 +0000] "GET /currcam.jpg?t=1452857723 HTTP/1.1" 200 25945 "-" "WU-webcamURLingest 1.0"
37.205.63.195 - - [15/Jan/2016:11:35:42 +0000] "GET /currcam.jpg?385669707792593821 HTTP/1.1" 200 25945 "-" "Mozilla/5.0 (Macintosh; Intel Mac OS X 10_9_5) AppleWebKit/537.36 (KHTML, like Gecko) Chrome/47.0.2526.111 Safari/537.36"
192.36.190.2 - - [15/Jan/2016:11:35:50 +0000] "GET /mainGraph1.png?reqid=150120160830&currid=1452857711 HTTP/1.1" 200 6041 "http://nw3weather.co.uk/" "Mozilla/5.0 (Windows NT 6.1; Win64; x64) AppleWebKit/537.36 (KHTML, like Gecko) Chrome/47.0.2526.111 Safari/537.36"
192.36.190.2 - - [15/Jan/2016:11:35:50 +0000] "GET /mainGraph2.png?reqid=150120160830&currid=1452857711 HTTP/1.1" 200 9380 "http://nw3weather.co.uk/" "Mozilla/5.0 (Windows NT 6.1; Win64; x64) AppleWebKit/537.36 (KHTML, like Gecko) Chrome/47.0.2526.111 Safari/537.36"
192.36.190.2 - - [15/Jan/2016:11:35:53 +0000] "GET /currcam_small.jpg?1452857713 HTTP/1.1" 200 4134 "http://nw3weather.co.uk/" "Mozilla/5.0 (Windows NT 6.1; Win64; x64) AppleWebKit/537.36 (KHTML, like Gecko) Chrome/47.0.2526.111 Safari/537.36"
180.76.15.14 - - [15/Jan/2016:11:35:53 +0000] "GET /albgen.php?view=Strip&img=11 HTTP/1.1" 200 27 "-" "Mozilla/5.0 (compatible; Baiduspider/2.0; +http://www.baidu.com/search/spider.html)"
188.222.242.255 - - [15/Jan/2016:11:35:53 +0000] "GET /currcam_small.jpg?1452740175 HTTP/1.1" 200 4134 "http://nw3weather.co.uk/" "Mozilla/5.0 (Windows NT 6.1; WOW64; rv:43.0) Gecko/20100101 Firefox/43.0"
77.101.52.56 - - [15/Jan/2016:11:36:05 +0000] "GET /currcam.jpg HTTP/1.1" 200 25971 "http://www.rochester-airport.co.uk/webcams.htm" "Mozilla/5.0 (Windows NT 5.2; WOW64) AppleWebKit/537.36 (KHTML, like Gecko) Chrome/47.0.2526.106 Safari/537.36"
86.182.52.216 - - [15/Jan/2016:11:36:05 +0000] "GET /currcam_small.jpg?1452857473 HTTP/1.0" 200 4107 "http://nw3weather.co.uk/" "Mozilla/5.0 (Windows NT 6.1; WOW64) AppleWebKit/537.36 (KHTML, like Gecko) Chrome/47.0.2526.106 Safari/537.36"
188.39.39.50 - - [15/Jan/2016:11:36:10 +0000] "GET /currcam_small.jpg?1452848293 HTTP/1.1" 200 4107 "http://nw3weather.co.uk/" "Mozilla/5.0 (Windows NT 6.1; WOW64; rv:43.0) Gecko/20100101 Firefox/43.0"
85.115.52.201 - - [15/Jan/2016:11:36:32 +0000] "GET /wx12.php HTTP/1.1" 200 27617 "https://www.google.co.uk/" "Mozilla/5.0 (Windows NT 6.1; WOW64) AppleWebKit/537.36 (KHTML, like Gecko) Chrome/46.0.2490.71 Safari/537.36"
85.115.52.201 - - [15/Jan/2016:11:36:33 +0000] "GET /static-images/leftheadN.JPG HTTP/1.1" 200 1790 "http://nw3weather.co.uk/wx12.php" "Mozilla/5.0 (Windows NT 6.1; WOW64) AppleWebKit/537.36 (KHTML, like Gecko) Chrome/46.0.2490.71 Safari/537.36"
85.115.52.201 - - [15/Jan/2016:11:36:33 +0000] "GET /mainstyle.css HTTP/1.1" 200 6824 "http://nw3weather.co.uk/wx12.php" "Mozilla/5.0 (Windows NT 6.1; WOW64) AppleWebKit/537.36 (KHTML, like Gecko) Chrome/46.0.2490.71 Safari/537.36"
85.115.52.201 - - [15/Jan/2016:11:36:33 +0000] "GET /static-images/newmain.jpg HTTP/1.1" 200 15243 "http://nw3weather.co.uk/wx12.php" "Mozilla/5.0 (Windows NT 6.1; WOW64) AppleWebKit/537.36 (KHTML, like Gecko) Chrome/46.0.2490.71 Safari/537.36"
85.115.52.201 - - [15/Jan/2016:11:36:33 +0000] "GET /background.jpg HTTP/1.1" 200 7693 "http://nw3weather.co.uk/mainstyle.css" "Mozilla/5.0 (Windows NT 6.1; WOW64) AppleWebKit/537.36 (KHTML, like Gecko) Chrome/46.0.2490.71 Safari/537.36"
85.115.52.201 - - [15/Jan/2016:11:36:33 +0000] "GET /static-images/rightheadS.JPG HTTP/1.1" 200 3881 "http://nw3weather.co.uk/wx12.php" "Mozilla/5.0 (Windows NT 6.1; WOW64) AppleWebKit/537.36 (KHTML, like Gecko) Chrome/46.0.2490.71 Safari/537.36"
85.115.52.201 - - [15/Jan/2016:11:36:33 +0000] "GET /graph31.php?type=rain&x=565&y=300 HTTP/1.1" 200 3817 "http://nw3weather.co.uk/wx12.php" "Mozilla/5.0 (Windows NT 6.1; WOW64) AppleWebKit/537.36 (KHTML, like Gecko) Chrome/46.0.2490.71 Safari/537.36"
85.115.52.201 - - [15/Jan/2016:11:36:33 +0000] "GET /graphdayA.php?type1=rain&x=800&y=400 HTTP/1.1" 200 9199 "http://nw3weather.co.uk/wx12.php" "Mozilla/5.0 (Windows NT 6.1; WOW64) AppleWebKit/537.36 (KHTML, like Gecko) Chrome/46.0.2490.71 Safari/537.36"
85.115.52.201 - - [15/Jan/2016:11:36:33 +0000] "GET /graph12.php?type=rain&x=600&y=300 HTTP/1.1" 200 5433 "http://nw3weather.co.uk/wx12.php" "Mozilla/5.0 (Windows NT 6.1; WOW64) AppleWebKit/537.36 (KHTML, like Gecko) Chrome/46.0.2490.71 Safari/537.36"
85.115.52.201 - - [15/Jan/2016:11:36:34 +0000] "GET /favicon.ico HTTP/1.1" 200 894 "http://nw3weather.co.uk/wx12.php" "Mozilla/5.0 (Windows NT 6.1; WOW64) AppleWebKit/537.36 (KHTML, like Gecko) Chrome/46.0.2490.71 Safari/537.36"
192.36.190.2 - - [15/Jan/2016:11:36:53 +0000] "GET /currcam_small.jpg?1452857773 HTTP/1.1" 200 4107 "http://nw3weather.co.uk/" "Mozilla/5.0 (Windows NT 6.1; Win64; x64) AppleWebKit/537.36 (KHTML, like Gecko) Chrome/47.0.2526.111 Safari/537.36"
188.222.242.255 - - [15/Jan/2016:11:36:54 +0000] "GET /currcam_small.jpg?1452740232 HTTP/1.1" 200 4107 "http://nw3weather.co.uk/" "Mozilla/5.0 (Windows NT 6.1; WOW64; rv:43.0) Gecko/20100101 Firefox/43.0"
37.205.63.195 - - [15/Jan/2016:11:36:57 +0000] "GET /currcam.jpg?385669459258593821 HTTP/1.1" 200 25971 "-" "Mozilla/5.0 (Macintosh; Intel Mac OS X 10_9_5) AppleWebKit/537.36 (KHTML, like Gecko) Chrome/47.0.2526.111 Safari/537.36"
86.182.52.216 - - [15/Jan/2016:11:37:05 +0000] "GET /currcam_small.jpg?1452857533 HTTP/1.0" 200 4114 "http://nw3weather.co.uk/" "Mozilla/5.0 (Windows NT 6.1; WOW64) AppleWebKit/537.36 (KHTML, like Gecko) Chrome/47.0.2526.106 Safari/537.36"
188.39.39.50 - - [15/Jan/2016:11:37:21 +0000] "GET /currcam_small.jpg?1452848353 HTTP/1.1" 200 4114 "http://nw3weather.co.uk/" "Mozilla/5.0 (Windows NT 6.1; WOW64; rv:43.0) Gecko/20100101 Firefox/43.0"
54.191.43.92 - - [15/Jan/2016:11:37:22 +0000] "GET /currcam.jpg?t=1452857841 HTTP/1.1" 200 25714 "-" "WU-webcamURLingest 1.0"
66.249.66.191 - - [15/Jan/2016:11:37:22 +0000] "GET /wxdataday.php?vartype=hmean&year=2012 HTTP/1.1" 200 32569 "-" "Mozilla/5.0 (compatible; Googlebot/2.1; +http://www.google.com/bot.html)"
91.198.52.27 - - [15/Jan/2016:11:37:35 +0000] "GET /currcam.jpg HTTP/1.1" 200 25714 "http://www.geostik.com/" "Mozilla/5.0 (Windows NT 6.3; WOW64; Trident/7.0; rv:11.0) like Gecko"
66.249.66.128 - - [15/Jan/2016:11:37:51 +0000] "GET /wxhistmonth.php?month=2&year=2015 HTTP/1.1" 200 29114 "-" "Mozilla/5.0 (iPhone; CPU iPhone OS 8_3 like Mac OS X) AppleWebKit/600.1.4 (KHTML, like Gecko) Version/8.0 Mobile/12F70 Safari/600.1.4 (compatible; Googlebot/2.1; +http://www.google.com/bot.html)"
192.36.190.2 - - [15/Jan/2016:11:37:53 +0000] "GET /currcam_small.jpg?1452857833 HTTP/1.1" 200 4114 "http://nw3weather.co.uk/" "Mozilla/5.0 (Windows NT 6.1; Win64; x64) AppleWebKit/537.36 (KHTML, like Gecko) Chrome/47.0.2526.111 Safari/537.36"
188.222.242.255 - - [15/Jan/2016:11:37:55 +0000] "GET /currcam_small.jpg?1452740292 HTTP/1.1" 200 4114 "http://nw3weather.co.uk/" "Mozilla/5.0 (Windows NT 6.1; WOW64; rv:43.0) Gecko/20100101 Firefox/43.0"
86.182.52.216 - - [15/Jan/2016:11:38:05 +0000] "GET /currcam_small.jpg?1452857593 HTTP/1.0" 200 4113 "http://nw3weather.co.uk/" "Mozilla/5.0 (Windows NT 6.1; WOW64) AppleWebKit/537.36 (KHTML, like Gecko) Chrome/47.0.2526.106 Safari/537.36"
5.148.169.36 - - [15/Jan/2016:11:38:07 +0000] "GET /currcam.jpg HTTP/1.1" 200 25954 "-" "webcam-4insiders.com Picture Fetcher"
37.205.63.195 - - [15/Jan/2016:11:38:12 +0000] "GET /currcam.jpg?385669359980593821 HTTP/1.1" 200 25954 "-" "Mozilla/5.0 (Macintosh; Intel Mac OS X 10_9_5) AppleWebKit/537.36 (KHTML, like Gecko) Chrome/47.0.2526.111 Safari/537.36"
82.94.176.141 - - [15/Jan/2016:11:38:28 +0000] "GET /robots.txt HTTP/1.0" 301 242 "-" "Mozilla/4.0 (compatible;  Vagabondo/4.0; webcrawler at wise-guys dot nl; http://webagent.wise-guys.nl/)"
82.94.176.141 - - [15/Jan/2016:11:38:28 +0000] "GET / HTTP/1.0" 301 232 "http://www.lycos.co.uk/?query=amateur+webcam&page2=16&tab=web&dfi=.uk&searchArea=loc" "Mozilla/4.0 (compatible;  Vagabondo/4.0; webcrawler at wise-guys dot nl; http://webagent.wise-guys.nl/; http://www.wise-guys.nl/)"
188.39.39.50 - - [15/Jan/2016:11:38:31 +0000] "GET /mainGraph1.png?reqid=140120161612&currid=1452848411 HTTP/1.1" 200 6041 "http://nw3weather.co.uk/" "Mozilla/5.0 (Windows NT 6.1; WOW64; rv:43.0) Gecko/20100101 Firefox/43.0"
188.39.39.50 - - [15/Jan/2016:11:38:31 +0000] "GET /mainGraph2.png?reqid=140120161612&currid=1452848411 HTTP/1.1" 200 9380 "http://nw3weather.co.uk/" "Mozilla/5.0 (Windows NT 6.1; WOW64; rv:43.0) Gecko/20100101 Firefox/43.0"
188.39.39.50 - - [15/Jan/2016:11:38:33 +0000] "GET /currcam_small.jpg?1452848412 HTTP/1.1" 200 4113 "http://nw3weather.co.uk/" "Mozilla/5.0 (Windows NT 6.1; WOW64; rv:43.0) Gecko/20100101 Firefox/43.0"
192.36.190.2 - - [15/Jan/2016:11:38:53 +0000] "GET /currcam_small.jpg?1452857893 HTTP/1.1" 200 4113 "http://nw3weather.co.uk/" "Mozilla/5.0 (Windows NT 6.1; Win64; x64) AppleWebKit/537.36 (KHTML, like Gecko) Chrome/47.0.2526.111 Safari/537.36"
188.222.242.255 - - [15/Jan/2016:11:38:55 +0000] "GET /currcam_small.jpg?1452740351 HTTP/1.1" 200 4113 "http://nw3weather.co.uk/" "Mozilla/5.0 (Windows NT 6.1; WOW64; rv:43.0) Gecko/20100101 Firefox/43.0"
217.69.133.30 - - [15/Jan/2016:11:39:00 +0000] "GET /robots.txt HTTP/1.0" 200 49 "-" "Mozilla/5.0 (compatible; Linux x86_64; Mail.RU_Bot/2.0; +http://go.mail.ru/help/robots)"
37.205.63.195 - - [15/Jan/2016:11:39:02 +0000] "GET /currcam.jpg?83736662126 HTTP/1.1" 200 25954 "-" "Mozilla/5.0 (Macintosh; Intel Mac OS X 10_9_5) AppleWebKit/537.36 (KHTML, like Gecko) Chrome/47.0.2526.111 Safari/537.36"
37.205.63.195 - - [15/Jan/2016:11:39:02 +0000] "GET /currcam.jpg?83736130180 HTTP/1.1" 200 25954 "-" "Mozilla/5.0 (Macintosh; Intel Mac OS X 10_9_5) AppleWebKit/537.36 (KHTML, like Gecko) Chrome/47.0.2526.111 Safari/537.36"
37.205.63.195 - - [15/Jan/2016:11:39:02 +0000] "GET /currcam.jpg?83736196474 HTTP/1.1" 200 25954 "-" "Mozilla/5.0 (Macintosh; Intel Mac OS X 10_9_5) AppleWebKit/537.36 (KHTML, like Gecko) Chrome/47.0.2526.111 Safari/537.36"
37.205.63.195 - - [15/Jan/2016:11:39:02 +0000] "GET /currcam.jpg?83736429012 HTTP/1.1" 200 25954 "-" "Mozilla/5.0 (Macintosh; Intel Mac OS X 10_9_5) AppleWebKit/537.36 (KHTML, like Gecko) Chrome/47.0.2526.111 Safari/537.36"
37.205.63.195 - - [15/Jan/2016:11:39:02 +0000] "GET /currcam.jpg?83736939453 HTTP/1.1" 200 25954 "-" "Mozilla/5.0 (Macintosh; Intel Mac OS X 10_9_5) AppleWebKit/537.36 (KHTML, like Gecko) Chrome/47.0.2526.111 Safari/537.36"
37.205.63.195 - - [15/Jan/2016:11:39:02 +0000] "GET /currcam.jpg?83736457856 HTTP/1.1" 200 25954 "-" "Mozilla/5.0 (Macintosh; Intel Mac OS X 10_9_5) AppleWebKit/537.36 (KHTML, like Gecko) Chrome/47.0.2526.111 Safari/537.36"
37.205.63.195 - - [15/Jan/2016:11:39:02 +0000] "GET /currcam.jpg?83736388155 HTTP/1.1" 200 25954 "-" "Mozilla/5.0 (Macintosh; Intel Mac OS X 10_9_5) AppleWebKit/537.36 (KHTML, like Gecko) Chrome/47.0.2526.111 Safari/537.36"
37.205.63.195 - - [15/Jan/2016:11:39:02 +0000] "GET /currcam.jpg?83736525930 HTTP/1.1" 200 25954 "-" "Mozilla/5.0 (Macintosh; Intel Mac OS X 10_9_5) AppleWebKit/537.36 (KHTML, like Gecko) Chrome/47.0.2526.111 Safari/537.36"
37.205.63.195 - - [15/Jan/2016:11:39:02 +0000] "GET /currcam.jpg?83736528812 HTTP/1.1" 200 25954 "-" "Mozilla/5.0 (Macintosh; Intel Mac OS X 10_9_5) AppleWebKit/537.36 (KHTML, like Gecko) Chrome/47.0.2526.111 Safari/537.36"
37.205.63.195 - - [15/Jan/2016:11:39:02 +0000] "GET /currcam.jpg?83736563634 HTTP/1.1" 200 25954 "-" "Mozilla/5.0 (Macintosh; Intel Mac OS X 10_9_5) AppleWebKit/537.36 (KHTML, like Gecko) Chrome/47.0.2526.111 Safari/537.36"
