2.102.211.240 - - [15/Jan/2016:11:55:35 +0000] "GET /currcam_small.jpg?1452855074 HTTP/1.1" 200 4151 "http://nw3weather.co.uk/" "Mozilla/5.0 (Windows NT 10.0; Win64; x64) AppleWebKit/537.36 (KHTML, like Gecko) Chrome/46.0.2486.0 Safari/537.36 Edge/13.10586"
37.205.63.195 - - [15/Jan/2016:11:55:44 +0000] "GET /currcam.jpg?256396215530593821 HTTP/1.1" 200 26284 "-" "Mozilla/5.0 (Macintosh; Intel Mac OS X 10_9_5) AppleWebKit/537.36 (KHTML, like Gecko) Chrome/47.0.2526.111 Safari/537.36"
86.182.52.216 - - [15/Jan/2016:11:55:50 +0000] "GET /ajax/wx-body.php?_=1452858951946 HTTP/1.0" 200 4421 "http://nw3weather.co.uk/" "Mozilla/5.0 (Windows NT 6.1; WOW64) AppleWebKit/537.36 (KHTML, like Gecko) Chrome/47.0.2526.106 Safari/537.36"
192.36.190.2 - - [15/Jan/2016:11:55:52 +0000] "GET /mainGraph2.png?reqid=150120160830&currid=1452858911 HTTP/1.1" 200 9372 "http://nw3weather.co.uk/" "Mozilla/5.0 (Windows NT 6.1; Win64; x64) AppleWebKit/537.36 (KHTML, like Gecko) Chrome/47.0.2526.111 Safari/537.36"
192.36.190.2 - - [15/Jan/2016:11:55:52 +0000] "GET /mainGraph1.png?reqid=150120160830&currid=1452858911 HTTP/1.1" 200 5937 "http://nw3weather.co.uk/" "Mozilla/5.0 (Windows NT 6.1; Win64; x64) AppleWebKit/537.36 (KHTML, like Gecko) Chrome/47.0.2526.111 Safari/537.36"
192.36.190.2 - - [15/Jan/2016:11:55:53 +0000] "GET /currcam_small.jpg?1452858912 HTTP/1.1" 200 4151 "http://nw3weather.co.uk/" "Mozilla/5.0 (Windows NT 6.1; Win64; x64) AppleWebKit/537.36 (KHTML, like Gecko) Chrome/47.0.2526.111 Safari/537.36"
86.182.52.216 - - [15/Jan/2016:11:56:11 +0000] "GET /ajax/wx-body.php?_=1452858972946 HTTP/1.0" 200 4427 "http://nw3weather.co.uk/" "Mozilla/5.0 (Windows NT 6.1; WOW64) AppleWebKit/537.36 (KHTML, like Gecko) Chrome/47.0.2526.106 Safari/537.36"
188.222.242.255 - - [15/Jan/2016:11:56:12 +0000] "GET /currcam_small.jpg?1452741373 HTTP/1.1" 200 4146 "http://nw3weather.co.uk/" "Mozilla/5.0 (Windows NT 6.1; WOW64; rv:43.0) Gecko/20100101 Firefox/43.0"
2.102.211.240 - - [15/Jan/2016:11:56:17 +0000] "GET /currcam_small.jpg?1452819911 HTTP/1.1" 200 4146 "http://nw3weather.co.uk/" "Mozilla/5.0 (Windows NT 10.0; Win64; x64) AppleWebKit/537.36 (KHTML, like Gecko) Chrome/46.0.2486.0 Safari/537.36 Edge/13.10586"
2.102.211.240 - - [15/Jan/2016:11:56:17 +0000] "GET /mainGraph1.png?reqid=140120162202&currid=1452819911 HTTP/1.1" 200 5937 "http://nw3weather.co.uk/" "Mozilla/5.0 (Windows NT 10.0; Win64; x64) AppleWebKit/537.36 (KHTML, like Gecko) Chrome/46.0.2486.0 Safari/537.36 Edge/13.10586"
2.102.211.240 - - [15/Jan/2016:11:56:17 +0000] "GET /mainGraph2.png?reqid=140120162202&currid=1452819911 HTTP/1.1" 200 9372 "http://nw3weather.co.uk/" "Mozilla/5.0 (Windows NT 10.0; Win64; x64) AppleWebKit/537.36 (KHTML, like Gecko) Chrome/46.0.2486.0 Safari/537.36 Edge/13.10586"
2.102.211.240 - - [15/Jan/2016:11:56:21 +0000] "GET /currcam_small.jpg?1452819915 HTTP/1.1" 200 4146 "http://nw3weather.co.uk/" "Mozilla/5.0 (Windows NT 10.0; Win64; x64) AppleWebKit/537.36 (KHTML, like Gecko) Chrome/46.0.2486.0 Safari/537.36 Edge/13.10586"
188.39.39.50 - - [15/Jan/2016:11:56:22 +0000] "GET /mainGraph1.png?reqid=140120161612&currid=1452849311 HTTP/1.1" 200 5937 "http://nw3weather.co.uk/" "Mozilla/5.0 (Windows NT 6.1; WOW64; rv:43.0) Gecko/20100101 Firefox/43.0"
188.39.39.50 - - [15/Jan/2016:11:56:22 +0000] "GET /mainGraph2.png?reqid=140120161612&currid=1452849311 HTTP/1.1" 200 9372 "http://nw3weather.co.uk/" "Mozilla/5.0 (Windows NT 6.1; WOW64; rv:43.0) Gecko/20100101 Firefox/43.0"
86.182.52.216 - - [15/Jan/2016:11:56:25 +0000] "GET /currcam_small.jpg?1452858671 HTTP/1.0" 200 4146 "http://nw3weather.co.uk/" "Mozilla/5.0 (Windows NT 6.1; WOW64) AppleWebKit/537.36 (KHTML, like Gecko) Chrome/47.0.2526.106 Safari/537.36"
188.39.39.50 - - [15/Jan/2016:11:56:26 +0000] "GET /currcam_small.jpg?1452849314 HTTP/1.1" 200 4146 "http://nw3weather.co.uk/" "Mozilla/5.0 (Windows NT 6.1; WOW64; rv:43.0) Gecko/20100101 Firefox/43.0"
86.182.52.216 - - [15/Jan/2016:11:56:31 +0000] "GET /ajax/wx-body.php?_=1452858992947 HTTP/1.0" 200 4427 "http://nw3weather.co.uk/" "Mozilla/5.0 (Windows NT 6.1; WOW64) AppleWebKit/537.36 (KHTML, like Gecko) Chrome/47.0.2526.106 Safari/537.36"
2.102.211.240 - - [15/Jan/2016:11:56:36 +0000] "GET /currcam_small.jpg?1452855132 HTTP/1.1" 200 4146 "http://nw3weather.co.uk/" "Mozilla/5.0 (Windows NT 10.0; Win64; x64) AppleWebKit/537.36 (KHTML, like Gecko) Chrome/46.0.2486.0 Safari/537.36 Edge/13.10586"
80.196.236.177 - - [15/Jan/2016:11:56:51 +0000] "GET /wx2.php HTTP/1.1" 200 12177 "-" "Mozilla/5.0 (Windows NT 6.1; Trident/7.0; rv:11.0) like Gecko"
80.196.236.177 - - [15/Jan/2016:11:56:52 +0000] "GET /currcam.jpg HTTP/1.1" 200 26244 "http://nw3weather.co.uk/wx2.php" "Mozilla/5.0 (Windows NT 6.1; Trident/7.0; rv:11.0) like Gecko"
80.196.236.177 - - [15/Jan/2016:11:56:52 +0000] "GET /currgcam.jpg HTTP/1.1" 200 41534 "http://nw3weather.co.uk/wx2.php" "Mozilla/5.0 (Windows NT 6.1; Trident/7.0; rv:11.0) like Gecko"
80.196.236.177 - - [15/Jan/2016:11:56:52 +0000] "GET /dailywebcam.jpg HTTP/1.1" 200 97463 "http://nw3weather.co.uk/wx2.php" "Mozilla/5.0 (Windows NT 6.1; Trident/7.0; rv:11.0) like Gecko"
86.182.52.216 - - [15/Jan/2016:11:56:52 +0000] "GET /ajax/wx-body.php?_=1452859013946 HTTP/1.0" 200 4427 "http://nw3weather.co.uk/" "Mozilla/5.0 (Windows NT 6.1; WOW64) AppleWebKit/537.36 (KHTML, like Gecko) Chrome/47.0.2526.106 Safari/537.36"
192.36.190.2 - - [15/Jan/2016:11:56:53 +0000] "GET /currcam_small.jpg?1452858972 HTTP/1.1" 200 4146 "http://nw3weather.co.uk/" "Mozilla/5.0 (Windows NT 6.1; Win64; x64) AppleWebKit/537.36 (KHTML, like Gecko) Chrome/47.0.2526.111 Safari/537.36"
82.94.176.141 - - [15/Jan/2016:11:56:55 +0000] "GET /wx13.php HTTP/1.0" 301 240 "http://www.nw3weather.co.uk/Beaufort%20Scale.php" "Mozilla/4.0 (compatible;  Vagabondo/4.0; webcrawler at wise-guys dot nl; http://webagent.wise-guys.nl/; http://www.wise-guys.nl/)"
54.191.43.92 - - [15/Jan/2016:11:56:56 +0000] "GET /currcam.jpg?t=1452859016 HTTP/1.1" 200 26244 "-" "WU-webcamURLingest 1.0"
37.205.63.195 - - [15/Jan/2016:11:56:59 +0000] "GET /currcam.jpg?256396252691593821 HTTP/1.1" 200 26244 "-" "Mozilla/5.0 (Macintosh; Intel Mac OS X 10_9_5) AppleWebKit/537.36 (KHTML, like Gecko) Chrome/47.0.2526.111 Safari/537.36"
188.222.242.255 - - [15/Jan/2016:11:57:12 +0000] "GET /currcam_small.jpg?1452741433 HTTP/1.1" 200 4185 "http://nw3weather.co.uk/" "Mozilla/5.0 (Windows NT 6.1; WOW64; rv:43.0) Gecko/20100101 Firefox/43.0"
2.102.211.240 - - [15/Jan/2016:11:57:21 +0000] "GET /currcam_small.jpg?1452819975 HTTP/1.1" 200 4185 "http://nw3weather.co.uk/" "Mozilla/5.0 (Windows NT 10.0; Win64; x64) AppleWebKit/537.36 (KHTML, like Gecko) Chrome/46.0.2486.0 Safari/537.36 Edge/13.10586"
86.182.52.216 - - [15/Jan/2016:11:57:30 +0000] "GET /currcam_small.jpg?1452858734 HTTP/1.0" 200 4185 "http://nw3weather.co.uk/" "Mozilla/5.0 (Windows NT 6.1; WOW64) AppleWebKit/537.36 (KHTML, like Gecko) Chrome/47.0.2526.106 Safari/537.36"
2.102.211.240 - - [15/Jan/2016:11:57:36 +0000] "GET /currcam_small.jpg?1452855192 HTTP/1.1" 200 4185 "http://nw3weather.co.uk/" "Mozilla/5.0 (Windows NT 10.0; Win64; x64) AppleWebKit/537.36 (KHTML, like Gecko) Chrome/46.0.2486.0 Safari/537.36 Edge/13.10586"
188.39.39.50 - - [15/Jan/2016:11:57:37 +0000] "GET /currcam_small.jpg?1452849374 HTTP/1.1" 200 4185 "http://nw3weather.co.uk/" "Mozilla/5.0 (Windows NT 6.1; WOW64; rv:43.0) Gecko/20100101 Firefox/43.0"
38.102.136.219 - - [15/Jan/2016:11:57:49 +0000] "GET /currcam.jpg?t=1452859058 HTTP/1.1" 200 26393 "-" "WU-webcamURLingest 1.0"
192.36.190.2 - - [15/Jan/2016:11:57:53 +0000] "GET /currcam_small.jpg?1452859032 HTTP/1.1" 200 4185 "http://nw3weather.co.uk/" "Mozilla/5.0 (Windows NT 6.1; Win64; x64) AppleWebKit/537.36 (KHTML, like Gecko) Chrome/47.0.2526.111 Safari/537.36"
5.148.169.36 - - [15/Jan/2016:11:58:07 +0000] "GET /currcam.jpg HTTP/1.1" 200 26167 "-" "webcam-4insiders.com Picture Fetcher"
188.222.242.255 - - [15/Jan/2016:11:58:12 +0000] "GET /currcam_small.jpg?1452741492 HTTP/1.1" 200 4139 "http://nw3weather.co.uk/" "Mozilla/5.0 (Windows NT 6.1; WOW64; rv:43.0) Gecko/20100101 Firefox/43.0"
37.205.63.195 - - [15/Jan/2016:11:58:14 +0000] "GET /currcam.jpg?256396979718593821 HTTP/1.1" 200 26167 "-" "Mozilla/5.0 (Macintosh; Intel Mac OS X 10_9_5) AppleWebKit/537.36 (KHTML, like Gecko) Chrome/47.0.2526.111 Safari/537.36"
2.102.211.240 - - [15/Jan/2016:11:58:21 +0000] "GET /currcam_small.jpg?1452820035 HTTP/1.1" 200 4139 "http://nw3weather.co.uk/" "Mozilla/5.0 (Windows NT 10.0; Win64; x64) AppleWebKit/537.36 (KHTML, like Gecko) Chrome/46.0.2486.0 Safari/537.36 Edge/13.10586"
82.94.176.141 - - [15/Jan/2016:11:58:22 +0000] "GET /wxhistday.php?month=03&year=2013 HTTP/1.0" 301 268 "http://www.nw3weather.co.uk/wxhistmonth.php?year=2013&month=03" "Mozilla/4.0 (compatible;  Vagabondo/4.0; webcrawler at wise-guys dot nl; http://webagent.wise-guys.nl/; http://www.wise-guys.nl/)"
86.182.52.216 - - [15/Jan/2016:11:58:30 +0000] "GET /currcam_small.jpg?1452858794 HTTP/1.0" 200 4139 "http://nw3weather.co.uk/" "Mozilla/5.0 (Windows NT 6.1; WOW64) AppleWebKit/537.36 (KHTML, like Gecko) Chrome/47.0.2526.106 Safari/537.36"
2.102.211.240 - - [15/Jan/2016:11:58:38 +0000] "GET /currcam_small.jpg?1452855251 HTTP/1.1" 200 4139 "http://nw3weather.co.uk/" "Mozilla/5.0 (Windows NT 10.0; Win64; x64) AppleWebKit/537.36 (KHTML, like Gecko) Chrome/46.0.2486.0 Safari/537.36 Edge/13.10586"
188.39.39.50 - - [15/Jan/2016:11:58:48 +0000] "GET /currcam_small.jpg?1452849435 HTTP/1.1" 200 4139 "http://nw3weather.co.uk/" "Mozilla/5.0 (Windows NT 6.1; WOW64; rv:43.0) Gecko/20100101 Firefox/43.0"
54.191.43.92 - - [15/Jan/2016:11:58:52 +0000] "GET /currcam.jpg?t=1452859132 HTTP/1.1" 200 26167 "-" "WU-webcamURLingest 1.0"
192.36.190.2 - - [15/Jan/2016:11:58:53 +0000] "GET /currcam_small.jpg?1452859092 HTTP/1.1" 200 4139 "http://nw3weather.co.uk/" "Mozilla/5.0 (Windows NT 6.1; Win64; x64) AppleWebKit/537.36 (KHTML, like Gecko) Chrome/47.0.2526.111 Safari/537.36"
188.222.242.255 - - [15/Jan/2016:11:59:12 +0000] "GET /currcam_small.jpg?1452741551 HTTP/1.1" 200 4143 "http://nw3weather.co.uk/" "Mozilla/5.0 (Windows NT 6.1; WOW64; rv:43.0) Gecko/20100101 Firefox/43.0"
2.102.211.240 - - [15/Jan/2016:11:59:21 +0000] "GET /currcam_small.jpg?1452820093 HTTP/1.1" 200 4143 "http://nw3weather.co.uk/" "Mozilla/5.0 (Windows NT 10.0; Win64; x64) AppleWebKit/537.36 (KHTML, like Gecko) Chrome/46.0.2486.0 Safari/537.36 Edge/13.10586"
37.205.63.195 - - [15/Jan/2016:11:59:29 +0000] "GET /currcam.jpg?256396165280593821 HTTP/1.1" 200 26157 "-" "Mozilla/5.0 (Macintosh; Intel Mac OS X 10_9_5) AppleWebKit/537.36 (KHTML, like Gecko) Chrome/47.0.2526.111 Safari/537.36"
86.182.52.216 - - [15/Jan/2016:11:59:30 +0000] "GET /currcam_small.jpg?1452858854 HTTP/1.0" 200 4143 "http://nw3weather.co.uk/" "Mozilla/5.0 (Windows NT 6.1; WOW64) AppleWebKit/537.36 (KHTML, like Gecko) Chrome/47.0.2526.106 Safari/537.36"
68.180.230.107 - - [15/Jan/2016:11:59:35 +0000] "GET /wxhistday.php?day=1&month=11&year=2015 HTTP/1.1" 200 30621 "-" "Mozilla/5.0 (compatible; Yahoo! Slurp; http://help.yahoo.com/help/us/ysearch/slurp)"
2.102.211.240 - - [15/Jan/2016:11:59:36 +0000] "GET /mainGraph2.png?reqid=150120160954&currid=1452855311 HTTP/1.1" 200 9372 "http://nw3weather.co.uk/" "Mozilla/5.0 (Windows NT 10.0; Win64; x64) AppleWebKit/537.36 (KHTML, like Gecko) Chrome/46.0.2486.0 Safari/537.36 Edge/13.10586"
2.102.211.240 - - [15/Jan/2016:11:59:36 +0000] "GET /mainGraph1.png?reqid=150120160954&currid=1452855311 HTTP/1.1" 200 5937 "http://nw3weather.co.uk/" "Mozilla/5.0 (Windows NT 10.0; Win64; x64) AppleWebKit/537.36 (KHTML, like Gecko) Chrome/46.0.2486.0 Safari/537.36 Edge/13.10586"
2.102.211.240 - - [15/Jan/2016:11:59:36 +0000] "GET /currcam_small.jpg?1452855311 HTTP/1.1" 200 4143 "http://nw3weather.co.uk/" "Mozilla/5.0 (Windows NT 10.0; Win64; x64) AppleWebKit/537.36 (KHTML, like Gecko) Chrome/46.0.2486.0 Safari/537.36 Edge/13.10586"
82.94.176.141 - - [15/Jan/2016:11:59:47 +0000] "GET /wxhistday.php?year=2012&month=02 HTTP/1.0" 301 268 "http://www.nw3weather.co.uk/wxhistday.php?year=2012&month=01" "Mozilla/4.0 (compatible;  Vagabondo/4.0; webcrawler at wise-guys dot nl; http://webagent.wise-guys.nl/; http://www.wise-guys.nl/)"
192.36.190.2 - - [15/Jan/2016:11:59:53 +0000] "GET /currcam_small.jpg?1452859152 HTTP/1.1" 200 4143 "http://nw3weather.co.uk/" "Mozilla/5.0 (Windows NT 6.1; Win64; x64) AppleWebKit/537.36 (KHTML, like Gecko) Chrome/47.0.2526.111 Safari/537.36"
